Archive member included because of file (symbol)

obj_redbee-dev/board.a(tests.o)
                              obj_redbee-dev/asm.o (print_welcome)
../lib/libmc1322x.a(printf.o)
                              obj_redbee-dev/asm.o (printf)
../lib/libmc1322x.a(uart1.o)  ../lib/libmc1322x.a(printf.o) (uart1_putc)
../src/src.a(default_lowlevel.o)
                              obj_redbee-dev/asm.o (default_vreg_init)
../src/src.a(start.o)         (_start)
../src/src.a(isr.o)           ../src/src.a(start.o) (irq)
/usr/local/xtools/arm-none-eabi/bin/../lib/gcc/arm-none-eabi/4.3.2/libgcc.a(_udivsi3.o)
                              ../lib/libmc1322x.a(printf.o) (__aeabi_uidiv)
/usr/local/xtools/arm-none-eabi/bin/../lib/gcc/arm-none-eabi/4.3.2/libgcc.a(_dvmd_tls.o)
                              /usr/local/xtools/arm-none-eabi/bin/../lib/gcc/arm-none-eabi/4.3.2/libgcc.a(_udivsi3.o) (__aeabi_idiv0)
/usr/local/xtools/arm-none-eabi/bin/../lib/gcc/arm-none-eabi/4.3.2/../../../../arm-none-eabi/lib/libc.a(lib_a-strlen.o)
                              ../lib/libmc1322x.a(printf.o) (strlen)

Memory Configuration

Name             Origin             Length             Attributes
ram              0x00400000         0x00018000         xrw
*default*        0x00000000         0xffffffff

Linker script and memory map

START GROUP
LOAD obj_redbee-dev/asm.o
LOAD obj_redbee-dev/board.a
LOAD ../lib/libmc1322x.a
LOAD ../src/src.a
LOAD /usr/local/xtools/arm-none-eabi/bin/../lib/gcc/arm-none-eabi/4.3.2/../../../../arm-none-eabi/lib/libm.a
END GROUP
START GROUP
LOAD /usr/local/xtools/arm-none-eabi/bin/../lib/gcc/arm-none-eabi/4.3.2/libgcc.a
LOAD /usr/local/xtools/arm-none-eabi/bin/../lib/gcc/arm-none-eabi/4.3.2/../../../../arm-none-eabi/lib/libc.a
END GROUP
                0x00000400                SYS_STACK_SIZE = 0x400
                0x00000100                IRQ_STACK_SIZE = 0x100
                0x00000100                FIQ_STACK_SIZE = 0x100
                0x00000100                SVC_STACK_SIZE = 0x100
                0x00000010                ABT_STACK_SIZE = 0x10
                0x00000010                UND_STACK_SIZE = 0x10
                0x00000400                HEAP_SIZE = 0x400
                0x00400000                PROVIDE (__executable_start, 0x400000)
                0x00400000                . = 0x400000

.text           0x00400000     0x1678
 *(.start)
 .start         0x00400000      0x800 ../src/src.a(start.o)
                0x00400090                _bss_start
                0x00400094                _bss_end
                0x00400000                _start
 *(.irq)
 .irq           0x00400800      0x1dc ../src/src.a(isr.o)
                0x00400800                irq
 *(.text .stub .text.* .gnu.linkonce.t.*)
 .text          0x004009dc        0x0 obj_redbee-dev/asm.o
 .text.main     0x004009dc      0x2e0 obj_redbee-dev/asm.o
                0x004009e4                .real_start_ofmain
                0x004009dc                main
 .text.asm_isr  0x00400cbc       0x38 obj_redbee-dev/asm.o
                0x00400cc4                .real_start_ofasm_isr
                0x00400cbc                asm_isr
 .text          0x00400cf4        0x0 obj_redbee-dev/board.a(tests.o)
 .text.dump_regs
                0x00400cf4       0x84 obj_redbee-dev/board.a(tests.o)
                0x00400cfc                .real_start_ofdump_regs
                0x00400cf4                dump_regs
 .text.print_packet
                0x00400d78       0xd4 obj_redbee-dev/board.a(tests.o)
                0x00400d80                .real_start_ofprint_packet
                0x00400d78                print_packet
 .text.print_welcome
                0x00400e4c       0x38 obj_redbee-dev/board.a(tests.o)
                0x00400e4c                print_welcome
                0x00400e54                .real_start_ofprint_welcome
 .text          0x00400e84        0x0 ../lib/libmc1322x.a(printf.o)
 .text.__print_char
                0x00400e84       0x60 ../lib/libmc1322x.a(printf.o)
 .text.__print_str
                0x00400ee4       0xf4 ../lib/libmc1322x.a(printf.o)
 .text.__print_int
                0x00400fd8       0xdc ../lib/libmc1322x.a(printf.o)
 .text.__print_fmt
                0x004010b4      0x1bc ../lib/libmc1322x.a(printf.o)
 .text.printf   0x00401270       0x30 ../lib/libmc1322x.a(printf.o)
                0x00401270                printf
                0x00401278                .real_start_ofprintf
 .text.sprintf  0x004012a0       0x3c ../lib/libmc1322x.a(printf.o)
                0x004012a8                .real_start_ofsprintf
                0x004012a0                sprintf
 .text          0x004012dc        0x0 ../lib/libmc1322x.a(uart1.o)
 .text.uart1_isr
                0x004012dc       0x54 ../lib/libmc1322x.a(uart1.o)
                0x004012dc                uart1_isr
                0x004012e4                .real_start_ofuart1_isr
 .text.uart1_putc
                0x00401330       0x78 ../lib/libmc1322x.a(uart1.o)
                0x00401338                .real_start_ofuart1_putc
                0x00401330                uart1_putc
 .text.uart1_getc
                0x004013a8       0x28 ../lib/libmc1322x.a(uart1.o)
                0x004013a8                uart1_getc
                0x004013b0                .real_start_ofuart1_getc
 .text          0x004013d0        0x0 ../src/src.a(default_lowlevel.o)
 .text.default_vreg_init
                0x004013d0       0x4c ../src/src.a(default_lowlevel.o)
                0x004013d8                .real_start_ofdefault_vreg_init
                0x004013d0                default_vreg_init
 .text.uart1_init
                0x0040141c       0x98 ../src/src.a(default_lowlevel.o)
                0x0040141c                uart1_init
                0x00401424                .real_start_ofuart1_init
 .text          0x004014b4        0x0 ../src/src.a(start.o)
 .text          0x004014b4        0x0 ../src/src.a(isr.o)
 .text.irq_register_timer_handler
                0x004014b4       0x10 ../src/src.a(isr.o)
                0x004014b4                irq_register_timer_handler
 .text          0x004014c4      0x114 /usr/local/xtools/arm-none-eabi/bin/../lib/gcc/arm-none-eabi/4.3.2/libgcc.a(_udivsi3.o)
                0x004014c4                __udivsi3
                0x004014c4                __aeabi_uidiv
                0x004015b8                __aeabi_uidivmod
 .text          0x004015d8        0x4 /usr/local/xtools/arm-none-eabi/bin/../lib/gcc/arm-none-eabi/4.3.2/libgcc.a(_dvmd_tls.o)
                0x004015d8                __aeabi_ldiv0
                0x004015d8                __aeabi_idiv0
 .text          0x004015dc       0x9c /usr/local/xtools/arm-none-eabi/bin/../lib/gcc/arm-none-eabi/4.3.2/../../../../arm-none-eabi/lib/libc.a(lib_a-strlen.o)
                0x004015dc                strlen
 *(.gnu.warning)
 *(.glue_7t)
 .glue_7t       0x00401678        0x0 obj_redbee-dev/asm.o
 .glue_7t       0x00401678        0x0 obj_redbee-dev/board.a(tests.o)
 .glue_7t       0x00401678        0x0 ../lib/libmc1322x.a(printf.o)
 .glue_7t       0x00401678        0x0 ../lib/libmc1322x.a(uart1.o)
 .glue_7t       0x00401678        0x0 ../src/src.a(default_lowlevel.o)
 .glue_7t       0x00401678        0x0 ../src/src.a(start.o)
 .glue_7t       0x00401678        0x0 ../src/src.a(isr.o)
 .glue_7t       0x00401678        0x0 /usr/local/xtools/arm-none-eabi/bin/../lib/gcc/arm-none-eabi/4.3.2/libgcc.a(_udivsi3.o)
 .glue_7t       0x00401678        0x0 /usr/local/xtools/arm-none-eabi/bin/../lib/gcc/arm-none-eabi/4.3.2/libgcc.a(_dvmd_tls.o)
 .glue_7t       0x00401678        0x0 /usr/local/xtools/arm-none-eabi/bin/../lib/gcc/arm-none-eabi/4.3.2/../../../../arm-none-eabi/lib/libc.a(lib_a-strlen.o)
 *(.glue_7)
 .glue_7        0x00401678        0x0 obj_redbee-dev/asm.o
 .glue_7        0x00401678        0x0 obj_redbee-dev/board.a(tests.o)
 .glue_7        0x00401678        0x0 ../lib/libmc1322x.a(printf.o)
 .glue_7        0x00401678        0x0 ../lib/libmc1322x.a(uart1.o)
 .glue_7        0x00401678        0x0 ../src/src.a(default_lowlevel.o)
 .glue_7        0x00401678        0x0 ../src/src.a(start.o)
 .glue_7        0x00401678        0x0 ../src/src.a(isr.o)
 .glue_7        0x00401678        0x0 /usr/local/xtools/arm-none-eabi/bin/../lib/gcc/arm-none-eabi/4.3.2/libgcc.a(_udivsi3.o)
 .glue_7        0x00401678        0x0 /usr/local/xtools/arm-none-eabi/bin/../lib/gcc/arm-none-eabi/4.3.2/libgcc.a(_dvmd_tls.o)
 .glue_7        0x00401678        0x0 /usr/local/xtools/arm-none-eabi/bin/../lib/gcc/arm-none-eabi/4.3.2/../../../../arm-none-eabi/lib/libc.a(lib_a-strlen.o)
 *(.vfp11_veneer)
 .vfp11_veneer  0x00401678        0x0 obj_redbee-dev/asm.o
 .vfp11_veneer  0x00401678        0x0 obj_redbee-dev/board.a(tests.o)
 .vfp11_veneer  0x00401678        0x0 ../lib/libmc1322x.a(printf.o)
 .vfp11_veneer  0x00401678        0x0 ../lib/libmc1322x.a(uart1.o)
 .vfp11_veneer  0x00401678        0x0 ../src/src.a(default_lowlevel.o)
 .vfp11_veneer  0x00401678        0x0 ../src/src.a(start.o)
 .vfp11_veneer  0x00401678        0x0 ../src/src.a(isr.o)
 .vfp11_veneer  0x00401678        0x0 /usr/local/xtools/arm-none-eabi/bin/../lib/gcc/arm-none-eabi/4.3.2/libgcc.a(_udivsi3.o)
 .vfp11_veneer  0x00401678        0x0 /usr/local/xtools/arm-none-eabi/bin/../lib/gcc/arm-none-eabi/4.3.2/libgcc.a(_dvmd_tls.o)
 .vfp11_veneer  0x00401678        0x0 /usr/local/xtools/arm-none-eabi/bin/../lib/gcc/arm-none-eabi/4.3.2/../../../../arm-none-eabi/lib/libc.a(lib_a-strlen.o)
 *(.v4_bx)
 .v4_bx         0x00401678        0x0 obj_redbee-dev/asm.o
 .v4_bx         0x00401678        0x0 obj_redbee-dev/board.a(tests.o)
 .v4_bx         0x00401678        0x0 ../lib/libmc1322x.a(printf.o)
 .v4_bx         0x00401678        0x0 ../lib/libmc1322x.a(uart1.o)
 .v4_bx         0x00401678        0x0 ../src/src.a(default_lowlevel.o)
 .v4_bx         0x00401678        0x0 ../src/src.a(start.o)
 .v4_bx         0x00401678        0x0 ../src/src.a(isr.o)
 .v4_bx         0x00401678        0x0 /usr/local/xtools/arm-none-eabi/bin/../lib/gcc/arm-none-eabi/4.3.2/libgcc.a(_udivsi3.o)
 .v4_bx         0x00401678        0x0 /usr/local/xtools/arm-none-eabi/bin/../lib/gcc/arm-none-eabi/4.3.2/libgcc.a(_dvmd_tls.o)
 .v4_bx         0x00401678        0x0 /usr/local/xtools/arm-none-eabi/bin/../lib/gcc/arm-none-eabi/4.3.2/../../../../arm-none-eabi/lib/libc.a(lib_a-strlen.o)

.janus_2cc_veneer
                0x00401678        0x0
 .janus_2cc_veneer
                0x00401678        0x0 obj_redbee-dev/asm.o
 .janus_2cc_veneer
                0x00401678        0x0 obj_redbee-dev/board.a(tests.o)
 .janus_2cc_veneer
                0x00401678        0x0 ../lib/libmc1322x.a(printf.o)
 .janus_2cc_veneer
                0x00401678        0x0 ../lib/libmc1322x.a(uart1.o)
 .janus_2cc_veneer
                0x00401678        0x0 ../src/src.a(default_lowlevel.o)
 .janus_2cc_veneer
                0x00401678        0x0 ../src/src.a(start.o)
 .janus_2cc_veneer
                0x00401678        0x0 ../src/src.a(isr.o)
 .janus_2cc_veneer
                0x00401678        0x0 /usr/local/xtools/arm-none-eabi/bin/../lib/gcc/arm-none-eabi/4.3.2/libgcc.a(_udivsi3.o)
 .janus_2cc_veneer
                0x00401678        0x0 /usr/local/xtools/arm-none-eabi/bin/../lib/gcc/arm-none-eabi/4.3.2/libgcc.a(_dvmd_tls.o)
 .janus_2cc_veneer
                0x00401678        0x0 /usr/local/xtools/arm-none-eabi/bin/../lib/gcc/arm-none-eabi/4.3.2/../../../../arm-none-eabi/lib/libc.a(lib_a-strlen.o)

.interp
 *(.interp)

.note.gnu.build-id
 *(.note.gnu.build-id)

.hash
 *(.hash)

.gnu.hash
 *(.gnu.hash)

.dynsym
 *(.dynsym)

.dynstr
 *(.dynstr)

.gnu.version
 *(.gnu.version)

.gnu.version_d
 *(.gnu.version_d)

.gnu.version_r
 *(.gnu.version_r)

.rel.dyn
 *(.rel.init)
 *(.rel.text .rel.text.* .rel.gnu.linkonce.t.*)
 *(.rel.fini)
 *(.rel.rodata .rel.rodata.* .rel.gnu.linkonce.r.*)
 *(.rel.data.rel.ro* .rel.gnu.linkonce.d.rel.ro.*)
 *(.rel.data .rel.data.* .rel.gnu.linkonce.d.*)
 *(.rel.tdata .rel.tdata.* .rel.gnu.linkonce.td.*)
 *(.rel.tbss .rel.tbss.* .rel.gnu.linkonce.tb.*)
 *(.rel.ctors)
 *(.rel.dtors)
 *(.rel.got)
 *(.rel.bss .rel.bss.* .rel.gnu.linkonce.b.*)

.rela.dyn
 *(.rela.init)
 *(.rela.text .rela.text.* .rela.gnu.linkonce.t.*)
 *(.rela.fini)
 *(.rela.rodata .rela.rodata.* .rela.gnu.linkonce.r.*)
 *(.rela.data .rela.data.* .rela.gnu.linkonce.d.*)
 *(.rela.tdata .rela.tdata.* .rela.gnu.linkonce.td.*)
 *(.rela.tbss .rela.tbss.* .rela.gnu.linkonce.tb.*)
 *(.rela.ctors)
 *(.rela.dtors)
 *(.rela.got)
 *(.rela.bss .rela.bss.* .rela.gnu.linkonce.b.*)

.rel.plt
 *(.rel.plt)

.rela.plt
 *(.rela.plt)

.init
 *(.init)

.plt
 *(.plt)

.fini
 *(.fini)
                0x00401678                PROVIDE (__etext, .)
                0x00401678                PROVIDE (_etext, .)
                0x00401678                PROVIDE (etext, .)

.rodata         0x00401678      0x29a
 *(.rodata .rodata.* .gnu.linkonce.r.*)
 .rodata.str1.1
                0x00401678      0x1db obj_redbee-dev/asm.o
 .rodata.str1.1
                0x00401853       0xb8 obj_redbee-dev/board.a(tests.o)
                                 0xbb (size before relaxing)
 .rodata.str1.1
                0x0040190b        0x7 ../lib/libmc1322x.a(printf.o)

.rodata1
 *(.rodata1)

.eh_frame_hdr
 *(.eh_frame_hdr)

.eh_frame
 *(.eh_frame)

.gcc_except_table
 *(.gcc_except_table .gcc_except_table.*)
                0x00401914                . = ALIGN (0x4)
                0x00401914                . = (0x4 DATA_SEGMENT_ALIGN 0x4)

.eh_frame
 *(.eh_frame)

.gcc_except_table
 *(.gcc_except_table .gcc_except_table.*)

.tdata
 *(.tdata .tdata.* .gnu.linkonce.td.*)

.tbss
 *(.tbss .tbss.* .gnu.linkonce.tb.*)
 *(.tcommon)

.preinit_array  0x00401914        0x0
                0x00401914                PROVIDE (__preinit_array_start, .)
 *(.preinit_array)
                0x00401914                PROVIDE (__preinit_array_end, .)

.init_array     0x00401914        0x0
                0x00401914                PROVIDE (__init_array_start, .)
 *(SORT(.init_array.*))
 *(.init_array)
                0x00401914                PROVIDE (__init_array_end, .)

.fini_array     0x00401914        0x0
                0x00401914                PROVIDE (__fini_array_start, .)
 *(.fini_array)
 *(SORT(.fini_array.*))
                0x00401914                PROVIDE (__fini_array_end, .)

.ctors
 *crtbegin.o(.ctors)
 *crtbegin?.o(.ctors)
 *(EXCLUDE_FILE(*crtend?.o *crtend.o) .ctors)
 *(SORT(.ctors.*))
 *(.ctors)

.dtors
 *crtbegin.o(.dtors)
 *crtbegin?.o(.dtors)
 *(EXCLUDE_FILE(*crtend?.o *crtend.o) .dtors)
 *(SORT(.dtors.*))
 *(.dtors)

.jcr
 *(.jcr)

.data.rel.ro
 *(.data.rel.ro.local* .gnu.linkonce.d.rel.ro.local.*)
 *(.data.rel.ro* .gnu.linkonce.d.rel.ro.*)

.dynamic
 *(.dynamic)
                0x00401914                . = (. DATA_SEGMENT_RELRO_END 0x0)

.got
 *(.got.plt)
 *(.got)

.data           0x00401914       0x10
                0x00401914                __data_start = .
 *(.data .data.* .gnu.linkonce.d.*)
 .data          0x00401914        0x0 obj_redbee-dev/asm.o
 .data          0x00401914        0x0 obj_redbee-dev/board.a(tests.o)
 .data          0x00401914        0x0 ../lib/libmc1322x.a(printf.o)
 .data          0x00401914        0x0 ../lib/libmc1322x.a(uart1.o)
 .data          0x00401914        0x0 ../src/src.a(default_lowlevel.o)
 .data          0x00401914        0x0 ../src/src.a(start.o)
 .data          0x00401914       0x10 ../src/src.a(isr.o)
 .data          0x00401924        0x0 /usr/local/xtools/arm-none-eabi/bin/../lib/gcc/arm-none-eabi/4.3.2/libgcc.a(_udivsi3.o)
 .data          0x00401924        0x0 /usr/local/xtools/arm-none-eabi/bin/../lib/gcc/arm-none-eabi/4.3.2/libgcc.a(_dvmd_tls.o)
 .data          0x00401924        0x0 /usr/local/xtools/arm-none-eabi/bin/../lib/gcc/arm-none-eabi/4.3.2/../../../../arm-none-eabi/lib/libc.a(lib_a-strlen.o)

.data1
 *(.data1)
                0x00401924                _edata = .
                0x00401924                PROVIDE (edata, .)

.stack          0x00401924      0x720
                0x00401924                __stack_start__ = .
                0x00401a24                . = (. + IRQ_STACK_SIZE)
 *fill*         0x00401924      0x100 00
                0x00401a24                . = ALIGN (0x4)
                0x00401a24                __irq_stack_top__ = .
                0x00401b24                . = (. + FIQ_STACK_SIZE)
 *fill*         0x00401a24      0x100 00
                0x00401b24                . = ALIGN (0x4)
                0x00401b24                __fiq_stack_top__ = .
                0x00401c24                . = (. + SVC_STACK_SIZE)
 *fill*         0x00401b24      0x100 00
                0x00401c24                . = ALIGN (0x4)
                0x00401c24                __svc_stack_top__ = .
                0x00401c34                . = (. + ABT_STACK_SIZE)
 *fill*         0x00401c24       0x10 00
                0x00401c34                . = ALIGN (0x4)
                0x00401c34                __abt_stack_top__ = .
                0x00401c44                . = (. + UND_STACK_SIZE)
 *fill*         0x00401c34       0x10 00
                0x00401c44                . = ALIGN (0x4)
                0x00401c44                __und_stack_top__ = .
                0x00402044                . = (. + SYS_STACK_SIZE)
 *fill*         0x00401c44      0x400 00
                0x00402044                . = ALIGN (0x4)
                0x00402044                __sys_stack_top__ = .
                0x00402044                __stack_end__ = .
                0x00402044                __bss_start = .
                0x00402044                __bss_start__ = .

.bss            0x00402044       0x48
 *(.dynbss)
 *(.bss .bss.* .gnu.linkonce.b.*)
 .bss           0x00402044        0x0 obj_redbee-dev/asm.o
 .bss           0x00402044        0x0 obj_redbee-dev/board.a(tests.o)
 .bss           0x00402044        0x0 ../lib/libmc1322x.a(printf.o)
 .bss           0x00402044       0x48 ../lib/libmc1322x.a(uart1.o)
                0x0040204c                u1_tx_buf
                0x00402048                u1_tail
                0x00402044                u1_head
 .bss           0x0040208c        0x0 ../src/src.a(default_lowlevel.o)
 .bss           0x0040208c        0x0 ../src/src.a(start.o)
 .bss           0x0040208c        0x0 ../src/src.a(isr.o)
 .bss           0x0040208c        0x0 /usr/local/xtools/arm-none-eabi/bin/../lib/gcc/arm-none-eabi/4.3.2/libgcc.a(_udivsi3.o)
 .bss           0x0040208c        0x0 /usr/local/xtools/arm-none-eabi/bin/../lib/gcc/arm-none-eabi/4.3.2/libgcc.a(_dvmd_tls.o)
 .bss           0x0040208c        0x0 /usr/local/xtools/arm-none-eabi/bin/../lib/gcc/arm-none-eabi/4.3.2/../../../../arm-none-eabi/lib/libc.a(lib_a-strlen.o)
 *(COMMON)
                0x0040208c                . = ALIGN ((. != 0x0)?0x4:0x1)
                0x0040208c                _bss_end__ = .
                0x0040208c                __bss_end__ = .
                0x0040208c                . = ALIGN (0x4)

.heap           0x0040208c      0x400
                0x0040208c                __heap_start__ = .
 *(.heap)
                0x0040248c                . = (. + HEAP_SIZE)
 *fill*         0x0040208c      0x400 00
                0x0040248c                . = ALIGN (0x4)
                0x0040248c                __heap_end__ = .
                0x0040248c                . = ALIGN (0x4)
                0x0040248c                __end__ = .
                0x0040248c                _end = .
                0x0040248c                PROVIDE (end, .)
                0x0040248c                . = DATA_SEGMENT_END (.)

.stab           0x00000000      0x18c
 *(.stab)
 .stab          0x00000000      0x18c ../src/src.a(start.o)

.stabstr        0x00000000       0x21
 *(.stabstr)
 .stabstr       0x00000000       0x21 ../src/src.a(start.o)

.stab.excl
 *(.stab.excl)

.stab.exclstr
 *(.stab.exclstr)

.stab.index
 *(.stab.index)

.stab.indexstr
 *(.stab.indexstr)

.comment        0x00000000       0xfc
 *(.comment)
 .comment       0x00000000       0x2a obj_redbee-dev/asm.o
 .comment       0x0000002a       0x2a obj_redbee-dev/board.a(tests.o)
 .comment       0x00000054       0x2a ../lib/libmc1322x.a(printf.o)
 .comment       0x0000007e       0x2a ../lib/libmc1322x.a(uart1.o)
 .comment       0x000000a8       0x2a ../src/src.a(default_lowlevel.o)
 .comment       0x000000d2       0x2a ../src/src.a(isr.o)

.debug
 *(.debug)

.line
 *(.line)

.debug_srcinfo
 *(.debug_srcinfo)

.debug_sfnames
 *(.debug_sfnames)

.debug_aranges  0x00000000      0x120
 *(.debug_aranges)
 .debug_aranges
                0x00000000       0x28 obj_redbee-dev/asm.o
 .debug_aranges
                0x00000028       0x30 obj_redbee-dev/board.a(tests.o)
 .debug_aranges
                0x00000058       0x48 ../lib/libmc1322x.a(printf.o)
 .debug_aranges
                0x000000a0       0x30 ../lib/libmc1322x.a(uart1.o)
 .debug_aranges
                0x000000d0       0x28 ../src/src.a(default_lowlevel.o)
 .debug_aranges
                0x000000f8       0x28 ../src/src.a(isr.o)

.debug_pubnames
                0x00000000      0x167
 *(.debug_pubnames)
 .debug_pubnames
                0x00000000       0x27 obj_redbee-dev/asm.o
 .debug_pubnames
                0x00000027       0x43 obj_redbee-dev/board.a(tests.o)
 .debug_pubnames
                0x0000006a       0x29 ../lib/libmc1322x.a(printf.o)
 .debug_pubnames
                0x00000093       0x64 ../lib/libmc1322x.a(uart1.o)
 .debug_pubnames
                0x000000f7       0x37 ../src/src.a(default_lowlevel.o)
 .debug_pubnames
                0x0000012e       0x39 ../src/src.a(isr.o)

.debug_info     0x00000000    0x320f9
 *(.debug_info .gnu.linkonce.wi.*)
 .debug_info    0x00000000     0x849a obj_redbee-dev/asm.o
 .debug_info    0x0000849a     0x858e obj_redbee-dev/board.a(tests.o)
 .debug_info    0x00010a28     0x8816 ../lib/libmc1322x.a(printf.o)
 .debug_info    0x0001923e     0x8502 ../lib/libmc1322x.a(uart1.o)
 .debug_info    0x00021740     0x84e5 ../src/src.a(default_lowlevel.o)
 .debug_info    0x00029c25     0x84d4 ../src/src.a(isr.o)

.debug_abbrev   0x00000000      0xa79
 *(.debug_abbrev)
 .debug_abbrev  0x00000000      0x182 obj_redbee-dev/asm.o
 .debug_abbrev  0x00000182      0x182 obj_redbee-dev/board.a(tests.o)
 .debug_abbrev  0x00000304      0x286 ../lib/libmc1322x.a(printf.o)
 .debug_abbrev  0x0000058a      0x1aa ../lib/libmc1322x.a(uart1.o)
 .debug_abbrev  0x00000734      0x19c ../src/src.a(default_lowlevel.o)
 .debug_abbrev  0x000008d0      0x1a9 ../src/src.a(isr.o)

.debug_line     0x00000000      0x80e
 *(.debug_line)
 .debug_line    0x00000000      0x13f obj_redbee-dev/asm.o
 .debug_line    0x0000013f      0x133 obj_redbee-dev/board.a(tests.o)
 .debug_line    0x00000272      0x235 ../lib/libmc1322x.a(printf.o)
 .debug_line    0x000004a7      0x125 ../lib/libmc1322x.a(uart1.o)
 .debug_line    0x000005cc      0x12b ../src/src.a(default_lowlevel.o)
 .debug_line    0x000006f7      0x117 ../src/src.a(isr.o)

.debug_frame    0x00000000      0x28c
 *(.debug_frame)
 .debug_frame   0x00000000       0x48 obj_redbee-dev/asm.o
 .debug_frame   0x00000048       0x68 obj_redbee-dev/board.a(tests.o)
 .debug_frame   0x000000b0       0xc0 ../lib/libmc1322x.a(printf.o)
 .debug_frame   0x00000170       0x58 ../lib/libmc1322x.a(uart1.o)
 .debug_frame   0x000001c8       0x40 ../src/src.a(default_lowlevel.o)
 .debug_frame   0x00000208       0x44 ../src/src.a(isr.o)
 .debug_frame   0x0000024c       0x20 /usr/local/xtools/arm-none-eabi/bin/../lib/gcc/arm-none-eabi/4.3.2/libgcc.a(_udivsi3.o)
 .debug_frame   0x0000026c       0x20 /usr/local/xtools/arm-none-eabi/bin/../lib/gcc/arm-none-eabi/4.3.2/../../../../arm-none-eabi/lib/libc.a(lib_a-strlen.o)

.debug_str      0x00000000     0x3657
 *(.debug_str)
 .debug_str     0x00000000     0x343a obj_redbee-dev/asm.o
                               0x363e (size before relaxing)
 .debug_str     0x0000343a       0x74 obj_redbee-dev/board.a(tests.o)
                               0x3612 (size before relaxing)
 .debug_str     0x000034ae       0xe0 ../lib/libmc1322x.a(printf.o)
                               0x368e (size before relaxing)
 .debug_str     0x0000358e       0x49 ../lib/libmc1322x.a(uart1.o)
                               0x367c (size before relaxing)
 .debug_str     0x000035d7       0x3c ../src/src.a(default_lowlevel.o)
                               0x367a (size before relaxing)
 .debug_str     0x00003613       0x44 ../src/src.a(isr.o)
                               0x366a (size before relaxing)

.debug_loc      0x00000000      0xbe5
 *(.debug_loc)
 .debug_loc     0x00000000       0x8d obj_redbee-dev/asm.o
 .debug_loc     0x0000008d      0x22f obj_redbee-dev/board.a(tests.o)
 .debug_loc     0x000002bc      0x7f4 ../lib/libmc1322x.a(printf.o)
 .debug_loc     0x00000ab0       0x5d ../lib/libmc1322x.a(uart1.o)
 .debug_loc     0x00000b0d       0xb9 ../src/src.a(default_lowlevel.o)
 .debug_loc     0x00000bc6       0x1f ../src/src.a(isr.o)

.debug_macinfo
 *(.debug_macinfo)

.debug_weaknames
 *(.debug_weaknames)

.debug_funcnames
 *(.debug_funcnames)

.debug_typenames
 *(.debug_typenames)

.debug_varnames
 *(.debug_varnames)

.debug_pubtypes
 *(.debug_pubtypes)

.debug_ranges   0x00000000       0xf0
 *(.debug_ranges)
 .debug_ranges  0x00000000       0x20 obj_redbee-dev/asm.o
 .debug_ranges  0x00000020       0x28 obj_redbee-dev/board.a(tests.o)
 .debug_ranges  0x00000048       0x40 ../lib/libmc1322x.a(printf.o)
 .debug_ranges  0x00000088       0x28 ../lib/libmc1322x.a(uart1.o)
 .debug_ranges  0x000000b0       0x20 ../src/src.a(default_lowlevel.o)
 .debug_ranges  0x000000d0       0x20 ../src/src.a(isr.o)

.gnu.attributes
 *(.gnu.attributes)

.note.gnu.arm.ident
 *(.note.gnu.arm.ident)

/DISCARD/
 *(.note.GNU-stack)
 *(.gnu_debuglink)
OUTPUT(asm_redbee-dev.elf elf32-littlearm)

.ARM.attributes
                0x00000000       0x2a
 .ARM.attributes
                0x00000000       0x2a obj_redbee-dev/asm.o
 .ARM.attributes
                0x0000002a       0x2a obj_redbee-dev/board.a(tests.o)
 .ARM.attributes
                0x00000054       0x2a ../lib/libmc1322x.a(printf.o)
 .ARM.attributes
                0x0000007e       0x2a ../lib/libmc1322x.a(uart1.o)
 .ARM.attributes
                0x000000a8       0x2a ../src/src.a(default_lowlevel.o)
 .ARM.attributes
                0x000000d2       0x18 ../src/src.a(start.o)
 .ARM.attributes
                0x000000ea       0x28 ../src/src.a(isr.o)
 .ARM.attributes
                0x00000112       0x14 /usr/local/xtools/arm-none-eabi/bin/../lib/gcc/arm-none-eabi/4.3.2/libgcc.a(_udivsi3.o)
 .ARM.attributes
                0x00000126       0x14 /usr/local/xtools/arm-none-eabi/bin/../lib/gcc/arm-none-eabi/4.3.2/libgcc.a(_dvmd_tls.o)
 .ARM.attributes
                0x0000013a       0x2e /usr/local/xtools/arm-none-eabi/bin/../lib/gcc/arm-none-eabi/4.3.2/../../../../arm-none-eabi/lib/libc.a(lib_a-strlen.o)
