Archive member included because of file (symbol)

obj_redbee-dev/board.a(tests.o)
                              obj_redbee-dev/asm.o (print_welcome)
../lib/libmc1322x.a(printf.o)
                              obj_redbee-dev/asm.o (printf)
../lib/libmc1322x.a(uart1.o)  ../lib/libmc1322x.a(printf.o) (uart1_putc)
../src/src.a(default_lowlevel.o)
                              obj_redbee-dev/asm.o (default_vreg_init)
../src/src.a(start.o)         (_start)
../src/src.a(isr.o)           ../src/src.a(start.o) (irq)
/usr/local/xtools/arm-none-eabi/bin/../lib/gcc/arm-none-eabi/4.3.2/libgcc.a(_udivsi3.o)
                              ../lib/libmc1322x.a(printf.o) (__aeabi_uidiv)
/usr/local/xtools/arm-none-eabi/bin/../lib/gcc/arm-none-eabi/4.3.2/libgcc.a(_dvmd_tls.o)
                              /usr/local/xtools/arm-none-eabi/bin/../lib/gcc/arm-none-eabi/4.3.2/libgcc.a(_udivsi3.o) (__aeabi_idiv0)
/usr/local/xtools/arm-none-eabi/bin/../lib/gcc/arm-none-eabi/4.3.2/../../../../arm-none-eabi/lib/libc.a(lib_a-strlen.o)
                              ../lib/libmc1322x.a(printf.o) (strlen)

Memory Configuration

Name             Origin             Length             Attributes
ram              0x00400000         0x00018000         xrw
*default*        0x00000000         0xffffffff

Linker script and memory map

START GROUP
LOAD obj_redbee-dev/asm.o
LOAD obj_redbee-dev/board.a
LOAD ../lib/libmc1322x.a
LOAD ../src/src.a
LOAD /usr/local/xtools/arm-none-eabi/bin/../lib/gcc/arm-none-eabi/4.3.2/../../../../arm-none-eabi/lib/libm.a
END GROUP
START GROUP
LOAD /usr/local/xtools/arm-none-eabi/bin/../lib/gcc/arm-none-eabi/4.3.2/libgcc.a
LOAD /usr/local/xtools/arm-none-eabi/bin/../lib/gcc/arm-none-eabi/4.3.2/../../../../arm-none-eabi/lib/libc.a
END GROUP
                0x00000400                SYS_STACK_SIZE = 0x400
                0x00000100                IRQ_STACK_SIZE = 0x100
                0x00000100                FIQ_STACK_SIZE = 0x100
                0x00000100                SVC_STACK_SIZE = 0x100
                0x00000010                ABT_STACK_SIZE = 0x10
                0x00000010                UND_STACK_SIZE = 0x10
                0x00000400                HEAP_SIZE = 0x400
                0x00400000                PROVIDE (__executable_start, 0x400000)
                0x00400000                . = 0x400000

.text           0x00400000     0x17ac
 *(.start)
 .start         0x00400000      0x800 ../src/src.a(start.o)
                0x00400090                _bss_start
                0x00400094                _bss_end
                0x00400000                _start
 *(.irq)
 .irq           0x00400800      0x1dc ../src/src.a(isr.o)
                0x00400800                irq
 *(.text .stub .text.* .gnu.linkonce.t.*)
 .text          0x004009dc        0x0 obj_redbee-dev/asm.o
 .text.main     0x004009dc      0x2e0 obj_redbee-dev/asm.o
                0x004009e4                .real_start_ofmain
                0x004009dc                main
 .text.asm_isr  0x00400cbc       0x38 obj_redbee-dev/asm.o
                0x00400cc4                .real_start_ofasm_isr
                0x00400cbc                asm_isr
 .text          0x00400cf4        0x0 obj_redbee-dev/board.a(tests.o)
 .text.dump_regs
                0x00400cf4       0x84 obj_redbee-dev/board.a(tests.o)
                0x00400cfc                .real_start_ofdump_regs
                0x00400cf4                dump_regs
 .text.print_packet
                0x00400d78       0xd4 obj_redbee-dev/board.a(tests.o)
                0x00400d80                .real_start_ofprint_packet
                0x00400d78                print_packet
 .text.print_welcome
                0x00400e4c       0x38 obj_redbee-dev/board.a(tests.o)
                0x00400e4c                print_welcome
                0x00400e54                .real_start_ofprint_welcome
 .text          0x00400e84        0x0 ../lib/libmc1322x.a(printf.o)
 .text.sel_uart
                0x00400e84       0x20 ../lib/libmc1322x.a(printf.o)
                0x00400e8c                .real_start_ofsel_uart
                0x00400e84                sel_uart
 .text.__print_char
                0x00400ea4       0x78 ../lib/libmc1322x.a(printf.o)
 .text.__print_str
                0x00400f1c       0xf4 ../lib/libmc1322x.a(printf.o)
 .text.__print_int
                0x00401010       0xdc ../lib/libmc1322x.a(printf.o)
 .text.__print_fmt
                0x004010ec      0x1bc ../lib/libmc1322x.a(printf.o)
 .text.printf   0x004012a8       0x30 ../lib/libmc1322x.a(printf.o)
                0x004012a8                printf
                0x004012b0                .real_start_ofprintf
 .text.sprintf  0x004012d8       0x3c ../lib/libmc1322x.a(printf.o)
                0x004012e0                .real_start_ofsprintf
                0x004012d8                sprintf
 .text          0x00401314        0x0 ../lib/libmc1322x.a(uart1.o)
 .text.uart1_isr
                0x00401314       0x54 ../lib/libmc1322x.a(uart1.o)
                0x00401314                uart1_isr
                0x0040131c                .real_start_ofuart1_isr
 .text.uart1_putc
                0x00401368       0x78 ../lib/libmc1322x.a(uart1.o)
                0x00401370                .real_start_ofuart1_putc
                0x00401368                uart1_putc
 .text.uart1_getc
                0x004013e0       0x28 ../lib/libmc1322x.a(uart1.o)
                0x004013e0                uart1_getc
                0x004013e8                .real_start_ofuart1_getc
 .text.uart2_isr
                0x00401408       0x58 ../lib/libmc1322x.a(uart1.o)
                0x00401408                uart2_isr
                0x00401410                .real_start_ofuart2_isr
 .text.uart2_putc
                0x00401460       0x7c ../lib/libmc1322x.a(uart1.o)
                0x00401468                .real_start_ofuart2_putc
                0x00401460                uart2_putc
 .text.uart2_getc
                0x004014dc       0x28 ../lib/libmc1322x.a(uart1.o)
                0x004014dc                uart2_getc
                0x004014e4                .real_start_ofuart2_getc
 .text          0x00401504        0x0 ../src/src.a(default_lowlevel.o)
 .text.default_vreg_init
                0x00401504       0x4c ../src/src.a(default_lowlevel.o)
                0x0040150c                .real_start_ofdefault_vreg_init
                0x00401504                default_vreg_init
 .text.uart1_init
                0x00401550       0x98 ../src/src.a(default_lowlevel.o)
                0x00401550                uart1_init
                0x00401558                .real_start_ofuart1_init
 .text          0x004015e8        0x0 ../src/src.a(start.o)
 .text          0x004015e8        0x0 ../src/src.a(isr.o)
 .text.irq_register_timer_handler
                0x004015e8       0x10 ../src/src.a(isr.o)
                0x004015e8                irq_register_timer_handler
 .text          0x004015f8      0x114 /usr/local/xtools/arm-none-eabi/bin/../lib/gcc/arm-none-eabi/4.3.2/libgcc.a(_udivsi3.o)
                0x004015f8                __udivsi3
                0x004015f8                __aeabi_uidiv
                0x004016ec                __aeabi_uidivmod
 .text          0x0040170c        0x4 /usr/local/xtools/arm-none-eabi/bin/../lib/gcc/arm-none-eabi/4.3.2/libgcc.a(_dvmd_tls.o)
                0x0040170c                __aeabi_ldiv0
                0x0040170c                __aeabi_idiv0
 .text          0x00401710       0x9c /usr/local/xtools/arm-none-eabi/bin/../lib/gcc/arm-none-eabi/4.3.2/../../../../arm-none-eabi/lib/libc.a(lib_a-strlen.o)
                0x00401710                strlen
 *(.gnu.warning)
 *(.glue_7t)
 .glue_7t       0x004017ac        0x0 obj_redbee-dev/asm.o
 .glue_7t       0x004017ac        0x0 obj_redbee-dev/board.a(tests.o)
 .glue_7t       0x004017ac        0x0 ../lib/libmc1322x.a(printf.o)
 .glue_7t       0x004017ac        0x0 ../lib/libmc1322x.a(uart1.o)
 .glue_7t       0x004017ac        0x0 ../src/src.a(default_lowlevel.o)
 .glue_7t       0x004017ac        0x0 ../src/src.a(start.o)
 .glue_7t       0x004017ac        0x0 ../src/src.a(isr.o)
 .glue_7t       0x004017ac        0x0 /usr/local/xtools/arm-none-eabi/bin/../lib/gcc/arm-none-eabi/4.3.2/libgcc.a(_udivsi3.o)
 .glue_7t       0x004017ac        0x0 /usr/local/xtools/arm-none-eabi/bin/../lib/gcc/arm-none-eabi/4.3.2/libgcc.a(_dvmd_tls.o)
 .glue_7t       0x004017ac        0x0 /usr/local/xtools/arm-none-eabi/bin/../lib/gcc/arm-none-eabi/4.3.2/../../../../arm-none-eabi/lib/libc.a(lib_a-strlen.o)
 *(.glue_7)
 .glue_7        0x004017ac        0x0 obj_redbee-dev/asm.o
 .glue_7        0x004017ac        0x0 obj_redbee-dev/board.a(tests.o)
 .glue_7        0x004017ac        0x0 ../lib/libmc1322x.a(printf.o)
 .glue_7        0x004017ac        0x0 ../lib/libmc1322x.a(uart1.o)
 .glue_7        0x004017ac        0x0 ../src/src.a(default_lowlevel.o)
 .glue_7        0x004017ac        0x0 ../src/src.a(start.o)
 .glue_7        0x004017ac        0x0 ../src/src.a(isr.o)
 .glue_7        0x004017ac        0x0 /usr/local/xtools/arm-none-eabi/bin/../lib/gcc/arm-none-eabi/4.3.2/libgcc.a(_udivsi3.o)
 .glue_7        0x004017ac        0x0 /usr/local/xtools/arm-none-eabi/bin/../lib/gcc/arm-none-eabi/4.3.2/libgcc.a(_dvmd_tls.o)
 .glue_7        0x004017ac        0x0 /usr/local/xtools/arm-none-eabi/bin/../lib/gcc/arm-none-eabi/4.3.2/../../../../arm-none-eabi/lib/libc.a(lib_a-strlen.o)
 *(.vfp11_veneer)
 .vfp11_veneer  0x004017ac        0x0 obj_redbee-dev/asm.o
 .vfp11_veneer  0x004017ac        0x0 obj_redbee-dev/board.a(tests.o)
 .vfp11_veneer  0x004017ac        0x0 ../lib/libmc1322x.a(printf.o)
 .vfp11_veneer  0x004017ac        0x0 ../lib/libmc1322x.a(uart1.o)
 .vfp11_veneer  0x004017ac        0x0 ../src/src.a(default_lowlevel.o)
 .vfp11_veneer  0x004017ac        0x0 ../src/src.a(start.o)
 .vfp11_veneer  0x004017ac        0x0 ../src/src.a(isr.o)
 .vfp11_veneer  0x004017ac        0x0 /usr/local/xtools/arm-none-eabi/bin/../lib/gcc/arm-none-eabi/4.3.2/libgcc.a(_udivsi3.o)
 .vfp11_veneer  0x004017ac        0x0 /usr/local/xtools/arm-none-eabi/bin/../lib/gcc/arm-none-eabi/4.3.2/libgcc.a(_dvmd_tls.o)
 .vfp11_veneer  0x004017ac        0x0 /usr/local/xtools/arm-none-eabi/bin/../lib/gcc/arm-none-eabi/4.3.2/../../../../arm-none-eabi/lib/libc.a(lib_a-strlen.o)
 *(.v4_bx)
 .v4_bx         0x004017ac        0x0 obj_redbee-dev/asm.o
 .v4_bx         0x004017ac        0x0 obj_redbee-dev/board.a(tests.o)
 .v4_bx         0x004017ac        0x0 ../lib/libmc1322x.a(printf.o)
 .v4_bx         0x004017ac        0x0 ../lib/libmc1322x.a(uart1.o)
 .v4_bx         0x004017ac        0x0 ../src/src.a(default_lowlevel.o)
 .v4_bx         0x004017ac        0x0 ../src/src.a(start.o)
 .v4_bx         0x004017ac        0x0 ../src/src.a(isr.o)
 .v4_bx         0x004017ac        0x0 /usr/local/xtools/arm-none-eabi/bin/../lib/gcc/arm-none-eabi/4.3.2/libgcc.a(_udivsi3.o)
 .v4_bx         0x004017ac        0x0 /usr/local/xtools/arm-none-eabi/bin/../lib/gcc/arm-none-eabi/4.3.2/libgcc.a(_dvmd_tls.o)
 .v4_bx         0x004017ac        0x0 /usr/local/xtools/arm-none-eabi/bin/../lib/gcc/arm-none-eabi/4.3.2/../../../../arm-none-eabi/lib/libc.a(lib_a-strlen.o)

.janus_2cc_veneer
                0x004017ac        0x0
 .janus_2cc_veneer
                0x004017ac        0x0 obj_redbee-dev/asm.o
 .janus_2cc_veneer
                0x004017ac        0x0 obj_redbee-dev/board.a(tests.o)
 .janus_2cc_veneer
                0x004017ac        0x0 ../lib/libmc1322x.a(printf.o)
 .janus_2cc_veneer
                0x004017ac        0x0 ../lib/libmc1322x.a(uart1.o)
 .janus_2cc_veneer
                0x004017ac        0x0 ../src/src.a(default_lowlevel.o)
 .janus_2cc_veneer
                0x004017ac        0x0 ../src/src.a(start.o)
 .janus_2cc_veneer
                0x004017ac        0x0 ../src/src.a(isr.o)
 .janus_2cc_veneer
                0x004017ac        0x0 /usr/local/xtools/arm-none-eabi/bin/../lib/gcc/arm-none-eabi/4.3.2/libgcc.a(_udivsi3.o)
 .janus_2cc_veneer
                0x004017ac        0x0 /usr/local/xtools/arm-none-eabi/bin/../lib/gcc/arm-none-eabi/4.3.2/libgcc.a(_dvmd_tls.o)
 .janus_2cc_veneer
                0x004017ac        0x0 /usr/local/xtools/arm-none-eabi/bin/../lib/gcc/arm-none-eabi/4.3.2/../../../../arm-none-eabi/lib/libc.a(lib_a-strlen.o)

.interp
 *(.interp)

.note.gnu.build-id
 *(.note.gnu.build-id)

.hash
 *(.hash)

.gnu.hash
 *(.gnu.hash)

.dynsym
 *(.dynsym)

.dynstr
 *(.dynstr)

.gnu.version
 *(.gnu.version)

.gnu.version_d
 *(.gnu.version_d)

.gnu.version_r
 *(.gnu.version_r)

.rel.dyn
 *(.rel.init)
 *(.rel.text .rel.text.* .rel.gnu.linkonce.t.*)
 *(.rel.fini)
 *(.rel.rodata .rel.rodata.* .rel.gnu.linkonce.r.*)
 *(.rel.data.rel.ro* .rel.gnu.linkonce.d.rel.ro.*)
 *(.rel.data .rel.data.* .rel.gnu.linkonce.d.*)
 *(.rel.tdata .rel.tdata.* .rel.gnu.linkonce.td.*)
 *(.rel.tbss .rel.tbss.* .rel.gnu.linkonce.tb.*)
 *(.rel.ctors)
 *(.rel.dtors)
 *(.rel.got)
 *(.rel.bss .rel.bss.* .rel.gnu.linkonce.b.*)

.rela.dyn
 *(.rela.init)
 *(.rela.text .rela.text.* .rela.gnu.linkonce.t.*)
 *(.rela.fini)
 *(.rela.rodata .rela.rodata.* .rela.gnu.linkonce.r.*)
 *(.rela.data .rela.data.* .rela.gnu.linkonce.d.*)
 *(.rela.tdata .rela.tdata.* .rela.gnu.linkonce.td.*)
 *(.rela.tbss .rela.tbss.* .rela.gnu.linkonce.tb.*)
 *(.rela.ctors)
 *(.rela.dtors)
 *(.rela.got)
 *(.rela.bss .rela.bss.* .rela.gnu.linkonce.b.*)

.rel.plt
 *(.rel.plt)

.rela.plt
 *(.rela.plt)

.init
 *(.init)

.plt
 *(.plt)

.fini
 *(.fini)
                0x004017ac                PROVIDE (__etext, .)
                0x004017ac                PROVIDE (_etext, .)
                0x004017ac                PROVIDE (etext, .)

.rodata         0x004017ac      0x29a
 *(.rodata .rodata.* .gnu.linkonce.r.*)
 .rodata.str1.1
                0x004017ac      0x1db obj_redbee-dev/asm.o
 .rodata.str1.1
                0x00401987       0xb8 obj_redbee-dev/board.a(tests.o)
                                 0xbb (size before relaxing)
 .rodata.str1.1
                0x00401a3f        0x7 ../lib/libmc1322x.a(printf.o)

.rodata1
 *(.rodata1)

.eh_frame_hdr
 *(.eh_frame_hdr)

.eh_frame
 *(.eh_frame)

.gcc_except_table
 *(.gcc_except_table .gcc_except_table.*)
                0x00401a48                . = ALIGN (0x4)
                0x00401a48                . = (0x4 DATA_SEGMENT_ALIGN 0x4)

.eh_frame
 *(.eh_frame)

.gcc_except_table
 *(.gcc_except_table .gcc_except_table.*)

.tdata
 *(.tdata .tdata.* .gnu.linkonce.td.*)

.tbss
 *(.tbss .tbss.* .gnu.linkonce.tb.*)
 *(.tcommon)

.preinit_array  0x00401a48        0x0
                0x00401a48                PROVIDE (__preinit_array_start, .)
 *(.preinit_array)
                0x00401a48                PROVIDE (__preinit_array_end, .)

.init_array     0x00401a48        0x0
                0x00401a48                PROVIDE (__init_array_start, .)
 *(SORT(.init_array.*))
 *(.init_array)
                0x00401a48                PROVIDE (__init_array_end, .)

.fini_array     0x00401a48        0x0
                0x00401a48                PROVIDE (__fini_array_start, .)
 *(.fini_array)
 *(SORT(.fini_array.*))
                0x00401a48                PROVIDE (__fini_array_end, .)

.ctors
 *crtbegin.o(.ctors)
 *crtbegin?.o(.ctors)
 *(EXCLUDE_FILE(*crtend?.o *crtend.o) .ctors)
 *(SORT(.ctors.*))
 *(.ctors)

.dtors
 *crtbegin.o(.dtors)
 *crtbegin?.o(.dtors)
 *(EXCLUDE_FILE(*crtend?.o *crtend.o) .dtors)
 *(SORT(.dtors.*))
 *(.dtors)

.jcr
 *(.jcr)

.data.rel.ro
 *(.data.rel.ro.local* .gnu.linkonce.d.rel.ro.local.*)
 *(.data.rel.ro* .gnu.linkonce.d.rel.ro.*)

.dynamic
 *(.dynamic)
                0x00401a48                . = (. DATA_SEGMENT_RELRO_END 0x0)

.got
 *(.got.plt)
 *(.got)

.data           0x00401a48       0x14
                0x00401a48                __data_start = .
 *(.data .data.* .gnu.linkonce.d.*)
 .data          0x00401a48        0x0 obj_redbee-dev/asm.o
 .data          0x00401a48        0x0 obj_redbee-dev/board.a(tests.o)
 .data          0x00401a48        0x4 ../lib/libmc1322x.a(printf.o)
                0x00401a48                uart
 .data          0x00401a4c        0x0 ../lib/libmc1322x.a(uart1.o)
 .data          0x00401a4c        0x0 ../src/src.a(default_lowlevel.o)
 .data          0x00401a4c        0x0 ../src/src.a(start.o)
 .data          0x00401a4c       0x10 ../src/src.a(isr.o)
 .data          0x00401a5c        0x0 /usr/local/xtools/arm-none-eabi/bin/../lib/gcc/arm-none-eabi/4.3.2/libgcc.a(_udivsi3.o)
 .data          0x00401a5c        0x0 /usr/local/xtools/arm-none-eabi/bin/../lib/gcc/arm-none-eabi/4.3.2/libgcc.a(_dvmd_tls.o)
 .data          0x00401a5c        0x0 /usr/local/xtools/arm-none-eabi/bin/../lib/gcc/arm-none-eabi/4.3.2/../../../../arm-none-eabi/lib/libc.a(lib_a-strlen.o)

.data1
 *(.data1)
                0x00401a5c                _edata = .
                0x00401a5c                PROVIDE (edata, .)

.stack          0x00401a5c      0x720
                0x00401a5c                __stack_start__ = .
                0x00401b5c                . = (. + IRQ_STACK_SIZE)
 *fill*         0x00401a5c      0x100 00
                0x00401b5c                . = ALIGN (0x4)
                0x00401b5c                __irq_stack_top__ = .
                0x00401c5c                . = (. + FIQ_STACK_SIZE)
 *fill*         0x00401b5c      0x100 00
                0x00401c5c                . = ALIGN (0x4)
                0x00401c5c                __fiq_stack_top__ = .
                0x00401d5c                . = (. + SVC_STACK_SIZE)
 *fill*         0x00401c5c      0x100 00
                0x00401d5c                . = ALIGN (0x4)
                0x00401d5c                __svc_stack_top__ = .
                0x00401d6c                . = (. + ABT_STACK_SIZE)
 *fill*         0x00401d5c       0x10 00
                0x00401d6c                . = ALIGN (0x4)
                0x00401d6c                __abt_stack_top__ = .
                0x00401d7c                . = (. + UND_STACK_SIZE)
 *fill*         0x00401d6c       0x10 00
                0x00401d7c                . = ALIGN (0x4)
                0x00401d7c                __und_stack_top__ = .
                0x0040217c                . = (. + SYS_STACK_SIZE)
 *fill*         0x00401d7c      0x400 00
                0x0040217c                . = ALIGN (0x4)
                0x0040217c                __sys_stack_top__ = .
                0x0040217c                __stack_end__ = .
                0x0040217c                __bss_start = .
                0x0040217c                __bss_start__ = .

.bss            0x0040217c       0x90
 *(.dynbss)
 *(.bss .bss.* .gnu.linkonce.b.*)
 .bss           0x0040217c        0x0 obj_redbee-dev/asm.o
 .bss           0x0040217c        0x0 obj_redbee-dev/board.a(tests.o)
 .bss           0x0040217c        0x0 ../lib/libmc1322x.a(printf.o)
 .bss           0x0040217c       0x90 ../lib/libmc1322x.a(uart1.o)
                0x004021cc                u2_tx_buf
                0x00402184                u1_tx_buf
                0x004021c4                u2_head
                0x00402180                u1_tail
                0x004021c8                u2_tail
                0x0040217c                u1_head
 .bss           0x0040220c        0x0 ../src/src.a(default_lowlevel.o)
 .bss           0x0040220c        0x0 ../src/src.a(start.o)
 .bss           0x0040220c        0x0 ../src/src.a(isr.o)
 .bss           0x0040220c        0x0 /usr/local/xtools/arm-none-eabi/bin/../lib/gcc/arm-none-eabi/4.3.2/libgcc.a(_udivsi3.o)
 .bss           0x0040220c        0x0 /usr/local/xtools/arm-none-eabi/bin/../lib/gcc/arm-none-eabi/4.3.2/libgcc.a(_dvmd_tls.o)
 .bss           0x0040220c        0x0 /usr/local/xtools/arm-none-eabi/bin/../lib/gcc/arm-none-eabi/4.3.2/../../../../arm-none-eabi/lib/libc.a(lib_a-strlen.o)
 *(COMMON)
                0x0040220c                . = ALIGN ((. != 0x0)?0x4:0x1)
                0x0040220c                _bss_end__ = .
                0x0040220c                __bss_end__ = .
                0x0040220c                . = ALIGN (0x4)

.heap           0x0040220c      0x400
                0x0040220c                __heap_start__ = .
 *(.heap)
                0x0040260c                . = (. + HEAP_SIZE)
 *fill*         0x0040220c      0x400 00
                0x0040260c                . = ALIGN (0x4)
                0x0040260c                __heap_end__ = .
                0x0040260c                . = ALIGN (0x4)
                0x0040260c                __end__ = .
                0x0040260c                _end = .
                0x0040260c                PROVIDE (end, .)
                0x0040260c                . = DATA_SEGMENT_END (.)

.stab           0x00000000      0x18c
 *(.stab)
 .stab          0x00000000      0x18c ../src/src.a(start.o)

.stabstr        0x00000000       0x21
 *(.stabstr)
 .stabstr       0x00000000       0x21 ../src/src.a(start.o)

.stab.excl
 *(.stab.excl)

.stab.exclstr
 *(.stab.exclstr)

.stab.index
 *(.stab.index)

.stab.indexstr
 *(.stab.indexstr)

.comment        0x00000000       0xfc
 *(.comment)
 .comment       0x00000000       0x2a obj_redbee-dev/asm.o
 .comment       0x0000002a       0x2a obj_redbee-dev/board.a(tests.o)
 .comment       0x00000054       0x2a ../lib/libmc1322x.a(printf.o)
 .comment       0x0000007e       0x2a ../lib/libmc1322x.a(uart1.o)
 .comment       0x000000a8       0x2a ../src/src.a(default_lowlevel.o)
 .comment       0x000000d2       0x2a ../src/src.a(isr.o)

.debug
 *(.debug)

.line
 *(.line)

.debug_srcinfo
 *(.debug_srcinfo)

.debug_sfnames
 *(.debug_sfnames)

.debug_aranges  0x00000000      0x140
 *(.debug_aranges)
 .debug_aranges
                0x00000000       0x28 obj_redbee-dev/asm.o
 .debug_aranges
                0x00000028       0x30 obj_redbee-dev/board.a(tests.o)
 .debug_aranges
                0x00000058       0x50 ../lib/libmc1322x.a(printf.o)
 .debug_aranges
                0x000000a8       0x48 ../lib/libmc1322x.a(uart1.o)
 .debug_aranges
                0x000000f0       0x28 ../src/src.a(default_lowlevel.o)
 .debug_aranges
                0x00000118       0x28 ../src/src.a(isr.o)

.debug_pubnames
                0x00000000      0x1cf
 *(.debug_pubnames)
 .debug_pubnames
                0x00000000       0x27 obj_redbee-dev/asm.o
 .debug_pubnames
                0x00000027       0x43 obj_redbee-dev/board.a(tests.o)
 .debug_pubnames
                0x0000006a       0x3f ../lib/libmc1322x.a(printf.o)
 .debug_pubnames
                0x000000a9       0xb6 ../lib/libmc1322x.a(uart1.o)
 .debug_pubnames
                0x0000015f       0x37 ../src/src.a(default_lowlevel.o)
 .debug_pubnames
                0x00000196       0x39 ../src/src.a(isr.o)

.debug_info     0x00000000    0x321be
 *(.debug_info .gnu.linkonce.wi.*)
 .debug_info    0x00000000     0x849a obj_redbee-dev/asm.o
 .debug_info    0x0000849a     0x858e obj_redbee-dev/board.a(tests.o)
 .debug_info    0x00010a28     0x884d ../lib/libmc1322x.a(printf.o)
 .debug_info    0x00019275     0x8590 ../lib/libmc1322x.a(uart1.o)
 .debug_info    0x00021805     0x84e5 ../src/src.a(default_lowlevel.o)
 .debug_info    0x00029cea     0x84d4 ../src/src.a(isr.o)

.debug_abbrev   0x00000000      0xab0
 *(.debug_abbrev)
 .debug_abbrev  0x00000000      0x182 obj_redbee-dev/asm.o
 .debug_abbrev  0x00000182      0x182 obj_redbee-dev/board.a(tests.o)
 .debug_abbrev  0x00000304      0x2bd ../lib/libmc1322x.a(printf.o)
 .debug_abbrev  0x000005c1      0x1aa ../lib/libmc1322x.a(uart1.o)
 .debug_abbrev  0x0000076b      0x19c ../src/src.a(default_lowlevel.o)
 .debug_abbrev  0x00000907      0x1a9 ../src/src.a(isr.o)

.debug_line     0x00000000      0x86e
 *(.debug_line)
 .debug_line    0x00000000      0x13f obj_redbee-dev/asm.o
 .debug_line    0x0000013f      0x133 obj_redbee-dev/board.a(tests.o)
 .debug_line    0x00000272      0x24b ../lib/libmc1322x.a(printf.o)
 .debug_line    0x000004bd      0x16f ../lib/libmc1322x.a(uart1.o)
 .debug_line    0x0000062c      0x12b ../src/src.a(default_lowlevel.o)
 .debug_line    0x00000757      0x117 ../src/src.a(isr.o)

.debug_frame    0x00000000      0x2ec
 *(.debug_frame)
 .debug_frame   0x00000000       0x48 obj_redbee-dev/asm.o
 .debug_frame   0x00000048       0x68 obj_redbee-dev/board.a(tests.o)
 .debug_frame   0x000000b0       0xd8 ../lib/libmc1322x.a(printf.o)
 .debug_frame   0x00000188       0xa0 ../lib/libmc1322x.a(uart1.o)
 .debug_frame   0x00000228       0x40 ../src/src.a(default_lowlevel.o)
 .debug_frame   0x00000268       0x44 ../src/src.a(isr.o)
 .debug_frame   0x000002ac       0x20 /usr/local/xtools/arm-none-eabi/bin/../lib/gcc/arm-none-eabi/4.3.2/libgcc.a(_udivsi3.o)
 .debug_frame   0x000002cc       0x20 /usr/local/xtools/arm-none-eabi/bin/../lib/gcc/arm-none-eabi/4.3.2/../../../../arm-none-eabi/lib/libc.a(lib_a-strlen.o)

.debug_str      0x00000000     0x36ab
 *(.debug_str)
 .debug_str     0x00000000     0x344b obj_redbee-dev/asm.o
                               0x364f (size before relaxing)
 .debug_str     0x0000344b       0x74 obj_redbee-dev/board.a(tests.o)
                               0x3623 (size before relaxing)
 .debug_str     0x000034bf       0xe9 ../lib/libmc1322x.a(printf.o)
                               0x36ad (size before relaxing)
 .debug_str     0x000035a8       0x83 ../lib/libmc1322x.a(uart1.o)
                               0x36c7 (size before relaxing)
 .debug_str     0x0000362b       0x3c ../src/src.a(default_lowlevel.o)
                               0x368b (size before relaxing)
 .debug_str     0x00003667       0x44 ../src/src.a(isr.o)
                               0x367b (size before relaxing)

.debug_loc      0x00000000      0xc6c
 *(.debug_loc)
 .debug_loc     0x00000000       0x8d obj_redbee-dev/asm.o
 .debug_loc     0x0000008d      0x22f obj_redbee-dev/board.a(tests.o)
 .debug_loc     0x000002bc      0x81e ../lib/libmc1322x.a(printf.o)
 .debug_loc     0x00000ada       0xba ../lib/libmc1322x.a(uart1.o)
 .debug_loc     0x00000b94       0xb9 ../src/src.a(default_lowlevel.o)
 .debug_loc     0x00000c4d       0x1f ../src/src.a(isr.o)

.debug_macinfo
 *(.debug_macinfo)

.debug_weaknames
 *(.debug_weaknames)

.debug_funcnames
 *(.debug_funcnames)

.debug_typenames
 *(.debug_typenames)

.debug_varnames
 *(.debug_varnames)

.debug_pubtypes
 *(.debug_pubtypes)

.debug_ranges   0x00000000      0x110
 *(.debug_ranges)
 .debug_ranges  0x00000000       0x20 obj_redbee-dev/asm.o
 .debug_ranges  0x00000020       0x28 obj_redbee-dev/board.a(tests.o)
 .debug_ranges  0x00000048       0x48 ../lib/libmc1322x.a(printf.o)
 .debug_ranges  0x00000090       0x40 ../lib/libmc1322x.a(uart1.o)
 .debug_ranges  0x000000d0       0x20 ../src/src.a(default_lowlevel.o)
 .debug_ranges  0x000000f0       0x20 ../src/src.a(isr.o)

.gnu.attributes
 *(.gnu.attributes)

.note.gnu.arm.ident
 *(.note.gnu.arm.ident)

/DISCARD/
 *(.note.GNU-stack)
 *(.gnu_debuglink)
OUTPUT(asm_redbee-dev.elf elf32-littlearm)

.ARM.attributes
                0x00000000       0x2a
 .ARM.attributes
                0x00000000       0x2a obj_redbee-dev/asm.o
 .ARM.attributes
                0x0000002a       0x2a obj_redbee-dev/board.a(tests.o)
 .ARM.attributes
                0x00000054       0x2a ../lib/libmc1322x.a(printf.o)
 .ARM.attributes
                0x0000007e       0x2a ../lib/libmc1322x.a(uart1.o)
 .ARM.attributes
                0x000000a8       0x2a ../src/src.a(default_lowlevel.o)
 .ARM.attributes
                0x000000d2       0x18 ../src/src.a(start.o)
 .ARM.attributes
                0x000000ea       0x28 ../src/src.a(isr.o)
 .ARM.attributes
                0x00000112       0x14 /usr/local/xtools/arm-none-eabi/bin/../lib/gcc/arm-none-eabi/4.3.2/libgcc.a(_udivsi3.o)
 .ARM.attributes
                0x00000126       0x14 /usr/local/xtools/arm-none-eabi/bin/../lib/gcc/arm-none-eabi/4.3.2/libgcc.a(_dvmd_tls.o)
 .ARM.attributes
                0x0000013a       0x2e /usr/local/xtools/arm-none-eabi/bin/../lib/gcc/arm-none-eabi/4.3.2/../../../../arm-none-eabi/lib/libc.a(lib_a-strlen.o)
