Archive member included because of file (symbol)

../lib/libmc1322x.a(gpio.o)   obj_redbee-dev/blink-white.o (gpio_pad_dir)
../src/src.a(start.o)         (_start)
../src/src.a(isr.o)           ../src/src.a(start.o) (irq)

Memory Configuration

Name             Origin             Length             Attributes
ram              0x00400000         0x00018000         xrw
*default*        0x00000000         0xffffffff

Linker script and memory map

START GROUP
LOAD obj_redbee-dev/blink-white.o
LOAD obj_redbee-dev/board.a
LOAD ../lib/libmc1322x.a
LOAD ../src/src.a
LOAD /usr/local/xtools/arm-none-eabi/bin/../lib/gcc/arm-none-eabi/4.3.2/../../../../arm-none-eabi/lib/libm.a
END GROUP
START GROUP
LOAD /usr/local/xtools/arm-none-eabi/bin/../lib/gcc/arm-none-eabi/4.3.2/libgcc.a
LOAD /usr/local/xtools/arm-none-eabi/bin/../lib/gcc/arm-none-eabi/4.3.2/../../../../arm-none-eabi/lib/libc.a
END GROUP
                0x00000400                SYS_STACK_SIZE = 0x400
                0x00000100                IRQ_STACK_SIZE = 0x100
                0x00000100                FIQ_STACK_SIZE = 0x100
                0x00000100                SVC_STACK_SIZE = 0x100
                0x00000010                ABT_STACK_SIZE = 0x10
                0x00000010                UND_STACK_SIZE = 0x10
                0x00000400                HEAP_SIZE = 0x400
                0x00400000                PROVIDE (__executable_start, 0x400000)
                0x00400000                . = 0x400000

.text           0x00400000      0xc18
 *(.start)
 .start         0x00400000      0x800 ../src/src.a(start.o)
                0x00400090                _bss_start
                0x00400094                _bss_end
                0x00400000                _start
 *(.irq)
 .irq           0x00400800      0x1dc ../src/src.a(isr.o)
                0x00400800                irq
 *(.text .stub .text.* .gnu.linkonce.t.*)
 .text          0x004009dc        0x0 obj_redbee-dev/blink-white.o
 *fill*         0x004009dc        0x4 00000000
 .text.main     0x004009e0       0x68 obj_redbee-dev/blink-white.o
                0x004009e8                .real_start_ofmain
                0x004009e0                main
 .text          0x00400a48        0x0 ../lib/libmc1322x.a(gpio.o)
 .text.gpio_pad_dir
                0x00400a48       0x2c ../lib/libmc1322x.a(gpio.o)
                0x00400a48                gpio_pad_dir
                0x00400a50                .real_start_ofgpio_pad_dir
 .text.gpio_data
                0x00400a74       0x2c ../lib/libmc1322x.a(gpio.o)
                0x00400a7c                .real_start_ofgpio_data
                0x00400a74                gpio_data
 .text.gpio_data_get
                0x00400aa0       0x34 ../lib/libmc1322x.a(gpio.o)
                0x00400aa0                gpio_data_get
                0x00400aa8                .real_start_ofgpio_data_get
 .text.gpio_pad_pu_en
                0x00400ad4       0x2c ../lib/libmc1322x.a(gpio.o)
                0x00400ad4                gpio_pad_pu_en
                0x00400adc                .real_start_ofgpio_pad_pu_en
 .text.gpio_data_sel
                0x00400b00       0x2c ../lib/libmc1322x.a(gpio.o)
                0x00400b08                .real_start_ofgpio_data_sel
                0x00400b00                gpio_data_sel
 .text.gpio_pad_pu_sel
                0x00400b2c       0x2c ../lib/libmc1322x.a(gpio.o)
                0x00400b34                .real_start_ofgpio_pad_pu_sel
                0x00400b2c                gpio_pad_pu_sel
 .text.gpio_data_set
                0x00400b58       0x2c ../lib/libmc1322x.a(gpio.o)
                0x00400b60                .real_start_ofgpio_data_set
                0x00400b58                gpio_data_set
 .text.gpio_data_reset
                0x00400b84       0x2c ../lib/libmc1322x.a(gpio.o)
                0x00400b84                gpio_data_reset
                0x00400b8c                .real_start_ofgpio_data_reset
 .text.gpio_pad_dir_set
                0x00400bb0       0x2c ../lib/libmc1322x.a(gpio.o)
                0x00400bb0                gpio_pad_dir_set
                0x00400bb8                .real_start_ofgpio_pad_dir_set
 .text.gpio_pad_dir_reset
                0x00400bdc       0x2c ../lib/libmc1322x.a(gpio.o)
                0x00400bdc                gpio_pad_dir_reset
                0x00400be4                .real_start_ofgpio_pad_dir_reset
 .text          0x00400c08        0x0 ../src/src.a(start.o)
 .text          0x00400c08        0x0 ../src/src.a(isr.o)
 .text.irq_register_timer_handler
                0x00400c08       0x10 ../src/src.a(isr.o)
                0x00400c08                irq_register_timer_handler
 *(.gnu.warning)
 *(.glue_7t)
 .glue_7t       0x00400c18        0x0 obj_redbee-dev/blink-white.o
 .glue_7t       0x00400c18        0x0 ../lib/libmc1322x.a(gpio.o)
 .glue_7t       0x00400c18        0x0 ../src/src.a(start.o)
 .glue_7t       0x00400c18        0x0 ../src/src.a(isr.o)
 *(.glue_7)
 .glue_7        0x00400c18        0x0 obj_redbee-dev/blink-white.o
 .glue_7        0x00400c18        0x0 ../lib/libmc1322x.a(gpio.o)
 .glue_7        0x00400c18        0x0 ../src/src.a(start.o)
 .glue_7        0x00400c18        0x0 ../src/src.a(isr.o)
 *(.vfp11_veneer)
 .vfp11_veneer  0x00400c18        0x0 obj_redbee-dev/blink-white.o
 .vfp11_veneer  0x00400c18        0x0 ../lib/libmc1322x.a(gpio.o)
 .vfp11_veneer  0x00400c18        0x0 ../src/src.a(start.o)
 .vfp11_veneer  0x00400c18        0x0 ../src/src.a(isr.o)
 *(.v4_bx)
 .v4_bx         0x00400c18        0x0 obj_redbee-dev/blink-white.o
 .v4_bx         0x00400c18        0x0 ../lib/libmc1322x.a(gpio.o)
 .v4_bx         0x00400c18        0x0 ../src/src.a(start.o)
 .v4_bx         0x00400c18        0x0 ../src/src.a(isr.o)

.janus_2cc_veneer
                0x00400c18        0x0
 .janus_2cc_veneer
                0x00400c18        0x0 obj_redbee-dev/blink-white.o
 .janus_2cc_veneer
                0x00400c18        0x0 ../lib/libmc1322x.a(gpio.o)
 .janus_2cc_veneer
                0x00400c18        0x0 ../src/src.a(start.o)
 .janus_2cc_veneer
                0x00400c18        0x0 ../src/src.a(isr.o)

.interp
 *(.interp)

.note.gnu.build-id
 *(.note.gnu.build-id)

.hash
 *(.hash)

.gnu.hash
 *(.gnu.hash)

.dynsym
 *(.dynsym)

.dynstr
 *(.dynstr)

.gnu.version
 *(.gnu.version)

.gnu.version_d
 *(.gnu.version_d)

.gnu.version_r
 *(.gnu.version_r)

.rel.dyn
 *(.rel.init)
 *(.rel.text .rel.text.* .rel.gnu.linkonce.t.*)
 *(.rel.fini)
 *(.rel.rodata .rel.rodata.* .rel.gnu.linkonce.r.*)
 *(.rel.data.rel.ro* .rel.gnu.linkonce.d.rel.ro.*)
 *(.rel.data .rel.data.* .rel.gnu.linkonce.d.*)
 *(.rel.tdata .rel.tdata.* .rel.gnu.linkonce.td.*)
 *(.rel.tbss .rel.tbss.* .rel.gnu.linkonce.tb.*)
 *(.rel.ctors)
 *(.rel.dtors)
 *(.rel.got)
 *(.rel.bss .rel.bss.* .rel.gnu.linkonce.b.*)

.rela.dyn
 *(.rela.init)
 *(.rela.text .rela.text.* .rela.gnu.linkonce.t.*)
 *(.rela.fini)
 *(.rela.rodata .rela.rodata.* .rela.gnu.linkonce.r.*)
 *(.rela.data .rela.data.* .rela.gnu.linkonce.d.*)
 *(.rela.tdata .rela.tdata.* .rela.gnu.linkonce.td.*)
 *(.rela.tbss .rela.tbss.* .rela.gnu.linkonce.tb.*)
 *(.rela.ctors)
 *(.rela.dtors)
 *(.rela.got)
 *(.rela.bss .rela.bss.* .rela.gnu.linkonce.b.*)

.rel.plt
 *(.rel.plt)

.rela.plt
 *(.rela.plt)

.init
 *(.init)

.plt
 *(.plt)

.fini
 *(.fini)
                0x00400c18                PROVIDE (__etext, .)
                0x00400c18                PROVIDE (_etext, .)
                0x00400c18                PROVIDE (etext, .)

.rodata
 *(.rodata .rodata.* .gnu.linkonce.r.*)

.rodata1
 *(.rodata1)

.eh_frame_hdr
 *(.eh_frame_hdr)

.eh_frame
 *(.eh_frame)

.gcc_except_table
 *(.gcc_except_table .gcc_except_table.*)
                0x00400c18                . = ALIGN (0x4)
                0x00400c18                . = (0x4 DATA_SEGMENT_ALIGN 0x4)

.eh_frame
 *(.eh_frame)

.gcc_except_table
 *(.gcc_except_table .gcc_except_table.*)

.tdata
 *(.tdata .tdata.* .gnu.linkonce.td.*)

.tbss
 *(.tbss .tbss.* .gnu.linkonce.tb.*)
 *(.tcommon)

.preinit_array  0x00400c18        0x0
                0x00400c18                PROVIDE (__preinit_array_start, .)
 *(.preinit_array)
                0x00400c18                PROVIDE (__preinit_array_end, .)

.init_array     0x00400c18        0x0
                0x00400c18                PROVIDE (__init_array_start, .)
 *(SORT(.init_array.*))
 *(.init_array)
                0x00400c18                PROVIDE (__init_array_end, .)

.fini_array     0x00400c18        0x0
                0x00400c18                PROVIDE (__fini_array_start, .)
 *(.fini_array)
 *(SORT(.fini_array.*))
                0x00400c18                PROVIDE (__fini_array_end, .)

.ctors
 *crtbegin.o(.ctors)
 *crtbegin?.o(.ctors)
 *(EXCLUDE_FILE(*crtend?.o *crtend.o) .ctors)
 *(SORT(.ctors.*))
 *(.ctors)

.dtors
 *crtbegin.o(.dtors)
 *crtbegin?.o(.dtors)
 *(EXCLUDE_FILE(*crtend?.o *crtend.o) .dtors)
 *(SORT(.dtors.*))
 *(.dtors)

.jcr
 *(.jcr)

.data.rel.ro
 *(.data.rel.ro.local* .gnu.linkonce.d.rel.ro.local.*)
 *(.data.rel.ro* .gnu.linkonce.d.rel.ro.*)

.dynamic
 *(.dynamic)
                0x00400c18                . = (. DATA_SEGMENT_RELRO_END 0x0)

.got
 *(.got.plt)
 *(.got)

.data           0x00400c18       0x10
                0x00400c18                __data_start = .
 *(.data .data.* .gnu.linkonce.d.*)
 .data          0x00400c18        0x0 obj_redbee-dev/blink-white.o
 .data          0x00400c18        0x0 ../lib/libmc1322x.a(gpio.o)
 .data          0x00400c18        0x0 ../src/src.a(start.o)
 .data          0x00400c18       0x10 ../src/src.a(isr.o)

.data1
 *(.data1)
                0x00400c28                _edata = .
                0x00400c28                PROVIDE (edata, .)

.stack          0x00400c28      0x720
                0x00400c28                __stack_start__ = .
                0x00400d28                . = (. + IRQ_STACK_SIZE)
 *fill*         0x00400c28      0x100 00
                0x00400d28                . = ALIGN (0x4)
                0x00400d28                __irq_stack_top__ = .
                0x00400e28                . = (. + FIQ_STACK_SIZE)
 *fill*         0x00400d28      0x100 00
                0x00400e28                . = ALIGN (0x4)
                0x00400e28                __fiq_stack_top__ = .
                0x00400f28                . = (. + SVC_STACK_SIZE)
 *fill*         0x00400e28      0x100 00
                0x00400f28                . = ALIGN (0x4)
                0x00400f28                __svc_stack_top__ = .
                0x00400f38                . = (. + ABT_STACK_SIZE)
 *fill*         0x00400f28       0x10 00
                0x00400f38                . = ALIGN (0x4)
                0x00400f38                __abt_stack_top__ = .
                0x00400f48                . = (. + UND_STACK_SIZE)
 *fill*         0x00400f38       0x10 00
                0x00400f48                . = ALIGN (0x4)
                0x00400f48                __und_stack_top__ = .
                0x00401348                . = (. + SYS_STACK_SIZE)
 *fill*         0x00400f48      0x400 00
                0x00401348                . = ALIGN (0x4)
                0x00401348                __sys_stack_top__ = .
                0x00401348                __stack_end__ = .
                0x00401348                __bss_start = .
                0x00401348                __bss_start__ = .

.bss            0x00401348        0x0
 *(.dynbss)
 *(.bss .bss.* .gnu.linkonce.b.*)
 .bss           0x00401348        0x0 obj_redbee-dev/blink-white.o
 .bss           0x00401348        0x0 ../lib/libmc1322x.a(gpio.o)
 .bss           0x00401348        0x0 ../src/src.a(start.o)
 .bss           0x00401348        0x0 ../src/src.a(isr.o)
 *(COMMON)
                0x00401348                . = ALIGN ((. != 0x0)?0x4:0x1)
                0x00401348                _bss_end__ = .
                0x00401348                __bss_end__ = .
                0x00401348                . = ALIGN (0x4)

.heap           0x00401348      0x400
                0x00401348                __heap_start__ = .
 *(.heap)
                0x00401748                . = (. + HEAP_SIZE)
 *fill*         0x00401348      0x400 00
                0x00401748                . = ALIGN (0x4)
                0x00401748                __heap_end__ = .
                0x00401748                . = ALIGN (0x4)
                0x00401748                __end__ = .
                0x00401748                _end = .
                0x00401748                PROVIDE (end, .)
                0x00401748                . = DATA_SEGMENT_END (.)

.stab           0x00000000      0x18c
 *(.stab)
 .stab          0x00000000      0x18c ../src/src.a(start.o)

.stabstr        0x00000000       0x21
 *(.stabstr)
 .stabstr       0x00000000       0x21 ../src/src.a(start.o)

.stab.excl
 *(.stab.excl)

.stab.exclstr
 *(.stab.exclstr)

.stab.index
 *(.stab.index)

.stab.indexstr
 *(.stab.indexstr)

.comment        0x00000000       0x7e
 *(.comment)
 .comment       0x00000000       0x2a obj_redbee-dev/blink-white.o
 .comment       0x0000002a       0x2a ../lib/libmc1322x.a(gpio.o)
 .comment       0x00000054       0x2a ../src/src.a(isr.o)

.debug
 *(.debug)

.line
 *(.line)

.debug_srcinfo
 *(.debug_srcinfo)

.debug_sfnames
 *(.debug_sfnames)

.debug_aranges  0x00000000       0xb0
 *(.debug_aranges)
 .debug_aranges
                0x00000000       0x20 obj_redbee-dev/blink-white.o
 .debug_aranges
                0x00000020       0x68 ../lib/libmc1322x.a(gpio.o)
 .debug_aranges
                0x00000088       0x28 ../src/src.a(isr.o)

.debug_pubnames
                0x00000000      0x122
 *(.debug_pubnames)
 .debug_pubnames
                0x00000000       0x1b obj_redbee-dev/blink-white.o
 .debug_pubnames
                0x0000001b       0xce ../lib/libmc1322x.a(gpio.o)
 .debug_pubnames
                0x000000e9       0x39 ../src/src.a(isr.o)

.debug_info     0x00000000    0x18ed5
 *(.debug_info .gnu.linkonce.wi.*)
 .debug_info    0x00000000     0x842a obj_redbee-dev/blink-white.o
 .debug_info    0x0000842a     0x85d7 ../lib/libmc1322x.a(gpio.o)
 .debug_info    0x00010a01     0x84d4 ../src/src.a(isr.o)

.debug_abbrev   0x00000000      0x488
 *(.debug_abbrev)
 .debug_abbrev  0x00000000      0x155 obj_redbee-dev/blink-white.o
 .debug_abbrev  0x00000155      0x18a ../lib/libmc1322x.a(gpio.o)
 .debug_abbrev  0x000002df      0x1a9 ../src/src.a(isr.o)

.debug_line     0x00000000      0x3bb
 *(.debug_line)
 .debug_line    0x00000000       0xf0 obj_redbee-dev/blink-white.o
 .debug_line    0x000000f0      0x1b4 ../lib/libmc1322x.a(gpio.o)
 .debug_line    0x000002a4      0x117 ../src/src.a(isr.o)

.debug_frame    0x00000000      0x194
 *(.debug_frame)
 .debug_frame   0x00000000       0x28 obj_redbee-dev/blink-white.o
 .debug_frame   0x00000028      0x128 ../lib/libmc1322x.a(gpio.o)
 .debug_frame   0x00000150       0x44 ../src/src.a(isr.o)

.debug_str      0x00000000     0x352f
 *(.debug_str)
 .debug_str     0x00000000     0x33a1 obj_redbee-dev/blink-white.o
                               0x35a0 (size before relaxing)
 .debug_str     0x000033a1       0xb1 ../lib/libmc1322x.a(gpio.o)
                               0x3648 (size before relaxing)
 .debug_str     0x00003452       0xdd ../src/src.a(isr.o)
                               0x366a (size before relaxing)

.debug_loc      0x00000000      0x25e
 *(.debug_loc)
 .debug_loc     0x00000000       0x6d obj_redbee-dev/blink-white.o
 .debug_loc     0x0000006d      0x1d2 ../lib/libmc1322x.a(gpio.o)
 .debug_loc     0x0000023f       0x1f ../src/src.a(isr.o)

.debug_macinfo
 *(.debug_macinfo)

.debug_weaknames
 *(.debug_weaknames)

.debug_funcnames
 *(.debug_funcnames)

.debug_typenames
 *(.debug_typenames)

.debug_varnames
 *(.debug_varnames)

.debug_pubtypes
 *(.debug_pubtypes)

.debug_ranges   0x00000000       0x98
 *(.debug_ranges)
 .debug_ranges  0x00000000       0x18 obj_redbee-dev/blink-white.o
 .debug_ranges  0x00000018       0x60 ../lib/libmc1322x.a(gpio.o)
 .debug_ranges  0x00000078       0x20 ../src/src.a(isr.o)

.gnu.attributes
 *(.gnu.attributes)

.note.gnu.arm.ident
 *(.note.gnu.arm.ident)

/DISCARD/
 *(.note.GNU-stack)
 *(.gnu_debuglink)
OUTPUT(blink-white_redbee-dev.elf elf32-littlearm)

.ARM.attributes
                0x00000000       0x2a
 .ARM.attributes
                0x00000000       0x2a obj_redbee-dev/blink-white.o
 .ARM.attributes
                0x0000002a       0x2a ../lib/libmc1322x.a(gpio.o)
 .ARM.attributes
                0x00000054       0x18 ../src/src.a(start.o)
 .ARM.attributes
                0x0000006c       0x28 ../src/src.a(isr.o)
