Archive member included because of file (symbol)

obj_redbee-usb/board.a(tests.o)
                              obj_redbee-usb/nvm-read.o (print_welcome)
obj_redbee-usb/board.a(put.o)
                              obj_redbee-usb/nvm-read.o (putstr)
../lib/libmc1322x.a(nvm.o)    obj_redbee-usb/nvm-read.o (nvm_detect)
../lib/libmc1322x.a(printf.o)
                              obj_redbee-usb/board.a(tests.o) (printf)
../lib/libmc1322x.a(uart1.o)  ../lib/libmc1322x.a(printf.o) (uart1_putc)
../src/src-romvars.a(default_lowlevel.o)
                              obj_redbee-usb/nvm-read.o (default_vreg_init)
../src/src-romvars.a(start-romvars.o)
                              (_start)
../src/src-romvars.a(isr.o)   ../src/src-romvars.a(start-romvars.o) (irq)
/usr/local/xtools/arm-none-eabi/bin/../lib/gcc/arm-none-eabi/4.3.2/libgcc.a(_udivsi3.o)
                              ../lib/libmc1322x.a(printf.o) (__aeabi_uidiv)
/usr/local/xtools/arm-none-eabi/bin/../lib/gcc/arm-none-eabi/4.3.2/libgcc.a(_dvmd_tls.o)
                              /usr/local/xtools/arm-none-eabi/bin/../lib/gcc/arm-none-eabi/4.3.2/libgcc.a(_udivsi3.o) (__aeabi_idiv0)
/usr/local/xtools/arm-none-eabi/bin/../lib/gcc/arm-none-eabi/4.3.2/../../../../arm-none-eabi/lib/libc.a(lib_a-strlen.o)
                              ../lib/libmc1322x.a(printf.o) (strlen)

Memory Configuration

Name             Origin             Length             Attributes
ram              0x00400000         0x00018000         xrw
*default*        0x00000000         0xffffffff

Linker script and memory map

START GROUP
LOAD obj_redbee-usb/nvm-read.o
LOAD obj_redbee-usb/board.a
LOAD ../lib/libmc1322x.a
LOAD ../src/src-romvars.a
LOAD /usr/local/xtools/arm-none-eabi/bin/../lib/gcc/arm-none-eabi/4.3.2/../../../../arm-none-eabi/lib/libm.a
END GROUP
START GROUP
LOAD /usr/local/xtools/arm-none-eabi/bin/../lib/gcc/arm-none-eabi/4.3.2/libgcc.a
LOAD /usr/local/xtools/arm-none-eabi/bin/../lib/gcc/arm-none-eabi/4.3.2/../../../../arm-none-eabi/lib/libc.a
END GROUP
                0x00000400                SYS_STACK_SIZE = 0x400
                0x00000100                IRQ_STACK_SIZE = 0x100
                0x00000100                FIQ_STACK_SIZE = 0x100
                0x00000100                SVC_STACK_SIZE = 0x100
                0x00000010                ABT_STACK_SIZE = 0x10
                0x00000010                UND_STACK_SIZE = 0x10
                0x00000400                HEAP_SIZE = 0x400
                0x00400000                PROVIDE (__executable_start, 0x400000)
                0x00400000                . = 0x400000

.text           0x00400000     0x1d74
 *(.start)
 .start         0x00400000     0x1000 ../src/src-romvars.a(start-romvars.o)
                0x00400880                _bss_start
                0x00400884                _bss_end
                0x00400000                _start
 *(.irq)
 .irq           0x00401000      0x1dc ../src/src-romvars.a(isr.o)
                0x00401000                irq
 *(.text .stub .text.* .gnu.linkonce.t.*)
 .text          0x004011dc        0x0 obj_redbee-usb/nvm-read.o
 .text.main     0x004011dc      0x124 obj_redbee-usb/nvm-read.o
                0x004011e4                .real_start_ofmain
                0x004011dc                main
 .text          0x00401300        0x0 obj_redbee-usb/board.a(tests.o)
 .text.dump_regs
                0x00401300       0x84 obj_redbee-usb/board.a(tests.o)
                0x00401308                .real_start_ofdump_regs
                0x00401300                dump_regs
 .text.print_packet
                0x00401384       0xd4 obj_redbee-usb/board.a(tests.o)
                0x0040138c                .real_start_ofprint_packet
                0x00401384                print_packet
 .text.print_welcome
                0x00401458       0x38 obj_redbee-usb/board.a(tests.o)
                0x00401458                print_welcome
                0x00401460                .real_start_ofprint_welcome
 .text          0x00401490        0x0 obj_redbee-usb/board.a(put.o)
 .text.putchr   0x00401490       0x24 obj_redbee-usb/board.a(put.o)
                0x00401498                .real_start_ofputchr
                0x00401490                putchr
 .text.putstr   0x004014b4       0x30 obj_redbee-usb/board.a(put.o)
                0x004014bc                .real_start_ofputstr
                0x004014b4                putstr
 .text.put_hex  0x004014e4       0x34 obj_redbee-usb/board.a(put.o)
                0x004014ec                .real_start_ofput_hex
                0x004014e4                put_hex
 .text.put_hex16
                0x00401518       0x2c obj_redbee-usb/board.a(put.o)
                0x00401518                put_hex16
                0x00401520                .real_start_ofput_hex16
 .text.put_hex32
                0x00401544       0x3c obj_redbee-usb/board.a(put.o)
                0x0040154c                .real_start_ofput_hex32
                0x00401544                put_hex32
 .text          0x00401580        0x0 ../lib/libmc1322x.a(nvm.o)
 .text          0x00401580        0x0 ../lib/libmc1322x.a(printf.o)
 .text.__print_char
                0x00401580       0x60 ../lib/libmc1322x.a(printf.o)
 .text.__print_str
                0x004015e0       0xf4 ../lib/libmc1322x.a(printf.o)
 .text.__print_int
                0x004016d4       0xdc ../lib/libmc1322x.a(printf.o)
 .text.__print_fmt
                0x004017b0      0x1bc ../lib/libmc1322x.a(printf.o)
 .text.printf   0x0040196c       0x30 ../lib/libmc1322x.a(printf.o)
                0x0040196c                printf
                0x00401974                .real_start_ofprintf
 .text.sprintf  0x0040199c       0x3c ../lib/libmc1322x.a(printf.o)
                0x004019a4                .real_start_ofsprintf
                0x0040199c                sprintf
 .text          0x004019d8        0x0 ../lib/libmc1322x.a(uart1.o)
 .text.uart1_isr
                0x004019d8       0x54 ../lib/libmc1322x.a(uart1.o)
                0x004019d8                uart1_isr
                0x004019e0                .real_start_ofuart1_isr
 .text.uart1_putc
                0x00401a2c       0x78 ../lib/libmc1322x.a(uart1.o)
                0x00401a34                .real_start_ofuart1_putc
                0x00401a2c                uart1_putc
 .text.uart1_getc
                0x00401aa4       0x28 ../lib/libmc1322x.a(uart1.o)
                0x00401aa4                uart1_getc
                0x00401aac                .real_start_ofuart1_getc
 .text          0x00401acc        0x0 ../src/src-romvars.a(default_lowlevel.o)
 .text.default_vreg_init
                0x00401acc       0x4c ../src/src-romvars.a(default_lowlevel.o)
                0x00401ad4                .real_start_ofdefault_vreg_init
                0x00401acc                default_vreg_init
 .text.uart1_init
                0x00401b18       0x98 ../src/src-romvars.a(default_lowlevel.o)
                0x00401b18                uart1_init
                0x00401b20                .real_start_ofuart1_init
 .text          0x00401bb0        0x0 ../src/src-romvars.a(start-romvars.o)
 .text          0x00401bb0        0x0 ../src/src-romvars.a(isr.o)
 .text.irq_register_timer_handler
                0x00401bb0       0x10 ../src/src-romvars.a(isr.o)
                0x00401bb0                irq_register_timer_handler
 .text          0x00401bc0      0x114 /usr/local/xtools/arm-none-eabi/bin/../lib/gcc/arm-none-eabi/4.3.2/libgcc.a(_udivsi3.o)
                0x00401bc0                __udivsi3
                0x00401bc0                __aeabi_uidiv
                0x00401cb4                __aeabi_uidivmod
 .text          0x00401cd4        0x4 /usr/local/xtools/arm-none-eabi/bin/../lib/gcc/arm-none-eabi/4.3.2/libgcc.a(_dvmd_tls.o)
                0x00401cd4                __aeabi_ldiv0
                0x00401cd4                __aeabi_idiv0
 .text          0x00401cd8       0x9c /usr/local/xtools/arm-none-eabi/bin/../lib/gcc/arm-none-eabi/4.3.2/../../../../arm-none-eabi/lib/libc.a(lib_a-strlen.o)
                0x00401cd8                strlen
 *(.gnu.warning)
 *(.glue_7t)
 .glue_7t       0x00401d74        0x0 obj_redbee-usb/nvm-read.o
 .glue_7t       0x00401d74        0x0 obj_redbee-usb/board.a(tests.o)
 .glue_7t       0x00401d74        0x0 obj_redbee-usb/board.a(put.o)
 .glue_7t       0x00401d74        0x0 ../lib/libmc1322x.a(nvm.o)
 .glue_7t       0x00401d74        0x0 ../lib/libmc1322x.a(printf.o)
 .glue_7t       0x00401d74        0x0 ../lib/libmc1322x.a(uart1.o)
 .glue_7t       0x00401d74        0x0 ../src/src-romvars.a(default_lowlevel.o)
 .glue_7t       0x00401d74        0x0 ../src/src-romvars.a(start-romvars.o)
 .glue_7t       0x00401d74        0x0 ../src/src-romvars.a(isr.o)
 .glue_7t       0x00401d74        0x0 /usr/local/xtools/arm-none-eabi/bin/../lib/gcc/arm-none-eabi/4.3.2/libgcc.a(_udivsi3.o)
 .glue_7t       0x00401d74        0x0 /usr/local/xtools/arm-none-eabi/bin/../lib/gcc/arm-none-eabi/4.3.2/libgcc.a(_dvmd_tls.o)
 .glue_7t       0x00401d74        0x0 /usr/local/xtools/arm-none-eabi/bin/../lib/gcc/arm-none-eabi/4.3.2/../../../../arm-none-eabi/lib/libc.a(lib_a-strlen.o)
 *(.glue_7)
 .glue_7        0x00401d74        0x0 obj_redbee-usb/nvm-read.o
 .glue_7        0x00401d74        0x0 obj_redbee-usb/board.a(tests.o)
 .glue_7        0x00401d74        0x0 obj_redbee-usb/board.a(put.o)
 .glue_7        0x00401d74        0x0 ../lib/libmc1322x.a(nvm.o)
 .glue_7        0x00401d74        0x0 ../lib/libmc1322x.a(printf.o)
 .glue_7        0x00401d74        0x0 ../lib/libmc1322x.a(uart1.o)
 .glue_7        0x00401d74        0x0 ../src/src-romvars.a(default_lowlevel.o)
 .glue_7        0x00401d74        0x0 ../src/src-romvars.a(start-romvars.o)
 .glue_7        0x00401d74        0x0 ../src/src-romvars.a(isr.o)
 .glue_7        0x00401d74        0x0 /usr/local/xtools/arm-none-eabi/bin/../lib/gcc/arm-none-eabi/4.3.2/libgcc.a(_udivsi3.o)
 .glue_7        0x00401d74        0x0 /usr/local/xtools/arm-none-eabi/bin/../lib/gcc/arm-none-eabi/4.3.2/libgcc.a(_dvmd_tls.o)
 .glue_7        0x00401d74        0x0 /usr/local/xtools/arm-none-eabi/bin/../lib/gcc/arm-none-eabi/4.3.2/../../../../arm-none-eabi/lib/libc.a(lib_a-strlen.o)
 *(.vfp11_veneer)
 .vfp11_veneer  0x00401d74        0x0 obj_redbee-usb/nvm-read.o
 .vfp11_veneer  0x00401d74        0x0 obj_redbee-usb/board.a(tests.o)
 .vfp11_veneer  0x00401d74        0x0 obj_redbee-usb/board.a(put.o)
 .vfp11_veneer  0x00401d74        0x0 ../lib/libmc1322x.a(nvm.o)
 .vfp11_veneer  0x00401d74        0x0 ../lib/libmc1322x.a(printf.o)
 .vfp11_veneer  0x00401d74        0x0 ../lib/libmc1322x.a(uart1.o)
 .vfp11_veneer  0x00401d74        0x0 ../src/src-romvars.a(default_lowlevel.o)
 .vfp11_veneer  0x00401d74        0x0 ../src/src-romvars.a(start-romvars.o)
 .vfp11_veneer  0x00401d74        0x0 ../src/src-romvars.a(isr.o)
 .vfp11_veneer  0x00401d74        0x0 /usr/local/xtools/arm-none-eabi/bin/../lib/gcc/arm-none-eabi/4.3.2/libgcc.a(_udivsi3.o)
 .vfp11_veneer  0x00401d74        0x0 /usr/local/xtools/arm-none-eabi/bin/../lib/gcc/arm-none-eabi/4.3.2/libgcc.a(_dvmd_tls.o)
 .vfp11_veneer  0x00401d74        0x0 /usr/local/xtools/arm-none-eabi/bin/../lib/gcc/arm-none-eabi/4.3.2/../../../../arm-none-eabi/lib/libc.a(lib_a-strlen.o)
 *(.v4_bx)
 .v4_bx         0x00401d74        0x0 obj_redbee-usb/nvm-read.o
 .v4_bx         0x00401d74        0x0 obj_redbee-usb/board.a(tests.o)
 .v4_bx         0x00401d74        0x0 obj_redbee-usb/board.a(put.o)
 .v4_bx         0x00401d74        0x0 ../lib/libmc1322x.a(nvm.o)
 .v4_bx         0x00401d74        0x0 ../lib/libmc1322x.a(printf.o)
 .v4_bx         0x00401d74        0x0 ../lib/libmc1322x.a(uart1.o)
 .v4_bx         0x00401d74        0x0 ../src/src-romvars.a(default_lowlevel.o)
 .v4_bx         0x00401d74        0x0 ../src/src-romvars.a(start-romvars.o)
 .v4_bx         0x00401d74        0x0 ../src/src-romvars.a(isr.o)
 .v4_bx         0x00401d74        0x0 /usr/local/xtools/arm-none-eabi/bin/../lib/gcc/arm-none-eabi/4.3.2/libgcc.a(_udivsi3.o)
 .v4_bx         0x00401d74        0x0 /usr/local/xtools/arm-none-eabi/bin/../lib/gcc/arm-none-eabi/4.3.2/libgcc.a(_dvmd_tls.o)
 .v4_bx         0x00401d74        0x0 /usr/local/xtools/arm-none-eabi/bin/../lib/gcc/arm-none-eabi/4.3.2/../../../../arm-none-eabi/lib/libc.a(lib_a-strlen.o)

.janus_2cc_veneer
                0x00401d74        0x0
 .janus_2cc_veneer
                0x00401d74        0x0 obj_redbee-usb/nvm-read.o
 .janus_2cc_veneer
                0x00401d74        0x0 obj_redbee-usb/board.a(tests.o)
 .janus_2cc_veneer
                0x00401d74        0x0 obj_redbee-usb/board.a(put.o)
 .janus_2cc_veneer
                0x00401d74        0x0 ../lib/libmc1322x.a(nvm.o)
 .janus_2cc_veneer
                0x00401d74        0x0 ../lib/libmc1322x.a(printf.o)
 .janus_2cc_veneer
                0x00401d74        0x0 ../lib/libmc1322x.a(uart1.o)
 .janus_2cc_veneer
                0x00401d74        0x0 ../src/src-romvars.a(default_lowlevel.o)
 .janus_2cc_veneer
                0x00401d74        0x0 ../src/src-romvars.a(start-romvars.o)
 .janus_2cc_veneer
                0x00401d74        0x0 ../src/src-romvars.a(isr.o)
 .janus_2cc_veneer
                0x00401d74        0x0 /usr/local/xtools/arm-none-eabi/bin/../lib/gcc/arm-none-eabi/4.3.2/libgcc.a(_udivsi3.o)
 .janus_2cc_veneer
                0x00401d74        0x0 /usr/local/xtools/arm-none-eabi/bin/../lib/gcc/arm-none-eabi/4.3.2/libgcc.a(_dvmd_tls.o)
 .janus_2cc_veneer
                0x00401d74        0x0 /usr/local/xtools/arm-none-eabi/bin/../lib/gcc/arm-none-eabi/4.3.2/../../../../arm-none-eabi/lib/libc.a(lib_a-strlen.o)

.interp
 *(.interp)

.note.gnu.build-id
 *(.note.gnu.build-id)

.hash
 *(.hash)

.gnu.hash
 *(.gnu.hash)

.dynsym
 *(.dynsym)

.dynstr
 *(.dynstr)

.gnu.version
 *(.gnu.version)

.gnu.version_d
 *(.gnu.version_d)

.gnu.version_r
 *(.gnu.version_r)

.rel.dyn
 *(.rel.init)
 *(.rel.text .rel.text.* .rel.gnu.linkonce.t.*)
 *(.rel.fini)
 *(.rel.rodata .rel.rodata.* .rel.gnu.linkonce.r.*)
 *(.rel.data.rel.ro* .rel.gnu.linkonce.d.rel.ro.*)
 *(.rel.data .rel.data.* .rel.gnu.linkonce.d.*)
 *(.rel.tdata .rel.tdata.* .rel.gnu.linkonce.td.*)
 *(.rel.tbss .rel.tbss.* .rel.gnu.linkonce.tb.*)
 *(.rel.ctors)
 *(.rel.dtors)
 *(.rel.got)
 *(.rel.bss .rel.bss.* .rel.gnu.linkonce.b.*)

.rela.dyn
 *(.rela.init)
 *(.rela.text .rela.text.* .rela.gnu.linkonce.t.*)
 *(.rela.fini)
 *(.rela.rodata .rela.rodata.* .rela.gnu.linkonce.r.*)
 *(.rela.data .rela.data.* .rela.gnu.linkonce.d.*)
 *(.rela.tdata .rela.tdata.* .rela.gnu.linkonce.td.*)
 *(.rela.tbss .rela.tbss.* .rela.gnu.linkonce.tb.*)
 *(.rela.ctors)
 *(.rela.dtors)
 *(.rela.got)
 *(.rela.bss .rela.bss.* .rela.gnu.linkonce.b.*)

.rel.plt
 *(.rel.plt)

.rela.plt
 *(.rela.plt)

.init
 *(.init)

.plt
 *(.plt)

.fini
 *(.fini)
                0x00401d74                PROVIDE (__etext, .)
                0x00401d74                PROVIDE (_etext, .)
                0x00401d74                PROVIDE (etext, .)

.rodata         0x00401d74      0x12c
 *(.rodata .rodata.* .gnu.linkonce.r.*)
 .rodata.str1.1
                0x00401d74       0x5d obj_redbee-usb/nvm-read.o
                                 0x63 (size before relaxing)
 .rodata.str1.1
                0x00401dd1       0xb8 obj_redbee-usb/board.a(tests.o)
                                 0xbb (size before relaxing)
 .rodata        0x00401e89       0x10 obj_redbee-usb/board.a(put.o)
                0x00401e89                hex
 .rodata.str1.1
                0x00401e99        0x7 ../lib/libmc1322x.a(printf.o)

.rodata1
 *(.rodata1)

.eh_frame_hdr
 *(.eh_frame_hdr)

.eh_frame
 *(.eh_frame)

.gcc_except_table
 *(.gcc_except_table .gcc_except_table.*)
                0x00401ea0                . = ALIGN (0x4)
                0x00401ea0                . = (0x4 DATA_SEGMENT_ALIGN 0x4)

.eh_frame
 *(.eh_frame)

.gcc_except_table
 *(.gcc_except_table .gcc_except_table.*)

.tdata
 *(.tdata .tdata.* .gnu.linkonce.td.*)

.tbss
 *(.tbss .tbss.* .gnu.linkonce.tb.*)
 *(.tcommon)

.preinit_array  0x00401ea0        0x0
                0x00401ea0                PROVIDE (__preinit_array_start, .)
 *(.preinit_array)
                0x00401ea0                PROVIDE (__preinit_array_end, .)

.init_array     0x00401ea0        0x0
                0x00401ea0                PROVIDE (__init_array_start, .)
 *(SORT(.init_array.*))
 *(.init_array)
                0x00401ea0                PROVIDE (__init_array_end, .)

.fini_array     0x00401ea0        0x0
                0x00401ea0                PROVIDE (__fini_array_start, .)
 *(.fini_array)
 *(SORT(.fini_array.*))
                0x00401ea0                PROVIDE (__fini_array_end, .)

.ctors
 *crtbegin.o(.ctors)
 *crtbegin?.o(.ctors)
 *(EXCLUDE_FILE(*crtend?.o *crtend.o) .ctors)
 *(SORT(.ctors.*))
 *(.ctors)

.dtors
 *crtbegin.o(.dtors)
 *crtbegin?.o(.dtors)
 *(EXCLUDE_FILE(*crtend?.o *crtend.o) .dtors)
 *(SORT(.dtors.*))
 *(.dtors)

.jcr
 *(.jcr)

.data.rel.ro
 *(.data.rel.ro.local* .gnu.linkonce.d.rel.ro.local.*)
 *(.data.rel.ro* .gnu.linkonce.d.rel.ro.*)

.dynamic
 *(.dynamic)
                0x00401ea0                . = (. DATA_SEGMENT_RELRO_END 0x0)

.got
 *(.got.plt)
 *(.got)

.data           0x00401ea0       0x24
                0x00401ea0                __data_start = .
 *(.data .data.* .gnu.linkonce.d.*)
 .data          0x00401ea0        0x0 obj_redbee-usb/nvm-read.o
 .data          0x00401ea0        0x0 obj_redbee-usb/board.a(tests.o)
 .data          0x00401ea0        0x0 obj_redbee-usb/board.a(put.o)
 .data          0x00401ea0       0x14 ../lib/libmc1322x.a(nvm.o)
                0x00401eac                nvm_erase
                0x00401eb0                nvm_setsvar
                0x00401ea4                nvm_read
                0x00401ea8                nvm_write
                0x00401ea0                nvm_detect
 .data          0x00401eb4        0x0 ../lib/libmc1322x.a(printf.o)
 .data          0x00401eb4        0x0 ../lib/libmc1322x.a(uart1.o)
 .data          0x00401eb4        0x0 ../src/src-romvars.a(default_lowlevel.o)
 .data          0x00401eb4        0x0 ../src/src-romvars.a(start-romvars.o)
 .data          0x00401eb4       0x10 ../src/src-romvars.a(isr.o)
 .data          0x00401ec4        0x0 /usr/local/xtools/arm-none-eabi/bin/../lib/gcc/arm-none-eabi/4.3.2/libgcc.a(_udivsi3.o)
 .data          0x00401ec4        0x0 /usr/local/xtools/arm-none-eabi/bin/../lib/gcc/arm-none-eabi/4.3.2/libgcc.a(_dvmd_tls.o)
 .data          0x00401ec4        0x0 /usr/local/xtools/arm-none-eabi/bin/../lib/gcc/arm-none-eabi/4.3.2/../../../../arm-none-eabi/lib/libc.a(lib_a-strlen.o)

.data1
 *(.data1)
                0x00401ec4                _edata = .
                0x00401ec4                PROVIDE (edata, .)

.stack          0x00401ec4      0x720
                0x00401ec4                __stack_start__ = .
                0x00401fc4                . = (. + IRQ_STACK_SIZE)
 *fill*         0x00401ec4      0x100 00
                0x00401fc4                . = ALIGN (0x4)
                0x00401fc4                __irq_stack_top__ = .
                0x004020c4                . = (. + FIQ_STACK_SIZE)
 *fill*         0x00401fc4      0x100 00
                0x004020c4                . = ALIGN (0x4)
                0x004020c4                __fiq_stack_top__ = .
                0x004021c4                . = (. + SVC_STACK_SIZE)
 *fill*         0x004020c4      0x100 00
                0x004021c4                . = ALIGN (0x4)
                0x004021c4                __svc_stack_top__ = .
                0x004021d4                . = (. + ABT_STACK_SIZE)
 *fill*         0x004021c4       0x10 00
                0x004021d4                . = ALIGN (0x4)
                0x004021d4                __abt_stack_top__ = .
                0x004021e4                . = (. + UND_STACK_SIZE)
 *fill*         0x004021d4       0x10 00
                0x004021e4                . = ALIGN (0x4)
                0x004021e4                __und_stack_top__ = .
                0x004025e4                . = (. + SYS_STACK_SIZE)
 *fill*         0x004021e4      0x400 00
                0x004025e4                . = ALIGN (0x4)
                0x004025e4                __sys_stack_top__ = .
                0x004025e4                __stack_end__ = .
                0x004025e4                __bss_start = .
                0x004025e4                __bss_start__ = .

.bss            0x004025e4       0x48
 *(.dynbss)
 *(.bss .bss.* .gnu.linkonce.b.*)
 .bss           0x004025e4        0x0 obj_redbee-usb/nvm-read.o
 .bss           0x004025e4        0x0 obj_redbee-usb/board.a(tests.o)
 .bss           0x004025e4        0x0 obj_redbee-usb/board.a(put.o)
 .bss           0x004025e4        0x0 ../lib/libmc1322x.a(nvm.o)
 .bss           0x004025e4        0x0 ../lib/libmc1322x.a(printf.o)
 .bss           0x004025e4       0x48 ../lib/libmc1322x.a(uart1.o)
                0x004025ec                u1_tx_buf
                0x004025e8                u1_tail
                0x004025e4                u1_head
 .bss           0x0040262c        0x0 ../src/src-romvars.a(default_lowlevel.o)
 .bss           0x0040262c        0x0 ../src/src-romvars.a(start-romvars.o)
 .bss           0x0040262c        0x0 ../src/src-romvars.a(isr.o)
 .bss           0x0040262c        0x0 /usr/local/xtools/arm-none-eabi/bin/../lib/gcc/arm-none-eabi/4.3.2/libgcc.a(_udivsi3.o)
 .bss           0x0040262c        0x0 /usr/local/xtools/arm-none-eabi/bin/../lib/gcc/arm-none-eabi/4.3.2/libgcc.a(_dvmd_tls.o)
 .bss           0x0040262c        0x0 /usr/local/xtools/arm-none-eabi/bin/../lib/gcc/arm-none-eabi/4.3.2/../../../../arm-none-eabi/lib/libc.a(lib_a-strlen.o)
 *(COMMON)
                0x0040262c                . = ALIGN ((. != 0x0)?0x4:0x1)
                0x0040262c                _bss_end__ = .
                0x0040262c                __bss_end__ = .
                0x0040262c                . = ALIGN (0x4)

.heap           0x0040262c      0x400
                0x0040262c                __heap_start__ = .
 *(.heap)
                0x00402a2c                . = (. + HEAP_SIZE)
 *fill*         0x0040262c      0x400 00
                0x00402a2c                . = ALIGN (0x4)
                0x00402a2c                __heap_end__ = .
                0x00402a2c                . = ALIGN (0x4)
                0x00402a2c                __end__ = .
                0x00402a2c                _end = .
                0x00402a2c                PROVIDE (end, .)
                0x00402a2c                . = DATA_SEGMENT_END (.)

.stab           0x00000000      0x1e0
 *(.stab)
 .stab          0x00000000      0x1e0 ../src/src-romvars.a(start-romvars.o)

.stabstr        0x00000000       0x21
 *(.stabstr)
 .stabstr       0x00000000       0x21 ../src/src-romvars.a(start-romvars.o)

.stab.excl
 *(.stab.excl)

.stab.exclstr
 *(.stab.exclstr)

.stab.index
 *(.stab.index)

.stab.indexstr
 *(.stab.indexstr)

.comment        0x00000000      0x150
 *(.comment)
 .comment       0x00000000       0x2a obj_redbee-usb/nvm-read.o
 .comment       0x0000002a       0x2a obj_redbee-usb/board.a(tests.o)
 .comment       0x00000054       0x2a obj_redbee-usb/board.a(put.o)
 .comment       0x0000007e       0x2a ../lib/libmc1322x.a(nvm.o)
 .comment       0x000000a8       0x2a ../lib/libmc1322x.a(printf.o)
 .comment       0x000000d2       0x2a ../lib/libmc1322x.a(uart1.o)
 .comment       0x000000fc       0x2a ../src/src-romvars.a(default_lowlevel.o)
 .comment       0x00000126       0x2a ../src/src-romvars.a(isr.o)

.debug
 *(.debug)

.line
 *(.line)

.debug_srcinfo
 *(.debug_srcinfo)

.debug_sfnames
 *(.debug_sfnames)

.debug_aranges  0x00000000      0x158
 *(.debug_aranges)
 .debug_aranges
                0x00000000       0x20 obj_redbee-usb/nvm-read.o
 .debug_aranges
                0x00000020       0x30 obj_redbee-usb/board.a(tests.o)
 .debug_aranges
                0x00000050       0x40 obj_redbee-usb/board.a(put.o)
 .debug_aranges
                0x00000090       0x48 ../lib/libmc1322x.a(printf.o)
 .debug_aranges
                0x000000d8       0x30 ../lib/libmc1322x.a(uart1.o)
 .debug_aranges
                0x00000108       0x28 ../src/src-romvars.a(default_lowlevel.o)
 .debug_aranges
                0x00000130       0x28 ../src/src-romvars.a(isr.o)

.debug_pubnames
                0x00000000      0x20d
 *(.debug_pubnames)
 .debug_pubnames
                0x00000000       0x1b obj_redbee-usb/nvm-read.o
 .debug_pubnames
                0x0000001b       0x43 obj_redbee-usb/board.a(tests.o)
 .debug_pubnames
                0x0000005e       0x58 obj_redbee-usb/board.a(put.o)
 .debug_pubnames
                0x000000b6       0x5a ../lib/libmc1322x.a(nvm.o)
 .debug_pubnames
                0x00000110       0x29 ../lib/libmc1322x.a(printf.o)
 .debug_pubnames
                0x00000139       0x64 ../lib/libmc1322x.a(uart1.o)
 .debug_pubnames
                0x0000019d       0x37 ../src/src-romvars.a(default_lowlevel.o)
 .debug_pubnames
                0x000001d4       0x39 ../src/src-romvars.a(isr.o)

.debug_info     0x00000000    0x3a8e7
 *(.debug_info .gnu.linkonce.wi.*)
 .debug_info    0x00000000     0x858d obj_redbee-usb/nvm-read.o
 .debug_info    0x0000858d     0x858e obj_redbee-usb/board.a(tests.o)
 .debug_info    0x00010b1b     0x8503 obj_redbee-usb/board.a(put.o)
 .debug_info    0x0001901e      0x1f8 ../lib/libmc1322x.a(nvm.o)
 .debug_info    0x00019216     0x8816 ../lib/libmc1322x.a(printf.o)
 .debug_info    0x00021a2c     0x8502 ../lib/libmc1322x.a(uart1.o)
 .debug_info    0x00029f2e     0x84e5 ../src/src-romvars.a(default_lowlevel.o)
 .debug_info    0x00032413     0x84d4 ../src/src-romvars.a(isr.o)

.debug_abbrev   0x00000000      0xcaf
 *(.debug_abbrev)
 .debug_abbrev  0x00000000      0x1ba obj_redbee-usb/nvm-read.o
 .debug_abbrev  0x000001ba      0x182 obj_redbee-usb/board.a(tests.o)
 .debug_abbrev  0x0000033c      0x175 obj_redbee-usb/board.a(put.o)
 .debug_abbrev  0x000004b1       0x89 ../lib/libmc1322x.a(nvm.o)
 .debug_abbrev  0x0000053a      0x286 ../lib/libmc1322x.a(printf.o)
 .debug_abbrev  0x000007c0      0x1aa ../lib/libmc1322x.a(uart1.o)
 .debug_abbrev  0x0000096a      0x19c ../src/src-romvars.a(default_lowlevel.o)
 .debug_abbrev  0x00000b06      0x1a9 ../src/src-romvars.a(isr.o)

.debug_line     0x00000000      0x9ce
 *(.debug_line)
 .debug_line    0x00000000      0x109 obj_redbee-usb/nvm-read.o
 .debug_line    0x00000109      0x133 obj_redbee-usb/board.a(tests.o)
 .debug_line    0x0000023c      0x140 obj_redbee-usb/board.a(put.o)
 .debug_line    0x0000037c       0xb6 ../lib/libmc1322x.a(nvm.o)
 .debug_line    0x00000432      0x235 ../lib/libmc1322x.a(printf.o)
 .debug_line    0x00000667      0x125 ../lib/libmc1322x.a(uart1.o)
 .debug_line    0x0000078c      0x12b ../src/src-romvars.a(default_lowlevel.o)
 .debug_line    0x000008b7      0x117 ../src/src-romvars.a(isr.o)

.debug_frame    0x00000000      0x30c
 *(.debug_frame)
 .debug_frame   0x00000000       0x34 obj_redbee-usb/nvm-read.o
 .debug_frame   0x00000034       0x68 obj_redbee-usb/board.a(tests.o)
 .debug_frame   0x0000009c       0x94 obj_redbee-usb/board.a(put.o)
 .debug_frame   0x00000130       0xc0 ../lib/libmc1322x.a(printf.o)
 .debug_frame   0x000001f0       0x58 ../lib/libmc1322x.a(uart1.o)
 .debug_frame   0x00000248       0x40 ../src/src-romvars.a(default_lowlevel.o)
 .debug_frame   0x00000288       0x44 ../src/src-romvars.a(isr.o)
 .debug_frame   0x000002cc       0x20 /usr/local/xtools/arm-none-eabi/bin/../lib/gcc/arm-none-eabi/4.3.2/libgcc.a(_udivsi3.o)
 .debug_frame   0x000002ec       0x20 /usr/local/xtools/arm-none-eabi/bin/../lib/gcc/arm-none-eabi/4.3.2/../../../../arm-none-eabi/lib/libc.a(lib_a-strlen.o)

.debug_str      0x00000000     0x3862
 *(.debug_str)
 .debug_str     0x00000000     0x355b obj_redbee-usb/nvm-read.o
                               0x375a (size before relaxing)
 .debug_str     0x0000355b       0x74 obj_redbee-usb/board.a(tests.o)
                               0x3612 (size before relaxing)
 .debug_str     0x000035cf       0x30 obj_redbee-usb/board.a(put.o)
                               0x35ca (size before relaxing)
 .debug_str     0x000035ff       0x21 ../lib/libmc1322x.a(nvm.o)
                                0x297 (size before relaxing)
 .debug_str     0x00003620       0xe0 ../lib/libmc1322x.a(printf.o)
                               0x368e (size before relaxing)
 .debug_str     0x00003700       0xe2 ../lib/libmc1322x.a(uart1.o)
                               0x367c (size before relaxing)
 .debug_str     0x000037e2       0x3c ../src/src-romvars.a(default_lowlevel.o)
                               0x367a (size before relaxing)
 .debug_str     0x0000381e       0x44 ../src/src-romvars.a(isr.o)
                               0x366a (size before relaxing)

.debug_loc      0x00000000      0xcc2
 *(.debug_loc)
 .debug_loc     0x00000000       0x57 obj_redbee-usb/nvm-read.o
 .debug_loc     0x00000057      0x22f obj_redbee-usb/board.a(tests.o)
 .debug_loc     0x00000286      0x113 obj_redbee-usb/board.a(put.o)
 .debug_loc     0x00000399      0x7f4 ../lib/libmc1322x.a(printf.o)
 .debug_loc     0x00000b8d       0x5d ../lib/libmc1322x.a(uart1.o)
 .debug_loc     0x00000bea       0xb9 ../src/src-romvars.a(default_lowlevel.o)
 .debug_loc     0x00000ca3       0x1f ../src/src-romvars.a(isr.o)

.debug_macinfo
 *(.debug_macinfo)

.debug_weaknames
 *(.debug_weaknames)

.debug_funcnames
 *(.debug_funcnames)

.debug_typenames
 *(.debug_typenames)

.debug_varnames
 *(.debug_varnames)

.debug_pubtypes
 *(.debug_pubtypes)

.debug_ranges   0x00000000      0x120
 *(.debug_ranges)
 .debug_ranges  0x00000000       0x18 obj_redbee-usb/nvm-read.o
 .debug_ranges  0x00000018       0x28 obj_redbee-usb/board.a(tests.o)
 .debug_ranges  0x00000040       0x38 obj_redbee-usb/board.a(put.o)
 .debug_ranges  0x00000078       0x40 ../lib/libmc1322x.a(printf.o)
 .debug_ranges  0x000000b8       0x28 ../lib/libmc1322x.a(uart1.o)
 .debug_ranges  0x000000e0       0x20 ../src/src-romvars.a(default_lowlevel.o)
 .debug_ranges  0x00000100       0x20 ../src/src-romvars.a(isr.o)

.gnu.attributes
 *(.gnu.attributes)

.note.gnu.arm.ident
 *(.note.gnu.arm.ident)

/DISCARD/
 *(.note.GNU-stack)
 *(.gnu_debuglink)
OUTPUT(nvm-read_redbee-usb.elf elf32-littlearm)

.ARM.attributes
                0x00000000       0x2a
 .ARM.attributes
                0x00000000       0x2a obj_redbee-usb/nvm-read.o
 .ARM.attributes
                0x0000002a       0x2a obj_redbee-usb/board.a(tests.o)
 .ARM.attributes
                0x00000054       0x2a obj_redbee-usb/board.a(put.o)
 .ARM.attributes
                0x0000007e       0x26 ../lib/libmc1322x.a(nvm.o)
 .ARM.attributes
                0x000000a4       0x2a ../lib/libmc1322x.a(printf.o)
 .ARM.attributes
                0x000000ce       0x2a ../lib/libmc1322x.a(uart1.o)
 .ARM.attributes
                0x000000f8       0x2a ../src/src-romvars.a(default_lowlevel.o)
 .ARM.attributes
                0x00000122       0x1a ../src/src-romvars.a(start-romvars.o)
 .ARM.attributes
                0x0000013c       0x28 ../src/src-romvars.a(isr.o)
 .ARM.attributes
                0x00000164       0x14 /usr/local/xtools/arm-none-eabi/bin/../lib/gcc/arm-none-eabi/4.3.2/libgcc.a(_udivsi3.o)
 .ARM.attributes
                0x00000178       0x14 /usr/local/xtools/arm-none-eabi/bin/../lib/gcc/arm-none-eabi/4.3.2/libgcc.a(_dvmd_tls.o)
 .ARM.attributes
                0x0000018c       0x2e /usr/local/xtools/arm-none-eabi/bin/../lib/gcc/arm-none-eabi/4.3.2/../../../../arm-none-eabi/lib/libc.a(lib_a-strlen.o)
