Archive member included because of file (symbol)

obj_quahogcon/board.a(tests.o)
                              obj_quahogcon/nvm-write.o (print_welcome)
obj_quahogcon/board.a(put.o)  obj_quahogcon/nvm-write.o (putstr)
../lib/libmc1322x.a(nvm.o)    obj_quahogcon/nvm-write.o (nvm_detect)
../lib/libmc1322x.a(printf.o)
                              obj_quahogcon/board.a(tests.o) (printf)
../lib/libmc1322x.a(uart1.o)  ../lib/libmc1322x.a(printf.o) (uart1_putc)
../src/src-romvars.a(default_lowlevel.o)
                              obj_quahogcon/nvm-write.o (default_vreg_init)
../src/src-romvars.a(start-romvars.o)
                              (_start)
../src/src-romvars.a(isr.o)   ../src/src-romvars.a(start-romvars.o) (irq)
/usr/local/xtools/arm-none-eabi/bin/../lib/gcc/arm-none-eabi/4.3.2/libgcc.a(_udivsi3.o)
                              ../lib/libmc1322x.a(printf.o) (__aeabi_uidiv)
/usr/local/xtools/arm-none-eabi/bin/../lib/gcc/arm-none-eabi/4.3.2/libgcc.a(_dvmd_tls.o)
                              /usr/local/xtools/arm-none-eabi/bin/../lib/gcc/arm-none-eabi/4.3.2/libgcc.a(_udivsi3.o) (__aeabi_idiv0)
/usr/local/xtools/arm-none-eabi/bin/../lib/gcc/arm-none-eabi/4.3.2/../../../../arm-none-eabi/lib/libc.a(lib_a-strlen.o)
                              ../lib/libmc1322x.a(printf.o) (strlen)

Memory Configuration

Name             Origin             Length             Attributes
ram              0x00400000         0x00018000         xrw
*default*        0x00000000         0xffffffff

Linker script and memory map

START GROUP
LOAD obj_quahogcon/nvm-write.o
LOAD obj_quahogcon/board.a
LOAD ../lib/libmc1322x.a
LOAD ../src/src-romvars.a
LOAD /usr/local/xtools/arm-none-eabi/bin/../lib/gcc/arm-none-eabi/4.3.2/../../../../arm-none-eabi/lib/libm.a
END GROUP
START GROUP
LOAD /usr/local/xtools/arm-none-eabi/bin/../lib/gcc/arm-none-eabi/4.3.2/libgcc.a
LOAD /usr/local/xtools/arm-none-eabi/bin/../lib/gcc/arm-none-eabi/4.3.2/../../../../arm-none-eabi/lib/libc.a
END GROUP
                0x00000400                SYS_STACK_SIZE = 0x400
                0x00000100                IRQ_STACK_SIZE = 0x100
                0x00000100                FIQ_STACK_SIZE = 0x100
                0x00000100                SVC_STACK_SIZE = 0x100
                0x00000010                ABT_STACK_SIZE = 0x10
                0x00000010                UND_STACK_SIZE = 0x10
                0x00000400                HEAP_SIZE = 0x400
                0x00400000                PROVIDE (__executable_start, 0x400000)
                0x00400000                . = 0x400000

.text           0x00400000     0x1e18
 *(.start)
 .start         0x00400000     0x1000 ../src/src-romvars.a(start-romvars.o)
                0x00400880                _bss_start
                0x00400884                _bss_end
                0x00400000                _start
 *(.irq)
 .irq           0x00401000      0x1dc ../src/src-romvars.a(isr.o)
                0x00401000                irq
 *(.text .stub .text.* .gnu.linkonce.t.*)
 .text          0x004011dc        0x0 obj_quahogcon/nvm-write.o
 .text.main     0x004011dc      0x1c8 obj_quahogcon/nvm-write.o
                0x004011e4                .real_start_ofmain
                0x004011dc                main
 .text          0x004013a4        0x0 obj_quahogcon/board.a(tests.o)
 .text.dump_regs
                0x004013a4       0x84 obj_quahogcon/board.a(tests.o)
                0x004013ac                .real_start_ofdump_regs
                0x004013a4                dump_regs
 .text.print_packet
                0x00401428       0xd4 obj_quahogcon/board.a(tests.o)
                0x00401430                .real_start_ofprint_packet
                0x00401428                print_packet
 .text.print_welcome
                0x004014fc       0x38 obj_quahogcon/board.a(tests.o)
                0x004014fc                print_welcome
                0x00401504                .real_start_ofprint_welcome
 .text          0x00401534        0x0 obj_quahogcon/board.a(put.o)
 .text.putchr   0x00401534       0x24 obj_quahogcon/board.a(put.o)
                0x0040153c                .real_start_ofputchr
                0x00401534                putchr
 .text.putstr   0x00401558       0x30 obj_quahogcon/board.a(put.o)
                0x00401560                .real_start_ofputstr
                0x00401558                putstr
 .text.put_hex  0x00401588       0x34 obj_quahogcon/board.a(put.o)
                0x00401590                .real_start_ofput_hex
                0x00401588                put_hex
 .text.put_hex16
                0x004015bc       0x2c obj_quahogcon/board.a(put.o)
                0x004015bc                put_hex16
                0x004015c4                .real_start_ofput_hex16
 .text.put_hex32
                0x004015e8       0x3c obj_quahogcon/board.a(put.o)
                0x004015f0                .real_start_ofput_hex32
                0x004015e8                put_hex32
 .text          0x00401624        0x0 ../lib/libmc1322x.a(nvm.o)
 .text          0x00401624        0x0 ../lib/libmc1322x.a(printf.o)
 .text.__print_char
                0x00401624       0x60 ../lib/libmc1322x.a(printf.o)
 .text.__print_str
                0x00401684       0xf4 ../lib/libmc1322x.a(printf.o)
 .text.__print_int
                0x00401778       0xdc ../lib/libmc1322x.a(printf.o)
 .text.__print_fmt
                0x00401854      0x1bc ../lib/libmc1322x.a(printf.o)
 .text.printf   0x00401a10       0x30 ../lib/libmc1322x.a(printf.o)
                0x00401a10                printf
                0x00401a18                .real_start_ofprintf
 .text.sprintf  0x00401a40       0x3c ../lib/libmc1322x.a(printf.o)
                0x00401a48                .real_start_ofsprintf
                0x00401a40                sprintf
 .text          0x00401a7c        0x0 ../lib/libmc1322x.a(uart1.o)
 .text.uart1_isr
                0x00401a7c       0x54 ../lib/libmc1322x.a(uart1.o)
                0x00401a7c                uart1_isr
                0x00401a84                .real_start_ofuart1_isr
 .text.uart1_putc
                0x00401ad0       0x78 ../lib/libmc1322x.a(uart1.o)
                0x00401ad8                .real_start_ofuart1_putc
                0x00401ad0                uart1_putc
 .text.uart1_getc
                0x00401b48       0x28 ../lib/libmc1322x.a(uart1.o)
                0x00401b48                uart1_getc
                0x00401b50                .real_start_ofuart1_getc
 .text          0x00401b70        0x0 ../src/src-romvars.a(default_lowlevel.o)
 .text.default_vreg_init
                0x00401b70       0x4c ../src/src-romvars.a(default_lowlevel.o)
                0x00401b78                .real_start_ofdefault_vreg_init
                0x00401b70                default_vreg_init
 .text.uart1_init
                0x00401bbc       0x98 ../src/src-romvars.a(default_lowlevel.o)
                0x00401bbc                uart1_init
                0x00401bc4                .real_start_ofuart1_init
 .text          0x00401c54        0x0 ../src/src-romvars.a(start-romvars.o)
 .text          0x00401c54        0x0 ../src/src-romvars.a(isr.o)
 .text.irq_register_timer_handler
                0x00401c54       0x10 ../src/src-romvars.a(isr.o)
                0x00401c54                irq_register_timer_handler
 .text          0x00401c64      0x114 /usr/local/xtools/arm-none-eabi/bin/../lib/gcc/arm-none-eabi/4.3.2/libgcc.a(_udivsi3.o)
                0x00401c64                __udivsi3
                0x00401c64                __aeabi_uidiv
                0x00401d58                __aeabi_uidivmod
 .text          0x00401d78        0x4 /usr/local/xtools/arm-none-eabi/bin/../lib/gcc/arm-none-eabi/4.3.2/libgcc.a(_dvmd_tls.o)
                0x00401d78                __aeabi_ldiv0
                0x00401d78                __aeabi_idiv0
 .text          0x00401d7c       0x9c /usr/local/xtools/arm-none-eabi/bin/../lib/gcc/arm-none-eabi/4.3.2/../../../../arm-none-eabi/lib/libc.a(lib_a-strlen.o)
                0x00401d7c                strlen
 *(.gnu.warning)
 *(.glue_7t)
 .glue_7t       0x00401e18        0x0 obj_quahogcon/nvm-write.o
 .glue_7t       0x00401e18        0x0 obj_quahogcon/board.a(tests.o)
 .glue_7t       0x00401e18        0x0 obj_quahogcon/board.a(put.o)
 .glue_7t       0x00401e18        0x0 ../lib/libmc1322x.a(nvm.o)
 .glue_7t       0x00401e18        0x0 ../lib/libmc1322x.a(printf.o)
 .glue_7t       0x00401e18        0x0 ../lib/libmc1322x.a(uart1.o)
 .glue_7t       0x00401e18        0x0 ../src/src-romvars.a(default_lowlevel.o)
 .glue_7t       0x00401e18        0x0 ../src/src-romvars.a(start-romvars.o)
 .glue_7t       0x00401e18        0x0 ../src/src-romvars.a(isr.o)
 .glue_7t       0x00401e18        0x0 /usr/local/xtools/arm-none-eabi/bin/../lib/gcc/arm-none-eabi/4.3.2/libgcc.a(_udivsi3.o)
 .glue_7t       0x00401e18        0x0 /usr/local/xtools/arm-none-eabi/bin/../lib/gcc/arm-none-eabi/4.3.2/libgcc.a(_dvmd_tls.o)
 .glue_7t       0x00401e18        0x0 /usr/local/xtools/arm-none-eabi/bin/../lib/gcc/arm-none-eabi/4.3.2/../../../../arm-none-eabi/lib/libc.a(lib_a-strlen.o)
 *(.glue_7)
 .glue_7        0x00401e18        0x0 obj_quahogcon/nvm-write.o
 .glue_7        0x00401e18        0x0 obj_quahogcon/board.a(tests.o)
 .glue_7        0x00401e18        0x0 obj_quahogcon/board.a(put.o)
 .glue_7        0x00401e18        0x0 ../lib/libmc1322x.a(nvm.o)
 .glue_7        0x00401e18        0x0 ../lib/libmc1322x.a(printf.o)
 .glue_7        0x00401e18        0x0 ../lib/libmc1322x.a(uart1.o)
 .glue_7        0x00401e18        0x0 ../src/src-romvars.a(default_lowlevel.o)
 .glue_7        0x00401e18        0x0 ../src/src-romvars.a(start-romvars.o)
 .glue_7        0x00401e18        0x0 ../src/src-romvars.a(isr.o)
 .glue_7        0x00401e18        0x0 /usr/local/xtools/arm-none-eabi/bin/../lib/gcc/arm-none-eabi/4.3.2/libgcc.a(_udivsi3.o)
 .glue_7        0x00401e18        0x0 /usr/local/xtools/arm-none-eabi/bin/../lib/gcc/arm-none-eabi/4.3.2/libgcc.a(_dvmd_tls.o)
 .glue_7        0x00401e18        0x0 /usr/local/xtools/arm-none-eabi/bin/../lib/gcc/arm-none-eabi/4.3.2/../../../../arm-none-eabi/lib/libc.a(lib_a-strlen.o)
 *(.vfp11_veneer)
 .vfp11_veneer  0x00401e18        0x0 obj_quahogcon/nvm-write.o
 .vfp11_veneer  0x00401e18        0x0 obj_quahogcon/board.a(tests.o)
 .vfp11_veneer  0x00401e18        0x0 obj_quahogcon/board.a(put.o)
 .vfp11_veneer  0x00401e18        0x0 ../lib/libmc1322x.a(nvm.o)
 .vfp11_veneer  0x00401e18        0x0 ../lib/libmc1322x.a(printf.o)
 .vfp11_veneer  0x00401e18        0x0 ../lib/libmc1322x.a(uart1.o)
 .vfp11_veneer  0x00401e18        0x0 ../src/src-romvars.a(default_lowlevel.o)
 .vfp11_veneer  0x00401e18        0x0 ../src/src-romvars.a(start-romvars.o)
 .vfp11_veneer  0x00401e18        0x0 ../src/src-romvars.a(isr.o)
 .vfp11_veneer  0x00401e18        0x0 /usr/local/xtools/arm-none-eabi/bin/../lib/gcc/arm-none-eabi/4.3.2/libgcc.a(_udivsi3.o)
 .vfp11_veneer  0x00401e18        0x0 /usr/local/xtools/arm-none-eabi/bin/../lib/gcc/arm-none-eabi/4.3.2/libgcc.a(_dvmd_tls.o)
 .vfp11_veneer  0x00401e18        0x0 /usr/local/xtools/arm-none-eabi/bin/../lib/gcc/arm-none-eabi/4.3.2/../../../../arm-none-eabi/lib/libc.a(lib_a-strlen.o)
 *(.v4_bx)
 .v4_bx         0x00401e18        0x0 obj_quahogcon/nvm-write.o
 .v4_bx         0x00401e18        0x0 obj_quahogcon/board.a(tests.o)
 .v4_bx         0x00401e18        0x0 obj_quahogcon/board.a(put.o)
 .v4_bx         0x00401e18        0x0 ../lib/libmc1322x.a(nvm.o)
 .v4_bx         0x00401e18        0x0 ../lib/libmc1322x.a(printf.o)
 .v4_bx         0x00401e18        0x0 ../lib/libmc1322x.a(uart1.o)
 .v4_bx         0x00401e18        0x0 ../src/src-romvars.a(default_lowlevel.o)
 .v4_bx         0x00401e18        0x0 ../src/src-romvars.a(start-romvars.o)
 .v4_bx         0x00401e18        0x0 ../src/src-romvars.a(isr.o)
 .v4_bx         0x00401e18        0x0 /usr/local/xtools/arm-none-eabi/bin/../lib/gcc/arm-none-eabi/4.3.2/libgcc.a(_udivsi3.o)
 .v4_bx         0x00401e18        0x0 /usr/local/xtools/arm-none-eabi/bin/../lib/gcc/arm-none-eabi/4.3.2/libgcc.a(_dvmd_tls.o)
 .v4_bx         0x00401e18        0x0 /usr/local/xtools/arm-none-eabi/bin/../lib/gcc/arm-none-eabi/4.3.2/../../../../arm-none-eabi/lib/libc.a(lib_a-strlen.o)

.janus_2cc_veneer
                0x00401e18        0x0
 .janus_2cc_veneer
                0x00401e18        0x0 obj_quahogcon/nvm-write.o
 .janus_2cc_veneer
                0x00401e18        0x0 obj_quahogcon/board.a(tests.o)
 .janus_2cc_veneer
                0x00401e18        0x0 obj_quahogcon/board.a(put.o)
 .janus_2cc_veneer
                0x00401e18        0x0 ../lib/libmc1322x.a(nvm.o)
 .janus_2cc_veneer
                0x00401e18        0x0 ../lib/libmc1322x.a(printf.o)
 .janus_2cc_veneer
                0x00401e18        0x0 ../lib/libmc1322x.a(uart1.o)
 .janus_2cc_veneer
                0x00401e18        0x0 ../src/src-romvars.a(default_lowlevel.o)
 .janus_2cc_veneer
                0x00401e18        0x0 ../src/src-romvars.a(start-romvars.o)
 .janus_2cc_veneer
                0x00401e18        0x0 ../src/src-romvars.a(isr.o)
 .janus_2cc_veneer
                0x00401e18        0x0 /usr/local/xtools/arm-none-eabi/bin/../lib/gcc/arm-none-eabi/4.3.2/libgcc.a(_udivsi3.o)
 .janus_2cc_veneer
                0x00401e18        0x0 /usr/local/xtools/arm-none-eabi/bin/../lib/gcc/arm-none-eabi/4.3.2/libgcc.a(_dvmd_tls.o)
 .janus_2cc_veneer
                0x00401e18        0x0 /usr/local/xtools/arm-none-eabi/bin/../lib/gcc/arm-none-eabi/4.3.2/../../../../arm-none-eabi/lib/libc.a(lib_a-strlen.o)

.interp
 *(.interp)

.note.gnu.build-id
 *(.note.gnu.build-id)

.hash
 *(.hash)

.gnu.hash
 *(.gnu.hash)

.dynsym
 *(.dynsym)

.dynstr
 *(.dynstr)

.gnu.version
 *(.gnu.version)

.gnu.version_d
 *(.gnu.version_d)

.gnu.version_r
 *(.gnu.version_r)

.rel.dyn
 *(.rel.init)
 *(.rel.text .rel.text.* .rel.gnu.linkonce.t.*)
 *(.rel.fini)
 *(.rel.rodata .rel.rodata.* .rel.gnu.linkonce.r.*)
 *(.rel.data.rel.ro* .rel.gnu.linkonce.d.rel.ro.*)
 *(.rel.data .rel.data.* .rel.gnu.linkonce.d.*)
 *(.rel.tdata .rel.tdata.* .rel.gnu.linkonce.td.*)
 *(.rel.tbss .rel.tbss.* .rel.gnu.linkonce.tb.*)
 *(.rel.ctors)
 *(.rel.dtors)
 *(.rel.got)
 *(.rel.bss .rel.bss.* .rel.gnu.linkonce.b.*)

.rela.dyn
 *(.rela.init)
 *(.rela.text .rela.text.* .rela.gnu.linkonce.t.*)
 *(.rela.fini)
 *(.rela.rodata .rela.rodata.* .rela.gnu.linkonce.r.*)
 *(.rela.data .rela.data.* .rela.gnu.linkonce.d.*)
 *(.rela.tdata .rela.tdata.* .rela.gnu.linkonce.td.*)
 *(.rela.tbss .rela.tbss.* .rela.gnu.linkonce.tb.*)
 *(.rela.ctors)
 *(.rela.dtors)
 *(.rela.got)
 *(.rela.bss .rela.bss.* .rela.gnu.linkonce.b.*)

.rel.plt
 *(.rel.plt)

.rela.plt
 *(.rela.plt)

.init
 *(.init)

.plt
 *(.plt)

.fini
 *(.fini)
                0x00401e18                PROVIDE (__etext, .)
                0x00401e18                PROVIDE (_etext, .)
                0x00401e18                PROVIDE (etext, .)

.rodata         0x00401e18      0x16e
 *(.rodata .rodata.* .gnu.linkonce.r.*)
 .rodata.str1.1
                0x00401e18       0xa0 obj_quahogcon/nvm-write.o
                                 0xa6 (size before relaxing)
 .rodata.str1.1
                0x00401eb8       0xb7 obj_quahogcon/board.a(tests.o)
                                 0xba (size before relaxing)
 .rodata        0x00401f6f       0x10 obj_quahogcon/board.a(put.o)
                0x00401f6f                hex
 .rodata.str1.1
                0x00401f7f        0x7 ../lib/libmc1322x.a(printf.o)

.rodata1
 *(.rodata1)

.eh_frame_hdr
 *(.eh_frame_hdr)

.eh_frame
 *(.eh_frame)

.gcc_except_table
 *(.gcc_except_table .gcc_except_table.*)
                0x00401f88                . = ALIGN (0x4)
                0x00401f88                . = (0x4 DATA_SEGMENT_ALIGN 0x4)

.eh_frame
 *(.eh_frame)

.gcc_except_table
 *(.gcc_except_table .gcc_except_table.*)

.tdata
 *(.tdata .tdata.* .gnu.linkonce.td.*)

.tbss
 *(.tbss .tbss.* .gnu.linkonce.tb.*)
 *(.tcommon)

.preinit_array  0x00401f88        0x0
                0x00401f88                PROVIDE (__preinit_array_start, .)
 *(.preinit_array)
                0x00401f88                PROVIDE (__preinit_array_end, .)

.init_array     0x00401f88        0x0
                0x00401f88                PROVIDE (__init_array_start, .)
 *(SORT(.init_array.*))
 *(.init_array)
                0x00401f88                PROVIDE (__init_array_end, .)

.fini_array     0x00401f88        0x0
                0x00401f88                PROVIDE (__fini_array_start, .)
 *(.fini_array)
 *(SORT(.fini_array.*))
                0x00401f88                PROVIDE (__fini_array_end, .)

.ctors
 *crtbegin.o(.ctors)
 *crtbegin?.o(.ctors)
 *(EXCLUDE_FILE(*crtend?.o *crtend.o) .ctors)
 *(SORT(.ctors.*))
 *(.ctors)

.dtors
 *crtbegin.o(.dtors)
 *crtbegin?.o(.dtors)
 *(EXCLUDE_FILE(*crtend?.o *crtend.o) .dtors)
 *(SORT(.dtors.*))
 *(.dtors)

.jcr
 *(.jcr)

.data.rel.ro
 *(.data.rel.ro.local* .gnu.linkonce.d.rel.ro.local.*)
 *(.data.rel.ro* .gnu.linkonce.d.rel.ro.*)

.dynamic
 *(.dynamic)
                0x00401f88                . = (. DATA_SEGMENT_RELRO_END 0x0)

.got
 *(.got.plt)
 *(.got)

.data           0x00401f88       0x24
                0x00401f88                __data_start = .
 *(.data .data.* .gnu.linkonce.d.*)
 .data          0x00401f88        0x0 obj_quahogcon/nvm-write.o
 .data          0x00401f88        0x0 obj_quahogcon/board.a(tests.o)
 .data          0x00401f88        0x0 obj_quahogcon/board.a(put.o)
 .data          0x00401f88       0x14 ../lib/libmc1322x.a(nvm.o)
                0x00401f94                nvm_erase
                0x00401f98                nvm_setsvar
                0x00401f8c                nvm_read
                0x00401f90                nvm_write
                0x00401f88                nvm_detect
 .data          0x00401f9c        0x0 ../lib/libmc1322x.a(printf.o)
 .data          0x00401f9c        0x0 ../lib/libmc1322x.a(uart1.o)
 .data          0x00401f9c        0x0 ../src/src-romvars.a(default_lowlevel.o)
 .data          0x00401f9c        0x0 ../src/src-romvars.a(start-romvars.o)
 .data          0x00401f9c       0x10 ../src/src-romvars.a(isr.o)
 .data          0x00401fac        0x0 /usr/local/xtools/arm-none-eabi/bin/../lib/gcc/arm-none-eabi/4.3.2/libgcc.a(_udivsi3.o)
 .data          0x00401fac        0x0 /usr/local/xtools/arm-none-eabi/bin/../lib/gcc/arm-none-eabi/4.3.2/libgcc.a(_dvmd_tls.o)
 .data          0x00401fac        0x0 /usr/local/xtools/arm-none-eabi/bin/../lib/gcc/arm-none-eabi/4.3.2/../../../../arm-none-eabi/lib/libc.a(lib_a-strlen.o)

.data1
 *(.data1)
                0x00401fac                _edata = .
                0x00401fac                PROVIDE (edata, .)

.stack          0x00401fac      0x720
                0x00401fac                __stack_start__ = .
                0x004020ac                . = (. + IRQ_STACK_SIZE)
 *fill*         0x00401fac      0x100 00
                0x004020ac                . = ALIGN (0x4)
                0x004020ac                __irq_stack_top__ = .
                0x004021ac                . = (. + FIQ_STACK_SIZE)
 *fill*         0x004020ac      0x100 00
                0x004021ac                . = ALIGN (0x4)
                0x004021ac                __fiq_stack_top__ = .
                0x004022ac                . = (. + SVC_STACK_SIZE)
 *fill*         0x004021ac      0x100 00
                0x004022ac                . = ALIGN (0x4)
                0x004022ac                __svc_stack_top__ = .
                0x004022bc                . = (. + ABT_STACK_SIZE)
 *fill*         0x004022ac       0x10 00
                0x004022bc                . = ALIGN (0x4)
                0x004022bc                __abt_stack_top__ = .
                0x004022cc                . = (. + UND_STACK_SIZE)
 *fill*         0x004022bc       0x10 00
                0x004022cc                . = ALIGN (0x4)
                0x004022cc                __und_stack_top__ = .
                0x004026cc                . = (. + SYS_STACK_SIZE)
 *fill*         0x004022cc      0x400 00
                0x004026cc                . = ALIGN (0x4)
                0x004026cc                __sys_stack_top__ = .
                0x004026cc                __stack_end__ = .
                0x004026cc                __bss_start = .
                0x004026cc                __bss_start__ = .

.bss            0x004026cc       0x48
 *(.dynbss)
 *(.bss .bss.* .gnu.linkonce.b.*)
 .bss           0x004026cc        0x0 obj_quahogcon/nvm-write.o
 .bss           0x004026cc        0x0 obj_quahogcon/board.a(tests.o)
 .bss           0x004026cc        0x0 obj_quahogcon/board.a(put.o)
 .bss           0x004026cc        0x0 ../lib/libmc1322x.a(nvm.o)
 .bss           0x004026cc        0x0 ../lib/libmc1322x.a(printf.o)
 .bss           0x004026cc       0x48 ../lib/libmc1322x.a(uart1.o)
                0x004026d4                u1_tx_buf
                0x004026d0                u1_tail
                0x004026cc                u1_head
 .bss           0x00402714        0x0 ../src/src-romvars.a(default_lowlevel.o)
 .bss           0x00402714        0x0 ../src/src-romvars.a(start-romvars.o)
 .bss           0x00402714        0x0 ../src/src-romvars.a(isr.o)
 .bss           0x00402714        0x0 /usr/local/xtools/arm-none-eabi/bin/../lib/gcc/arm-none-eabi/4.3.2/libgcc.a(_udivsi3.o)
 .bss           0x00402714        0x0 /usr/local/xtools/arm-none-eabi/bin/../lib/gcc/arm-none-eabi/4.3.2/libgcc.a(_dvmd_tls.o)
 .bss           0x00402714        0x0 /usr/local/xtools/arm-none-eabi/bin/../lib/gcc/arm-none-eabi/4.3.2/../../../../arm-none-eabi/lib/libc.a(lib_a-strlen.o)
 *(COMMON)
                0x00402714                . = ALIGN ((. != 0x0)?0x4:0x1)
                0x00402714                _bss_end__ = .
                0x00402714                __bss_end__ = .
                0x00402714                . = ALIGN (0x4)

.heap           0x00402714      0x400
                0x00402714                __heap_start__ = .
 *(.heap)
                0x00402b14                . = (. + HEAP_SIZE)
 *fill*         0x00402714      0x400 00
                0x00402b14                . = ALIGN (0x4)
                0x00402b14                __heap_end__ = .
                0x00402b14                . = ALIGN (0x4)
                0x00402b14                __end__ = .
                0x00402b14                _end = .
                0x00402b14                PROVIDE (end, .)
                0x00402b14                . = DATA_SEGMENT_END (.)

.stab           0x00000000      0x1e0
 *(.stab)
 .stab          0x00000000      0x1e0 ../src/src-romvars.a(start-romvars.o)

.stabstr        0x00000000       0x21
 *(.stabstr)
 .stabstr       0x00000000       0x21 ../src/src-romvars.a(start-romvars.o)

.stab.excl
 *(.stab.excl)

.stab.exclstr
 *(.stab.exclstr)

.stab.index
 *(.stab.index)

.stab.indexstr
 *(.stab.indexstr)

.comment        0x00000000      0x150
 *(.comment)
 .comment       0x00000000       0x2a obj_quahogcon/nvm-write.o
 .comment       0x0000002a       0x2a obj_quahogcon/board.a(tests.o)
 .comment       0x00000054       0x2a obj_quahogcon/board.a(put.o)
 .comment       0x0000007e       0x2a ../lib/libmc1322x.a(nvm.o)
 .comment       0x000000a8       0x2a ../lib/libmc1322x.a(printf.o)
 .comment       0x000000d2       0x2a ../lib/libmc1322x.a(uart1.o)
 .comment       0x000000fc       0x2a ../src/src-romvars.a(default_lowlevel.o)
 .comment       0x00000126       0x2a ../src/src-romvars.a(isr.o)

.debug
 *(.debug)

.line
 *(.line)

.debug_srcinfo
 *(.debug_srcinfo)

.debug_sfnames
 *(.debug_sfnames)

.debug_aranges  0x00000000      0x158
 *(.debug_aranges)
 .debug_aranges
                0x00000000       0x20 obj_quahogcon/nvm-write.o
 .debug_aranges
                0x00000020       0x30 obj_quahogcon/board.a(tests.o)
 .debug_aranges
                0x00000050       0x40 obj_quahogcon/board.a(put.o)
 .debug_aranges
                0x00000090       0x48 ../lib/libmc1322x.a(printf.o)
 .debug_aranges
                0x000000d8       0x30 ../lib/libmc1322x.a(uart1.o)
 .debug_aranges
                0x00000108       0x28 ../src/src-romvars.a(default_lowlevel.o)
 .debug_aranges
                0x00000130       0x28 ../src/src-romvars.a(isr.o)

.debug_pubnames
                0x00000000      0x20d
 *(.debug_pubnames)
 .debug_pubnames
                0x00000000       0x1b obj_quahogcon/nvm-write.o
 .debug_pubnames
                0x0000001b       0x43 obj_quahogcon/board.a(tests.o)
 .debug_pubnames
                0x0000005e       0x58 obj_quahogcon/board.a(put.o)
 .debug_pubnames
                0x000000b6       0x5a ../lib/libmc1322x.a(nvm.o)
 .debug_pubnames
                0x00000110       0x29 ../lib/libmc1322x.a(printf.o)
 .debug_pubnames
                0x00000139       0x64 ../lib/libmc1322x.a(uart1.o)
 .debug_pubnames
                0x0000019d       0x37 ../src/src-romvars.a(default_lowlevel.o)
 .debug_pubnames
                0x000001d4       0x39 ../src/src-romvars.a(isr.o)

.debug_info     0x00000000    0x3a901
 *(.debug_info .gnu.linkonce.wi.*)
 .debug_info    0x00000000     0x85a7 obj_quahogcon/nvm-write.o
 .debug_info    0x000085a7     0x858e obj_quahogcon/board.a(tests.o)
 .debug_info    0x00010b35     0x8503 obj_quahogcon/board.a(put.o)
 .debug_info    0x00019038      0x1f8 ../lib/libmc1322x.a(nvm.o)
 .debug_info    0x00019230     0x8816 ../lib/libmc1322x.a(printf.o)
 .debug_info    0x00021a46     0x8502 ../lib/libmc1322x.a(uart1.o)
 .debug_info    0x00029f48     0x84e5 ../src/src-romvars.a(default_lowlevel.o)
 .debug_info    0x0003242d     0x84d4 ../src/src-romvars.a(isr.o)

.debug_abbrev   0x00000000      0xca6
 *(.debug_abbrev)
 .debug_abbrev  0x00000000      0x1b1 obj_quahogcon/nvm-write.o
 .debug_abbrev  0x000001b1      0x182 obj_quahogcon/board.a(tests.o)
 .debug_abbrev  0x00000333      0x175 obj_quahogcon/board.a(put.o)
 .debug_abbrev  0x000004a8       0x89 ../lib/libmc1322x.a(nvm.o)
 .debug_abbrev  0x00000531      0x286 ../lib/libmc1322x.a(printf.o)
 .debug_abbrev  0x000007b7      0x1aa ../lib/libmc1322x.a(uart1.o)
 .debug_abbrev  0x00000961      0x19c ../src/src-romvars.a(default_lowlevel.o)
 .debug_abbrev  0x00000afd      0x1a9 ../src/src-romvars.a(isr.o)

.debug_line     0x00000000      0x9e7
 *(.debug_line)
 .debug_line    0x00000000      0x122 obj_quahogcon/nvm-write.o
 .debug_line    0x00000122      0x133 obj_quahogcon/board.a(tests.o)
 .debug_line    0x00000255      0x140 obj_quahogcon/board.a(put.o)
 .debug_line    0x00000395       0xb6 ../lib/libmc1322x.a(nvm.o)
 .debug_line    0x0000044b      0x235 ../lib/libmc1322x.a(printf.o)
 .debug_line    0x00000680      0x125 ../lib/libmc1322x.a(uart1.o)
 .debug_line    0x000007a5      0x12b ../src/src-romvars.a(default_lowlevel.o)
 .debug_line    0x000008d0      0x117 ../src/src-romvars.a(isr.o)

.debug_frame    0x00000000      0x308
 *(.debug_frame)
 .debug_frame   0x00000000       0x30 obj_quahogcon/nvm-write.o
 .debug_frame   0x00000030       0x68 obj_quahogcon/board.a(tests.o)
 .debug_frame   0x00000098       0x94 obj_quahogcon/board.a(put.o)
 .debug_frame   0x0000012c       0xc0 ../lib/libmc1322x.a(printf.o)
 .debug_frame   0x000001ec       0x58 ../lib/libmc1322x.a(uart1.o)
 .debug_frame   0x00000244       0x40 ../src/src-romvars.a(default_lowlevel.o)
 .debug_frame   0x00000284       0x44 ../src/src-romvars.a(isr.o)
 .debug_frame   0x000002c8       0x20 /usr/local/xtools/arm-none-eabi/bin/../lib/gcc/arm-none-eabi/4.3.2/libgcc.a(_udivsi3.o)
 .debug_frame   0x000002e8       0x20 /usr/local/xtools/arm-none-eabi/bin/../lib/gcc/arm-none-eabi/4.3.2/../../../../arm-none-eabi/lib/libc.a(lib_a-strlen.o)

.debug_str      0x00000000     0x3863
 *(.debug_str)
 .debug_str     0x00000000     0x3564 obj_quahogcon/nvm-write.o
                               0x3763 (size before relaxing)
 .debug_str     0x00003564       0x74 obj_quahogcon/board.a(tests.o)
                               0x3612 (size before relaxing)
 .debug_str     0x000035d8       0x30 obj_quahogcon/board.a(put.o)
                               0x35ca (size before relaxing)
 .debug_str     0x00003608       0x19 ../lib/libmc1322x.a(nvm.o)
                                0x297 (size before relaxing)
 .debug_str     0x00003621       0xe0 ../lib/libmc1322x.a(printf.o)
                               0x368e (size before relaxing)
 .debug_str     0x00003701       0xe2 ../lib/libmc1322x.a(uart1.o)
                               0x367c (size before relaxing)
 .debug_str     0x000037e3       0x3c ../src/src-romvars.a(default_lowlevel.o)
                               0x367a (size before relaxing)
 .debug_str     0x0000381f       0x44 ../src/src-romvars.a(isr.o)
                               0x366a (size before relaxing)

.debug_loc      0x00000000      0xcd9
 *(.debug_loc)
 .debug_loc     0x00000000       0x6e obj_quahogcon/nvm-write.o
 .debug_loc     0x0000006e      0x22f obj_quahogcon/board.a(tests.o)
 .debug_loc     0x0000029d      0x113 obj_quahogcon/board.a(put.o)
 .debug_loc     0x000003b0      0x7f4 ../lib/libmc1322x.a(printf.o)
 .debug_loc     0x00000ba4       0x5d ../lib/libmc1322x.a(uart1.o)
 .debug_loc     0x00000c01       0xb9 ../src/src-romvars.a(default_lowlevel.o)
 .debug_loc     0x00000cba       0x1f ../src/src-romvars.a(isr.o)

.debug_macinfo
 *(.debug_macinfo)

.debug_weaknames
 *(.debug_weaknames)

.debug_funcnames
 *(.debug_funcnames)

.debug_typenames
 *(.debug_typenames)

.debug_varnames
 *(.debug_varnames)

.debug_pubtypes
 *(.debug_pubtypes)

.debug_ranges   0x00000000      0x120
 *(.debug_ranges)
 .debug_ranges  0x00000000       0x18 obj_quahogcon/nvm-write.o
 .debug_ranges  0x00000018       0x28 obj_quahogcon/board.a(tests.o)
 .debug_ranges  0x00000040       0x38 obj_quahogcon/board.a(put.o)
 .debug_ranges  0x00000078       0x40 ../lib/libmc1322x.a(printf.o)
 .debug_ranges  0x000000b8       0x28 ../lib/libmc1322x.a(uart1.o)
 .debug_ranges  0x000000e0       0x20 ../src/src-romvars.a(default_lowlevel.o)
 .debug_ranges  0x00000100       0x20 ../src/src-romvars.a(isr.o)

.gnu.attributes
 *(.gnu.attributes)

.note.gnu.arm.ident
 *(.note.gnu.arm.ident)

/DISCARD/
 *(.note.GNU-stack)
 *(.gnu_debuglink)
OUTPUT(nvm-write_quahogcon.elf elf32-littlearm)

.ARM.attributes
                0x00000000       0x2a
 .ARM.attributes
                0x00000000       0x2a obj_quahogcon/nvm-write.o
 .ARM.attributes
                0x0000002a       0x2a obj_quahogcon/board.a(tests.o)
 .ARM.attributes
                0x00000054       0x2a obj_quahogcon/board.a(put.o)
 .ARM.attributes
                0x0000007e       0x26 ../lib/libmc1322x.a(nvm.o)
 .ARM.attributes
                0x000000a4       0x2a ../lib/libmc1322x.a(printf.o)
 .ARM.attributes
                0x000000ce       0x2a ../lib/libmc1322x.a(uart1.o)
 .ARM.attributes
                0x000000f8       0x2a ../src/src-romvars.a(default_lowlevel.o)
 .ARM.attributes
                0x00000122       0x1a ../src/src-romvars.a(start-romvars.o)
 .ARM.attributes
                0x0000013c       0x28 ../src/src-romvars.a(isr.o)
 .ARM.attributes
                0x00000164       0x14 /usr/local/xtools/arm-none-eabi/bin/../lib/gcc/arm-none-eabi/4.3.2/libgcc.a(_udivsi3.o)
 .ARM.attributes
                0x00000178       0x14 /usr/local/xtools/arm-none-eabi/bin/../lib/gcc/arm-none-eabi/4.3.2/libgcc.a(_dvmd_tls.o)
 .ARM.attributes
                0x0000018c       0x2e /usr/local/xtools/arm-none-eabi/bin/../lib/gcc/arm-none-eabi/4.3.2/../../../../arm-none-eabi/lib/libc.a(lib_a-strlen.o)
