Archive member included because of file (symbol)

obj_redbee-dev/board.a(tests.o)
                              obj_redbee-dev/per.o (print_packet)
../lib/libmc1322x.a(gpio.o)   obj_redbee-dev/per.o (gpio_pad_dir_set)
../lib/libmc1322x.a(maca.o)   obj_redbee-dev/per.o (free_packet)
../lib/libmc1322x.a(nvm.o)    ../lib/libmc1322x.a(maca.o) (nvm_detect)
../lib/libmc1322x.a(printf.o)
                              obj_redbee-dev/per.o (printf)
../lib/libmc1322x.a(uart1.o)  ../lib/libmc1322x.a(printf.o) (uart1_putc)
../src/src-romvars.a(default_lowlevel.o)
                              obj_redbee-dev/per.o (default_vreg_init)
../src/src-romvars.a(start-romvars.o)
                              (_start)
../src/src-romvars.a(isr.o)   ../src/src-romvars.a(start-romvars.o) (irq)
/usr/local/xtools/arm-none-eabi/bin/../lib/gcc/arm-none-eabi/4.3.2/libgcc.a(_udivsi3.o)
                              ../lib/libmc1322x.a(printf.o) (__aeabi_uidiv)
/usr/local/xtools/arm-none-eabi/bin/../lib/gcc/arm-none-eabi/4.3.2/libgcc.a(_dvmd_tls.o)
                              /usr/local/xtools/arm-none-eabi/bin/../lib/gcc/arm-none-eabi/4.3.2/libgcc.a(_udivsi3.o) (__aeabi_idiv0)
/usr/local/xtools/arm-none-eabi/bin/../lib/gcc/arm-none-eabi/4.3.2/../../../../arm-none-eabi/lib/libc.a(lib_a-strlen.o)
                              ../lib/libmc1322x.a(printf.o) (strlen)

Memory Configuration

Name             Origin             Length             Attributes
ram              0x00400000         0x00018000         xrw
*default*        0x00000000         0xffffffff

Linker script and memory map

START GROUP
LOAD obj_redbee-dev/per.o
LOAD obj_redbee-dev/board.a
LOAD ../lib/libmc1322x.a
LOAD ../src/src-romvars.a
LOAD /usr/local/xtools/arm-none-eabi/bin/../lib/gcc/arm-none-eabi/4.3.2/../../../../arm-none-eabi/lib/libm.a
END GROUP
START GROUP
LOAD /usr/local/xtools/arm-none-eabi/bin/../lib/gcc/arm-none-eabi/4.3.2/libgcc.a
LOAD /usr/local/xtools/arm-none-eabi/bin/../lib/gcc/arm-none-eabi/4.3.2/../../../../arm-none-eabi/lib/libc.a
END GROUP
                0x00000400                SYS_STACK_SIZE = 0x400
                0x00000100                IRQ_STACK_SIZE = 0x100
                0x00000100                FIQ_STACK_SIZE = 0x100
                0x00000100                SVC_STACK_SIZE = 0x100
                0x00000010                ABT_STACK_SIZE = 0x10
                0x00000010                UND_STACK_SIZE = 0x10
                0x00000400                HEAP_SIZE = 0x400
                0x00400000                PROVIDE (__executable_start, 0x400000)
                0x00400000                . = 0x400000

.text           0x00400000     0x2ea0
 *(.start)
 .start         0x00400000     0x1000 ../src/src-romvars.a(start-romvars.o)
                0x00400880                _bss_start
                0x00400884                _bss_end
                0x00400000                _start
 *(.irq)
 .irq           0x00401000      0x1dc ../src/src-romvars.a(isr.o)
                0x00401000                irq
 *(.text .stub .text.* .gnu.linkonce.t.*)
 .text          0x004011dc        0x0 obj_redbee-dev/per.o
 .text.get_packet_type
                0x004011dc        0xc obj_redbee-dev/per.o
                0x004011dc                get_packet_type
                0x004011e4                .real_start_ofget_packet_type
 .text.get_time
                0x004011e8       0x18 obj_redbee-dev/per.o
                0x004011e8                get_time
                0x004011f0                .real_start_ofget_time
 .text.build_session_req
                0x00401200       0x30 obj_redbee-dev/per.o
                0x00401208                .real_start_ofbuild_session_req
                0x00401200                build_session_req
 .text.open_session
                0x00401230        0xc obj_redbee-dev/per.o
                0x00401230                open_session
                0x00401238                .real_start_ofopen_session
 .text.session_req
                0x0040123c       0x60 obj_redbee-dev/per.o
                0x00401244                .real_start_ofsession_req
                0x0040123c                session_req
 *fill*         0x0040129c        0x4 00000000
 .text.main     0x004012a0      0x100 obj_redbee-dev/per.o
                0x004012a8                .real_start_ofmain
                0x004012a0                main
 .text          0x004013a0        0x0 obj_redbee-dev/board.a(tests.o)
 .text.dump_regs
                0x004013a0       0x84 obj_redbee-dev/board.a(tests.o)
                0x004013a8                .real_start_ofdump_regs
                0x004013a0                dump_regs
 .text.print_packet
                0x00401424       0xd4 obj_redbee-dev/board.a(tests.o)
                0x0040142c                .real_start_ofprint_packet
                0x00401424                print_packet
 .text.print_welcome
                0x004014f8       0x38 obj_redbee-dev/board.a(tests.o)
                0x004014f8                print_welcome
                0x00401500                .real_start_ofprint_welcome
 .text          0x00401530        0x0 ../lib/libmc1322x.a(gpio.o)
 .text.gpio_pad_dir
                0x00401530       0x2c ../lib/libmc1322x.a(gpio.o)
                0x00401530                gpio_pad_dir
                0x00401538                .real_start_ofgpio_pad_dir
 .text.gpio_data
                0x0040155c       0x2c ../lib/libmc1322x.a(gpio.o)
                0x00401564                .real_start_ofgpio_data
                0x0040155c                gpio_data
 .text.gpio_data_get
                0x00401588       0x34 ../lib/libmc1322x.a(gpio.o)
                0x00401588                gpio_data_get
                0x00401590                .real_start_ofgpio_data_get
 .text.gpio_pad_pu_en
                0x004015bc       0x2c ../lib/libmc1322x.a(gpio.o)
                0x004015bc                gpio_pad_pu_en
                0x004015c4                .real_start_ofgpio_pad_pu_en
 .text.gpio_data_sel
                0x004015e8       0x2c ../lib/libmc1322x.a(gpio.o)
                0x004015f0                .real_start_ofgpio_data_sel
                0x004015e8                gpio_data_sel
 .text.gpio_pad_pu_sel
                0x00401614       0x2c ../lib/libmc1322x.a(gpio.o)
                0x0040161c                .real_start_ofgpio_pad_pu_sel
                0x00401614                gpio_pad_pu_sel
 .text.gpio_data_set
                0x00401640       0x2c ../lib/libmc1322x.a(gpio.o)
                0x00401648                .real_start_ofgpio_data_set
                0x00401640                gpio_data_set
 .text.gpio_data_reset
                0x0040166c       0x2c ../lib/libmc1322x.a(gpio.o)
                0x0040166c                gpio_data_reset
                0x00401674                .real_start_ofgpio_data_reset
 .text.gpio_pad_dir_set
                0x00401698       0x2c ../lib/libmc1322x.a(gpio.o)
                0x00401698                gpio_pad_dir_set
                0x004016a0                .real_start_ofgpio_pad_dir_set
 .text.gpio_pad_dir_reset
                0x004016c4       0x2c ../lib/libmc1322x.a(gpio.o)
                0x004016c4                gpio_pad_dir_reset
                0x004016cc                .real_start_ofgpio_pad_dir_reset
 .text          0x004016f0        0x0 ../lib/libmc1322x.a(maca.o)
 .text.bad_packet_bounds
                0x004016f0        0xc ../lib/libmc1322x.a(maca.o)
                0x004016f8                .real_start_ofbad_packet_bounds
                0x004016f0                bad_packet_bounds
 .text.count_packets
                0x004016fc       0x20 ../lib/libmc1322x.a(maca.o)
                0x004016fc                count_packets
                0x00401704                .real_start_ofcount_packets
 .text.bound_check
                0x0040171c       0x48 ../lib/libmc1322x.a(maca.o)
                0x0040171c                bound_check
                0x00401724                .real_start_ofbound_check
 .text.free_packet
                0x00401764       0x64 ../lib/libmc1322x.a(maca.o)
                0x00401764                free_packet
                0x0040176c                .real_start_offree_packet
 .text.get_free_packet
                0x004017c8       0x54 ../lib/libmc1322x.a(maca.o)
                0x004017c8                get_free_packet
                0x004017d0                .real_start_ofget_free_packet
 .text.post_receive
                0x0040181c       0xb0 ../lib/libmc1322x.a(maca.o)
                0x0040181c                post_receive
                0x00401824                .real_start_ofpost_receive
 .text.rx_packet
                0x004018cc       0x54 ../lib/libmc1322x.a(maca.o)
                0x004018d4                .real_start_ofrx_packet
                0x004018cc                rx_packet
 .text.post_tx  0x00401920       0xcc ../lib/libmc1322x.a(maca.o)
                0x00401920                post_tx
                0x00401928                .real_start_ofpost_tx
 .text.tx_packet
                0x004019ec       0x8c ../lib/libmc1322x.a(maca.o)
                0x004019f4                .real_start_oftx_packet
                0x004019ec                tx_packet
 .text.free_all_packets
                0x00401a78       0x80 ../lib/libmc1322x.a(maca.o)
                0x00401a80                .real_start_offree_all_packets
                0x00401a78                free_all_packets
 .text.free_tx_head
                0x00401af8       0x60 ../lib/libmc1322x.a(maca.o)
                0x00401af8                free_tx_head
                0x00401b00                .real_start_offree_tx_head
 .text.add_to_rx
                0x00401b58       0x68 ../lib/libmc1322x.a(maca.o)
                0x00401b60                .real_start_ofadd_to_rx
                0x00401b58                add_to_rx
 .text.init_phy
                0x00401bc0       0x68 ../lib/libmc1322x.a(maca.o)
                0x00401bc8                .real_start_ofinit_phy
                0x00401bc0                init_phy
 .text.reset_maca
                0x00401c28       0x5c ../lib/libmc1322x.a(maca.o)
                0x00401c28                reset_maca
                0x00401c30                .real_start_ofreset_maca
 .text.flyback_init
                0x00401c84       0x3c ../lib/libmc1322x.a(maca.o)
                0x00401c84                flyback_init
                0x00401c8c                .real_start_offlyback_init
 .text.maca_off
                0x00401cc0       0x2c ../lib/libmc1322x.a(maca.o)
                0x00401cc8                .real_start_ofmaca_off
                0x00401cc0                maca_off
 .text.maca_on  0x00401cec       0x48 ../lib/libmc1322x.a(maca.o)
                0x00401cf4                .real_start_ofmaca_on
                0x00401cec                maca_on
 .text.get_ctov
                0x00401d34       0x24 ../lib/libmc1322x.a(maca.o)
                0x00401d3c                .real_start_ofget_ctov
                0x00401d34                get_ctov
 .text.set_demodulator_type
                0x00401d58       0x28 ../lib/libmc1322x.a(maca.o)
                0x00401d58                set_demodulator_type
                0x00401d60                .real_start_ofset_demodulator_type
 .text.set_power
                0x00401d80       0x78 ../lib/libmc1322x.a(maca.o)
                0x00401d80                set_power
                0x00401d88                .real_start_ofset_power
 .text.set_channel
                0x00401df8       0xcc ../lib/libmc1322x.a(maca.o)
                0x00401df8                set_channel
                0x00401e00                .real_start_ofset_channel
 .text.exec_init_entry
                0x00401ec4       0x88 ../lib/libmc1322x.a(maca.o)
                0x00401ec4                exec_init_entry
                0x00401ecc                .real_start_ofexec_init_entry
 .text.init_from_flash
                0x00401f4c       0xd4 ../lib/libmc1322x.a(maca.o)
                0x00401f54                .real_start_ofinit_from_flash
                0x00401f4c                init_from_flash
 .text.radio_init
                0x00402020      0x200 ../lib/libmc1322x.a(maca.o)
                0x00402028                .real_start_ofradio_init
                0x00402020                radio_init
 .text.maca_init
                0x00402220       0x80 ../lib/libmc1322x.a(maca.o)
                0x00402228                .real_start_ofmaca_init
                0x00402220                maca_init
 .text.ResumeMACASync
                0x004022a0       0xe0 ../lib/libmc1322x.a(maca.o)
                0x004022a0                ResumeMACASync
                0x004022a8                .real_start_ofResumeMACASync
 .text.decode_status
                0x00402380       0x48 ../lib/libmc1322x.a(maca.o)
                0x00402380                decode_status
                0x00402388                .real_start_ofdecode_status
 .text.check_maca
                0x004023c8       0xb8 ../lib/libmc1322x.a(maca.o)
                0x004023c8                check_maca
                0x004023d0                .real_start_ofcheck_maca
 .text.maca_isr
                0x00402480      0x174 ../lib/libmc1322x.a(maca.o)
                0x00402488                .real_start_ofmaca_isr
                0x00402480                maca_isr
 .text.Print_Packets
                0x004025f4       0xb8 ../lib/libmc1322x.a(maca.o)
                0x004025f4                Print_Packets
                0x004025fc                .real_start_ofPrint_Packets
 .text          0x004026ac        0x0 ../lib/libmc1322x.a(nvm.o)
 .text          0x004026ac        0x0 ../lib/libmc1322x.a(printf.o)
 .text.__print_char
                0x004026ac       0x60 ../lib/libmc1322x.a(printf.o)
 .text.__print_str
                0x0040270c       0xf4 ../lib/libmc1322x.a(printf.o)
 .text.__print_int
                0x00402800       0xdc ../lib/libmc1322x.a(printf.o)
 .text.__print_fmt
                0x004028dc      0x1bc ../lib/libmc1322x.a(printf.o)
 .text.printf   0x00402a98       0x30 ../lib/libmc1322x.a(printf.o)
                0x00402a98                printf
                0x00402aa0                .real_start_ofprintf
 .text.sprintf  0x00402ac8       0x3c ../lib/libmc1322x.a(printf.o)
                0x00402ad0                .real_start_ofsprintf
                0x00402ac8                sprintf
 .text          0x00402b04        0x0 ../lib/libmc1322x.a(uart1.o)
 .text.uart1_isr
                0x00402b04       0x54 ../lib/libmc1322x.a(uart1.o)
                0x00402b04                uart1_isr
                0x00402b0c                .real_start_ofuart1_isr
 .text.uart1_putc
                0x00402b58       0x78 ../lib/libmc1322x.a(uart1.o)
                0x00402b60                .real_start_ofuart1_putc
                0x00402b58                uart1_putc
 .text.uart1_getc
                0x00402bd0       0x28 ../lib/libmc1322x.a(uart1.o)
                0x00402bd0                uart1_getc
                0x00402bd8                .real_start_ofuart1_getc
 .text          0x00402bf8        0x0 ../src/src-romvars.a(default_lowlevel.o)
 .text.default_vreg_init
                0x00402bf8       0x4c ../src/src-romvars.a(default_lowlevel.o)
                0x00402c00                .real_start_ofdefault_vreg_init
                0x00402bf8                default_vreg_init
 .text.uart1_init
                0x00402c44       0x98 ../src/src-romvars.a(default_lowlevel.o)
                0x00402c44                uart1_init
                0x00402c4c                .real_start_ofuart1_init
 .text          0x00402cdc        0x0 ../src/src-romvars.a(start-romvars.o)
 .text          0x00402cdc        0x0 ../src/src-romvars.a(isr.o)
 .text.irq_register_timer_handler
                0x00402cdc       0x10 ../src/src-romvars.a(isr.o)
                0x00402cdc                irq_register_timer_handler
 .text          0x00402cec      0x114 /usr/local/xtools/arm-none-eabi/bin/../lib/gcc/arm-none-eabi/4.3.2/libgcc.a(_udivsi3.o)
                0x00402cec                __udivsi3
                0x00402cec                __aeabi_uidiv
                0x00402de0                __aeabi_uidivmod
 .text          0x00402e00        0x4 /usr/local/xtools/arm-none-eabi/bin/../lib/gcc/arm-none-eabi/4.3.2/libgcc.a(_dvmd_tls.o)
                0x00402e00                __aeabi_ldiv0
                0x00402e00                __aeabi_idiv0
 .text          0x00402e04       0x9c /usr/local/xtools/arm-none-eabi/bin/../lib/gcc/arm-none-eabi/4.3.2/../../../../arm-none-eabi/lib/libc.a(lib_a-strlen.o)
                0x00402e04                strlen
 *(.gnu.warning)
 *(.glue_7t)
 .glue_7t       0x00402ea0        0x0 obj_redbee-dev/per.o
 .glue_7t       0x00402ea0        0x0 obj_redbee-dev/board.a(tests.o)
 .glue_7t       0x00402ea0        0x0 ../lib/libmc1322x.a(gpio.o)
 .glue_7t       0x00402ea0        0x0 ../lib/libmc1322x.a(maca.o)
 .glue_7t       0x00402ea0        0x0 ../lib/libmc1322x.a(nvm.o)
 .glue_7t       0x00402ea0        0x0 ../lib/libmc1322x.a(printf.o)
 .glue_7t       0x00402ea0        0x0 ../lib/libmc1322x.a(uart1.o)
 .glue_7t       0x00402ea0        0x0 ../src/src-romvars.a(default_lowlevel.o)
 .glue_7t       0x00402ea0        0x0 ../src/src-romvars.a(start-romvars.o)
 .glue_7t       0x00402ea0        0x0 ../src/src-romvars.a(isr.o)
 .glue_7t       0x00402ea0        0x0 /usr/local/xtools/arm-none-eabi/bin/../lib/gcc/arm-none-eabi/4.3.2/libgcc.a(_udivsi3.o)
 .glue_7t       0x00402ea0        0x0 /usr/local/xtools/arm-none-eabi/bin/../lib/gcc/arm-none-eabi/4.3.2/libgcc.a(_dvmd_tls.o)
 .glue_7t       0x00402ea0        0x0 /usr/local/xtools/arm-none-eabi/bin/../lib/gcc/arm-none-eabi/4.3.2/../../../../arm-none-eabi/lib/libc.a(lib_a-strlen.o)
 *(.glue_7)
 .glue_7        0x00402ea0        0x0 obj_redbee-dev/per.o
 .glue_7        0x00402ea0        0x0 obj_redbee-dev/board.a(tests.o)
 .glue_7        0x00402ea0        0x0 ../lib/libmc1322x.a(gpio.o)
 .glue_7        0x00402ea0        0x0 ../lib/libmc1322x.a(maca.o)
 .glue_7        0x00402ea0        0x0 ../lib/libmc1322x.a(nvm.o)
 .glue_7        0x00402ea0        0x0 ../lib/libmc1322x.a(printf.o)
 .glue_7        0x00402ea0        0x0 ../lib/libmc1322x.a(uart1.o)
 .glue_7        0x00402ea0        0x0 ../src/src-romvars.a(default_lowlevel.o)
 .glue_7        0x00402ea0        0x0 ../src/src-romvars.a(start-romvars.o)
 .glue_7        0x00402ea0        0x0 ../src/src-romvars.a(isr.o)
 .glue_7        0x00402ea0        0x0 /usr/local/xtools/arm-none-eabi/bin/../lib/gcc/arm-none-eabi/4.3.2/libgcc.a(_udivsi3.o)
 .glue_7        0x00402ea0        0x0 /usr/local/xtools/arm-none-eabi/bin/../lib/gcc/arm-none-eabi/4.3.2/libgcc.a(_dvmd_tls.o)
 .glue_7        0x00402ea0        0x0 /usr/local/xtools/arm-none-eabi/bin/../lib/gcc/arm-none-eabi/4.3.2/../../../../arm-none-eabi/lib/libc.a(lib_a-strlen.o)
 *(.vfp11_veneer)
 .vfp11_veneer  0x00402ea0        0x0 obj_redbee-dev/per.o
 .vfp11_veneer  0x00402ea0        0x0 obj_redbee-dev/board.a(tests.o)
 .vfp11_veneer  0x00402ea0        0x0 ../lib/libmc1322x.a(gpio.o)
 .vfp11_veneer  0x00402ea0        0x0 ../lib/libmc1322x.a(maca.o)
 .vfp11_veneer  0x00402ea0        0x0 ../lib/libmc1322x.a(nvm.o)
 .vfp11_veneer  0x00402ea0        0x0 ../lib/libmc1322x.a(printf.o)
 .vfp11_veneer  0x00402ea0        0x0 ../lib/libmc1322x.a(uart1.o)
 .vfp11_veneer  0x00402ea0        0x0 ../src/src-romvars.a(default_lowlevel.o)
 .vfp11_veneer  0x00402ea0        0x0 ../src/src-romvars.a(start-romvars.o)
 .vfp11_veneer  0x00402ea0        0x0 ../src/src-romvars.a(isr.o)
 .vfp11_veneer  0x00402ea0        0x0 /usr/local/xtools/arm-none-eabi/bin/../lib/gcc/arm-none-eabi/4.3.2/libgcc.a(_udivsi3.o)
 .vfp11_veneer  0x00402ea0        0x0 /usr/local/xtools/arm-none-eabi/bin/../lib/gcc/arm-none-eabi/4.3.2/libgcc.a(_dvmd_tls.o)
 .vfp11_veneer  0x00402ea0        0x0 /usr/local/xtools/arm-none-eabi/bin/../lib/gcc/arm-none-eabi/4.3.2/../../../../arm-none-eabi/lib/libc.a(lib_a-strlen.o)
 *(.v4_bx)
 .v4_bx         0x00402ea0        0x0 obj_redbee-dev/per.o
 .v4_bx         0x00402ea0        0x0 obj_redbee-dev/board.a(tests.o)
 .v4_bx         0x00402ea0        0x0 ../lib/libmc1322x.a(gpio.o)
 .v4_bx         0x00402ea0        0x0 ../lib/libmc1322x.a(maca.o)
 .v4_bx         0x00402ea0        0x0 ../lib/libmc1322x.a(nvm.o)
 .v4_bx         0x00402ea0        0x0 ../lib/libmc1322x.a(printf.o)
 .v4_bx         0x00402ea0        0x0 ../lib/libmc1322x.a(uart1.o)
 .v4_bx         0x00402ea0        0x0 ../src/src-romvars.a(default_lowlevel.o)
 .v4_bx         0x00402ea0        0x0 ../src/src-romvars.a(start-romvars.o)
 .v4_bx         0x00402ea0        0x0 ../src/src-romvars.a(isr.o)
 .v4_bx         0x00402ea0        0x0 /usr/local/xtools/arm-none-eabi/bin/../lib/gcc/arm-none-eabi/4.3.2/libgcc.a(_udivsi3.o)
 .v4_bx         0x00402ea0        0x0 /usr/local/xtools/arm-none-eabi/bin/../lib/gcc/arm-none-eabi/4.3.2/libgcc.a(_dvmd_tls.o)
 .v4_bx         0x00402ea0        0x0 /usr/local/xtools/arm-none-eabi/bin/../lib/gcc/arm-none-eabi/4.3.2/../../../../arm-none-eabi/lib/libc.a(lib_a-strlen.o)

.janus_2cc_veneer
                0x00402ea0        0x0
 .janus_2cc_veneer
                0x00402ea0        0x0 obj_redbee-dev/per.o
 .janus_2cc_veneer
                0x00402ea0        0x0 obj_redbee-dev/board.a(tests.o)
 .janus_2cc_veneer
                0x00402ea0        0x0 ../lib/libmc1322x.a(gpio.o)
 .janus_2cc_veneer
                0x00402ea0        0x0 ../lib/libmc1322x.a(maca.o)
 .janus_2cc_veneer
                0x00402ea0        0x0 ../lib/libmc1322x.a(nvm.o)
 .janus_2cc_veneer
                0x00402ea0        0x0 ../lib/libmc1322x.a(printf.o)
 .janus_2cc_veneer
                0x00402ea0        0x0 ../lib/libmc1322x.a(uart1.o)
 .janus_2cc_veneer
                0x00402ea0        0x0 ../src/src-romvars.a(default_lowlevel.o)
 .janus_2cc_veneer
                0x00402ea0        0x0 ../src/src-romvars.a(start-romvars.o)
 .janus_2cc_veneer
                0x00402ea0        0x0 ../src/src-romvars.a(isr.o)
 .janus_2cc_veneer
                0x00402ea0        0x0 /usr/local/xtools/arm-none-eabi/bin/../lib/gcc/arm-none-eabi/4.3.2/libgcc.a(_udivsi3.o)
 .janus_2cc_veneer
                0x00402ea0        0x0 /usr/local/xtools/arm-none-eabi/bin/../lib/gcc/arm-none-eabi/4.3.2/libgcc.a(_dvmd_tls.o)
 .janus_2cc_veneer
                0x00402ea0        0x0 /usr/local/xtools/arm-none-eabi/bin/../lib/gcc/arm-none-eabi/4.3.2/../../../../arm-none-eabi/lib/libc.a(lib_a-strlen.o)

.interp
 *(.interp)

.note.gnu.build-id
 *(.note.gnu.build-id)

.hash
 *(.hash)

.gnu.hash
 *(.gnu.hash)

.dynsym
 *(.dynsym)

.dynstr
 *(.dynstr)

.gnu.version
 *(.gnu.version)

.gnu.version_d
 *(.gnu.version_d)

.gnu.version_r
 *(.gnu.version_r)

.rel.dyn
 *(.rel.init)
 *(.rel.text .rel.text.* .rel.gnu.linkonce.t.*)
 *(.rel.fini)
 *(.rel.rodata .rel.rodata.* .rel.gnu.linkonce.r.*)
 *(.rel.data.rel.ro* .rel.gnu.linkonce.d.rel.ro.*)
 *(.rel.data .rel.data.* .rel.gnu.linkonce.d.*)
 *(.rel.tdata .rel.tdata.* .rel.gnu.linkonce.td.*)
 *(.rel.tbss .rel.tbss.* .rel.gnu.linkonce.tb.*)
 *(.rel.ctors)
 *(.rel.dtors)
 *(.rel.got)
 *(.rel.bss .rel.bss.* .rel.gnu.linkonce.b.*)

.rela.dyn
 *(.rela.init)
 *(.rela.text .rela.text.* .rela.gnu.linkonce.t.*)
 *(.rela.fini)
 *(.rela.rodata .rela.rodata.* .rela.gnu.linkonce.r.*)
 *(.rela.data .rela.data.* .rela.gnu.linkonce.d.*)
 *(.rela.tdata .rela.tdata.* .rela.gnu.linkonce.td.*)
 *(.rela.tbss .rela.tbss.* .rela.gnu.linkonce.tb.*)
 *(.rela.ctors)
 *(.rela.dtors)
 *(.rela.got)
 *(.rela.bss .rela.bss.* .rela.gnu.linkonce.b.*)

.rel.plt
 *(.rel.plt)

.rela.plt
 *(.rela.plt)

.init
 *(.init)

.plt
 *(.plt)

.fini
 *(.fini)
                0x00402ea0                PROVIDE (__etext, .)
                0x00402ea0                PROVIDE (_etext, .)
                0x00402ea0                PROVIDE (etext, .)

.rodata         0x00402ea0      0x4b3
 *(.rodata .rodata.* .gnu.linkonce.r.*)
 .rodata.str1.1
                0x00402ea0       0x4a obj_redbee-dev/per.o
 .rodata.str1.1
                0x00402eea       0xb8 obj_redbee-dev/board.a(tests.o)
                                 0xbb (size before relaxing)
 *fill*         0x00402fa2        0x2 00
 .rodata        0x00402fa4      0x338 ../lib/libmc1322x.a(maca.o)
                0x00403174                data_cal5
                0x004030c4                VCODivI
                0x0040302c                PAVAL
                0x004030d4                VCODivF
                0x00403154                data_cal3_seq2
                0x0040315c                addr_cal3_seq3
                0x00403134                addr_cal3_seq1
                0x00403230                data_reg_rep
                0x00403124                addr_seq2
                0x00403160                data_cal3_seq3
                0x00403164                addr_cal5
                0x0040311c                data_seq1
                0x00403140                data_cal3_seq1
                0x0040312c                data_seq2
                0x00402fe0                PSMVAL
                0x0040314c                addr_cal3_seq2
                0x00403078                AIMVAL
                0x00403184                addr_reg_rep
                0x00403114                addr_seq1
 .rodata.str1.1
                0x004032dc       0x70 ../lib/libmc1322x.a(maca.o)
                                 0x73 (size before relaxing)
 .rodata.str1.1
                0x0040334c        0x7 ../lib/libmc1322x.a(printf.o)

.rodata1
 *(.rodata1)

.eh_frame_hdr
 *(.eh_frame_hdr)

.eh_frame
 *(.eh_frame)

.gcc_except_table
 *(.gcc_except_table .gcc_except_table.*)
                0x00403354                . = ALIGN (0x4)
                0x00403354                . = (0x4 DATA_SEGMENT_ALIGN 0x4)

.eh_frame
 *(.eh_frame)

.gcc_except_table
 *(.gcc_except_table .gcc_except_table.*)

.tdata
 *(.tdata .tdata.* .gnu.linkonce.td.*)

.tbss
 *(.tbss .tbss.* .gnu.linkonce.tb.*)
 *(.tcommon)

.preinit_array  0x00403354        0x0
                0x00403354                PROVIDE (__preinit_array_start, .)
 *(.preinit_array)
                0x00403354                PROVIDE (__preinit_array_end, .)

.init_array     0x00403354        0x0
                0x00403354                PROVIDE (__init_array_start, .)
 *(SORT(.init_array.*))
 *(.init_array)
                0x00403354                PROVIDE (__init_array_end, .)

.fini_array     0x00403354        0x0
                0x00403354                PROVIDE (__fini_array_start, .)
 *(.fini_array)
 *(SORT(.fini_array.*))
                0x00403354                PROVIDE (__fini_array_end, .)

.ctors
 *crtbegin.o(.ctors)
 *crtbegin?.o(.ctors)
 *(EXCLUDE_FILE(*crtend?.o *crtend.o) .ctors)
 *(SORT(.ctors.*))
 *(.ctors)

.dtors
 *crtbegin.o(.dtors)
 *crtbegin?.o(.dtors)
 *(EXCLUDE_FILE(*crtend?.o *crtend.o) .dtors)
 *(SORT(.dtors.*))
 *(.dtors)

.jcr
 *(.jcr)

.data.rel.ro
 *(.data.rel.ro.local* .gnu.linkonce.d.rel.ro.local.*)
 *(.data.rel.ro* .gnu.linkonce.d.rel.ro.*)

.dynamic
 *(.dynamic)
                0x00403354                . = (. DATA_SEGMENT_RELRO_END 0x0)

.got
 *(.got.plt)
 *(.got)

.data           0x00403354       0x3c
                0x00403354                __data_start = .
 *(.data .data.* .gnu.linkonce.d.*)
 .data          0x00403354        0x0 obj_redbee-dev/per.o
 .data          0x00403354        0x0 obj_redbee-dev/board.a(tests.o)
 .data          0x00403354        0x0 ../lib/libmc1322x.a(gpio.o)
 .data          0x00403354       0x18 ../lib/libmc1322x.a(maca.o)
                0x00403368                get_lqi
                0x00403355                ctov
                0x00403354                prm_mode
 .data          0x0040336c       0x14 ../lib/libmc1322x.a(nvm.o)
                0x00403378                nvm_erase
                0x0040337c                nvm_setsvar
                0x00403370                nvm_read
                0x00403374                nvm_write
                0x0040336c                nvm_detect
 .data          0x00403380        0x0 ../lib/libmc1322x.a(printf.o)
 .data          0x00403380        0x0 ../lib/libmc1322x.a(uart1.o)
 .data          0x00403380        0x0 ../src/src-romvars.a(default_lowlevel.o)
 .data          0x00403380        0x0 ../src/src-romvars.a(start-romvars.o)
 .data          0x00403380       0x10 ../src/src-romvars.a(isr.o)
 .data          0x00403390        0x0 /usr/local/xtools/arm-none-eabi/bin/../lib/gcc/arm-none-eabi/4.3.2/libgcc.a(_udivsi3.o)
 .data          0x00403390        0x0 /usr/local/xtools/arm-none-eabi/bin/../lib/gcc/arm-none-eabi/4.3.2/libgcc.a(_dvmd_tls.o)
 .data          0x00403390        0x0 /usr/local/xtools/arm-none-eabi/bin/../lib/gcc/arm-none-eabi/4.3.2/../../../../arm-none-eabi/lib/libc.a(lib_a-strlen.o)

.data1
 *(.data1)
                0x00403390                _edata = .
                0x00403390                PROVIDE (edata, .)

.stack          0x00403390      0x720
                0x00403390                __stack_start__ = .
                0x00403490                . = (. + IRQ_STACK_SIZE)
 *fill*         0x00403390      0x100 00
                0x00403490                . = ALIGN (0x4)
                0x00403490                __irq_stack_top__ = .
                0x00403590                . = (. + FIQ_STACK_SIZE)
 *fill*         0x00403490      0x100 00
                0x00403590                . = ALIGN (0x4)
                0x00403590                __fiq_stack_top__ = .
                0x00403690                . = (. + SVC_STACK_SIZE)
 *fill*         0x00403590      0x100 00
                0x00403690                . = ALIGN (0x4)
                0x00403690                __svc_stack_top__ = .
                0x004036a0                . = (. + ABT_STACK_SIZE)
 *fill*         0x00403690       0x10 00
                0x004036a0                . = ALIGN (0x4)
                0x004036a0                __abt_stack_top__ = .
                0x004036b0                . = (. + UND_STACK_SIZE)
 *fill*         0x004036a0       0x10 00
                0x004036b0                . = ALIGN (0x4)
                0x004036b0                __und_stack_top__ = .
                0x00403ab0                . = (. + SYS_STACK_SIZE)
 *fill*         0x004036b0      0x400 00
                0x00403ab0                . = ALIGN (0x4)
                0x00403ab0                __sys_stack_top__ = .
                0x00403ab0                __stack_end__ = .
                0x00403ab0                __bss_start = .
                0x00403ab0                __bss_start__ = .

.bss            0x00403ab0     0x139c
 *(.dynbss)
 *(.bss .bss.* .gnu.linkonce.b.*)
 .bss           0x00403ab0        0xc obj_redbee-dev/per.o
 .bss           0x00403abc        0x0 obj_redbee-dev/board.a(tests.o)
 .bss           0x00403abc        0x0 ../lib/libmc1322x.a(gpio.o)
 .bss           0x00403abc     0x1348 ../lib/libmc1322x.a(maca.o)
                0x00404ddc                fcs_mode
                0x00404e00                maca_entry
                0x00404de4                tx_head
                0x00404de0                rx_head
 .bss           0x00404e04        0x0 ../lib/libmc1322x.a(nvm.o)
 .bss           0x00404e04        0x0 ../lib/libmc1322x.a(printf.o)
 .bss           0x00404e04       0x48 ../lib/libmc1322x.a(uart1.o)
                0x00404e0c                u1_tx_buf
                0x00404e08                u1_tail
                0x00404e04                u1_head
 .bss           0x00404e4c        0x0 ../src/src-romvars.a(default_lowlevel.o)
 .bss           0x00404e4c        0x0 ../src/src-romvars.a(start-romvars.o)
 .bss           0x00404e4c        0x0 ../src/src-romvars.a(isr.o)
 .bss           0x00404e4c        0x0 /usr/local/xtools/arm-none-eabi/bin/../lib/gcc/arm-none-eabi/4.3.2/libgcc.a(_udivsi3.o)
 .bss           0x00404e4c        0x0 /usr/local/xtools/arm-none-eabi/bin/../lib/gcc/arm-none-eabi/4.3.2/libgcc.a(_dvmd_tls.o)
 .bss           0x00404e4c        0x0 /usr/local/xtools/arm-none-eabi/bin/../lib/gcc/arm-none-eabi/4.3.2/../../../../arm-none-eabi/lib/libc.a(lib_a-strlen.o)
 *(COMMON)
                0x00404e4c                . = ALIGN ((. != 0x0)?0x4:0x1)
                0x00404e4c                _bss_end__ = .
                0x00404e4c                __bss_end__ = .
                0x00404e4c                . = ALIGN (0x4)

.heap           0x00404e4c      0x400
                0x00404e4c                __heap_start__ = .
 *(.heap)
                0x0040524c                . = (. + HEAP_SIZE)
 *fill*         0x00404e4c      0x400 00
                0x0040524c                . = ALIGN (0x4)
                0x0040524c                __heap_end__ = .
                0x0040524c                . = ALIGN (0x4)
                0x0040524c                __end__ = .
                0x0040524c                _end = .
                0x0040524c                PROVIDE (end, .)
                0x0040524c                . = DATA_SEGMENT_END (.)

.stab           0x00000000      0x1e0
 *(.stab)
 .stab          0x00000000      0x1e0 ../src/src-romvars.a(start-romvars.o)

.stabstr        0x00000000       0x21
 *(.stabstr)
 .stabstr       0x00000000       0x21 ../src/src-romvars.a(start-romvars.o)

.stab.excl
 *(.stab.excl)

.stab.exclstr
 *(.stab.exclstr)

.stab.index
 *(.stab.index)

.stab.indexstr
 *(.stab.indexstr)

.comment        0x00000000      0x17a
 *(.comment)
 .comment       0x00000000       0x2a obj_redbee-dev/per.o
 .comment       0x0000002a       0x2a obj_redbee-dev/board.a(tests.o)
 .comment       0x00000054       0x2a ../lib/libmc1322x.a(gpio.o)
 .comment       0x0000007e       0x2a ../lib/libmc1322x.a(maca.o)
 .comment       0x000000a8       0x2a ../lib/libmc1322x.a(nvm.o)
 .comment       0x000000d2       0x2a ../lib/libmc1322x.a(printf.o)
 .comment       0x000000fc       0x2a ../lib/libmc1322x.a(uart1.o)
 .comment       0x00000126       0x2a ../src/src-romvars.a(default_lowlevel.o)
 .comment       0x00000150       0x2a ../src/src-romvars.a(isr.o)

.debug
 *(.debug)

.line
 *(.line)

.debug_srcinfo
 *(.debug_srcinfo)

.debug_sfnames
 *(.debug_sfnames)

.debug_aranges  0x00000000      0x2b0
 *(.debug_aranges)
 .debug_aranges
                0x00000000       0x48 obj_redbee-dev/per.o
 .debug_aranges
                0x00000048       0x30 obj_redbee-dev/board.a(tests.o)
 .debug_aranges
                0x00000078       0x68 ../lib/libmc1322x.a(gpio.o)
 .debug_aranges
                0x000000e0      0x108 ../lib/libmc1322x.a(maca.o)
 .debug_aranges
                0x000001e8       0x48 ../lib/libmc1322x.a(printf.o)
 .debug_aranges
                0x00000230       0x30 ../lib/libmc1322x.a(uart1.o)
 .debug_aranges
                0x00000260       0x28 ../src/src-romvars.a(default_lowlevel.o)
 .debug_aranges
                0x00000288       0x28 ../src/src-romvars.a(isr.o)

.debug_pubnames
                0x00000000      0x64e
 *(.debug_pubnames)
 .debug_pubnames
                0x00000000       0x73 obj_redbee-dev/per.o
 .debug_pubnames
                0x00000073       0x43 obj_redbee-dev/board.a(tests.o)
 .debug_pubnames
                0x000000b6       0xce ../lib/libmc1322x.a(gpio.o)
 .debug_pubnames
                0x00000184      0x373 ../lib/libmc1322x.a(maca.o)
 .debug_pubnames
                0x000004f7       0x5a ../lib/libmc1322x.a(nvm.o)
 .debug_pubnames
                0x00000551       0x29 ../lib/libmc1322x.a(printf.o)
 .debug_pubnames
                0x0000057a       0x64 ../lib/libmc1322x.a(uart1.o)
 .debug_pubnames
                0x000005de       0x37 ../src/src-romvars.a(default_lowlevel.o)
 .debug_pubnames
                0x00000615       0x39 ../src/src-romvars.a(isr.o)

.debug_info     0x00000000    0x43ced
 *(.debug_info .gnu.linkonce.wi.*)
 .debug_info    0x00000000     0x86a6 obj_redbee-dev/per.o
 .debug_info    0x000086a6     0x858e obj_redbee-dev/board.a(tests.o)
 .debug_info    0x00010c34     0x85d7 ../lib/libmc1322x.a(gpio.o)
 .debug_info    0x0001920b     0x9219 ../lib/libmc1322x.a(maca.o)
 .debug_info    0x00022424      0x1f8 ../lib/libmc1322x.a(nvm.o)
 .debug_info    0x0002261c     0x8816 ../lib/libmc1322x.a(printf.o)
 .debug_info    0x0002ae32     0x8502 ../lib/libmc1322x.a(uart1.o)
 .debug_info    0x00033334     0x84e5 ../src/src-romvars.a(default_lowlevel.o)
 .debug_info    0x0003b819     0x84d4 ../src/src-romvars.a(isr.o)

.debug_abbrev   0x00000000     0x10be
 *(.debug_abbrev)
 .debug_abbrev  0x00000000      0x22d obj_redbee-dev/per.o
 .debug_abbrev  0x0000022d      0x182 obj_redbee-dev/board.a(tests.o)
 .debug_abbrev  0x000003af      0x18a ../lib/libmc1322x.a(gpio.o)
 .debug_abbrev  0x00000539      0x387 ../lib/libmc1322x.a(maca.o)
 .debug_abbrev  0x000008c0       0x89 ../lib/libmc1322x.a(nvm.o)
 .debug_abbrev  0x00000949      0x286 ../lib/libmc1322x.a(printf.o)
 .debug_abbrev  0x00000bcf      0x1aa ../lib/libmc1322x.a(uart1.o)
 .debug_abbrev  0x00000d79      0x19c ../src/src-romvars.a(default_lowlevel.o)
 .debug_abbrev  0x00000f15      0x1a9 ../src/src-romvars.a(isr.o)

.debug_line     0x00000000      0xf3d
 *(.debug_line)
 .debug_line    0x00000000      0x16c obj_redbee-dev/per.o
 .debug_line    0x0000016c      0x133 obj_redbee-dev/board.a(tests.o)
 .debug_line    0x0000029f      0x1b4 ../lib/libmc1322x.a(gpio.o)
 .debug_line    0x00000453      0x498 ../lib/libmc1322x.a(maca.o)
 .debug_line    0x000008eb       0xb6 ../lib/libmc1322x.a(nvm.o)
 .debug_line    0x000009a1      0x235 ../lib/libmc1322x.a(printf.o)
 .debug_line    0x00000bd6      0x125 ../lib/libmc1322x.a(uart1.o)
 .debug_line    0x00000cfb      0x12b ../src/src-romvars.a(default_lowlevel.o)
 .debug_line    0x00000e26      0x117 ../src/src-romvars.a(isr.o)

.debug_frame    0x00000000      0x6d8
 *(.debug_frame)
 .debug_frame   0x00000000       0x88 obj_redbee-dev/per.o
 .debug_frame   0x00000088       0x68 obj_redbee-dev/board.a(tests.o)
 .debug_frame   0x000000f0      0x128 ../lib/libmc1322x.a(gpio.o)
 .debug_frame   0x00000218      0x2e4 ../lib/libmc1322x.a(maca.o)
 .debug_frame   0x000004fc       0xc0 ../lib/libmc1322x.a(printf.o)
 .debug_frame   0x000005bc       0x58 ../lib/libmc1322x.a(uart1.o)
 .debug_frame   0x00000614       0x40 ../src/src-romvars.a(default_lowlevel.o)
 .debug_frame   0x00000654       0x44 ../src/src-romvars.a(isr.o)
 .debug_frame   0x00000698       0x20 /usr/local/xtools/arm-none-eabi/bin/../lib/gcc/arm-none-eabi/4.3.2/libgcc.a(_udivsi3.o)
 .debug_frame   0x000006b8       0x20 /usr/local/xtools/arm-none-eabi/bin/../lib/gcc/arm-none-eabi/4.3.2/../../../../arm-none-eabi/lib/libc.a(lib_a-strlen.o)

.debug_str      0x00000000     0x404f
 *(.debug_str)
 .debug_str     0x00000000     0x346f obj_redbee-dev/per.o
                               0x36bb (size before relaxing)
 .debug_str     0x0000346f       0x36 obj_redbee-dev/board.a(tests.o)
                               0x3612 (size before relaxing)
 .debug_str     0x000034a5       0xb1 ../lib/libmc1322x.a(gpio.o)
                               0x3648 (size before relaxing)
 .debug_str     0x00003556      0x92f ../lib/libmc1322x.a(maca.o)
                               0x3f36 (size before relaxing)
 .debug_str     0x00003e85       0x21 ../lib/libmc1322x.a(nvm.o)
                                0x297 (size before relaxing)
 .debug_str     0x00003ea6       0xe0 ../lib/libmc1322x.a(printf.o)
                               0x368e (size before relaxing)
 .debug_str     0x00003f86       0x49 ../lib/libmc1322x.a(uart1.o)
                               0x367c (size before relaxing)
 .debug_str     0x00003fcf       0x3c ../src/src-romvars.a(default_lowlevel.o)
                               0x367a (size before relaxing)
 .debug_str     0x0000400b       0x44 ../src/src-romvars.a(isr.o)
                               0x366a (size before relaxing)

.debug_loc      0x00000000     0x1bb1
 *(.debug_loc)
 .debug_loc     0x00000000       0xea obj_redbee-dev/per.o
 .debug_loc     0x000000ea      0x22f obj_redbee-dev/board.a(tests.o)
 .debug_loc     0x00000319      0x1d2 ../lib/libmc1322x.a(gpio.o)
 .debug_loc     0x000004eb      0xd9d ../lib/libmc1322x.a(maca.o)
 .debug_loc     0x00001288      0x7f4 ../lib/libmc1322x.a(printf.o)
 .debug_loc     0x00001a7c       0x5d ../lib/libmc1322x.a(uart1.o)
 .debug_loc     0x00001ad9       0xb9 ../src/src-romvars.a(default_lowlevel.o)
 .debug_loc     0x00001b92       0x1f ../src/src-romvars.a(isr.o)

.debug_macinfo
 *(.debug_macinfo)

.debug_weaknames
 *(.debug_weaknames)

.debug_funcnames
 *(.debug_funcnames)

.debug_typenames
 *(.debug_typenames)

.debug_varnames
 *(.debug_varnames)

.debug_pubtypes
 *(.debug_pubtypes)

.debug_ranges   0x00000000      0x270
 *(.debug_ranges)
 .debug_ranges  0x00000000       0x40 obj_redbee-dev/per.o
 .debug_ranges  0x00000040       0x28 obj_redbee-dev/board.a(tests.o)
 .debug_ranges  0x00000068       0x60 ../lib/libmc1322x.a(gpio.o)
 .debug_ranges  0x000000c8      0x100 ../lib/libmc1322x.a(maca.o)
 .debug_ranges  0x000001c8       0x40 ../lib/libmc1322x.a(printf.o)
 .debug_ranges  0x00000208       0x28 ../lib/libmc1322x.a(uart1.o)
 .debug_ranges  0x00000230       0x20 ../src/src-romvars.a(default_lowlevel.o)
 .debug_ranges  0x00000250       0x20 ../src/src-romvars.a(isr.o)

.gnu.attributes
 *(.gnu.attributes)

.note.gnu.arm.ident
 *(.note.gnu.arm.ident)

/DISCARD/
 *(.note.GNU-stack)
 *(.gnu_debuglink)
OUTPUT(per_redbee-dev.elf elf32-littlearm)

.ARM.attributes
                0x00000000       0x2a
 .ARM.attributes
                0x00000000       0x2a obj_redbee-dev/per.o
 .ARM.attributes
                0x0000002a       0x2a obj_redbee-dev/board.a(tests.o)
 .ARM.attributes
                0x00000054       0x2a ../lib/libmc1322x.a(gpio.o)
 .ARM.attributes
                0x0000007e       0x2a ../lib/libmc1322x.a(maca.o)
 .ARM.attributes
                0x000000a8       0x26 ../lib/libmc1322x.a(nvm.o)
 .ARM.attributes
                0x000000ce       0x2a ../lib/libmc1322x.a(printf.o)
 .ARM.attributes
                0x000000f8       0x2a ../lib/libmc1322x.a(uart1.o)
 .ARM.attributes
                0x00000122       0x2a ../src/src-romvars.a(default_lowlevel.o)
 .ARM.attributes
                0x0000014c       0x1a ../src/src-romvars.a(start-romvars.o)
 .ARM.attributes
                0x00000166       0x28 ../src/src-romvars.a(isr.o)
 .ARM.attributes
                0x0000018e       0x14 /usr/local/xtools/arm-none-eabi/bin/../lib/gcc/arm-none-eabi/4.3.2/libgcc.a(_udivsi3.o)
 .ARM.attributes
                0x000001a2       0x14 /usr/local/xtools/arm-none-eabi/bin/../lib/gcc/arm-none-eabi/4.3.2/libgcc.a(_dvmd_tls.o)
 .ARM.attributes
                0x000001b6       0x2e /usr/local/xtools/arm-none-eabi/bin/../lib/gcc/arm-none-eabi/4.3.2/../../../../arm-none-eabi/lib/libc.a(lib_a-strlen.o)
