Archive member included because of file (symbol)

../lib/libmc1322x.a(printf.o)
                              obj_freescale-ncb/printf.o (printf)
../lib/libmc1322x.a(uart1.o)  ../lib/libmc1322x.a(printf.o) (uart1_putc)
../src/src.a(default_lowlevel.o)
                              obj_freescale-ncb/printf.o (uart1_init)
../src/src.a(start.o)         (_start)
../src/src.a(isr.o)           ../src/src.a(start.o) (irq)
/usr/local/xtools/arm-none-eabi/bin/../lib/gcc/arm-none-eabi/4.3.2/../../../../arm-none-eabi/lib/libm.a(lib_a-w_sqrt.o)
                              obj_freescale-ncb/printf.o (sqrt)
/usr/local/xtools/arm-none-eabi/bin/../lib/gcc/arm-none-eabi/4.3.2/../../../../arm-none-eabi/lib/libm.a(lib_a-e_sqrt.o)
                              /usr/local/xtools/arm-none-eabi/bin/../lib/gcc/arm-none-eabi/4.3.2/../../../../arm-none-eabi/lib/libm.a(lib_a-w_sqrt.o) (__ieee754_sqrt)
/usr/local/xtools/arm-none-eabi/bin/../lib/gcc/arm-none-eabi/4.3.2/../../../../arm-none-eabi/lib/libm.a(lib_a-s_isnand.o)
                              /usr/local/xtools/arm-none-eabi/bin/../lib/gcc/arm-none-eabi/4.3.2/../../../../arm-none-eabi/lib/libm.a(lib_a-w_sqrt.o) (__isnand)
/usr/local/xtools/arm-none-eabi/bin/../lib/gcc/arm-none-eabi/4.3.2/../../../../arm-none-eabi/lib/libm.a(lib_a-s_lib_ver.o)
                              /usr/local/xtools/arm-none-eabi/bin/../lib/gcc/arm-none-eabi/4.3.2/../../../../arm-none-eabi/lib/libm.a(lib_a-w_sqrt.o) (__fdlib_version)
/usr/local/xtools/arm-none-eabi/bin/../lib/gcc/arm-none-eabi/4.3.2/../../../../arm-none-eabi/lib/libm.a(lib_a-s_matherr.o)
                              /usr/local/xtools/arm-none-eabi/bin/../lib/gcc/arm-none-eabi/4.3.2/../../../../arm-none-eabi/lib/libm.a(lib_a-w_sqrt.o) (matherr)
/usr/local/xtools/arm-none-eabi/bin/../lib/gcc/arm-none-eabi/4.3.2/libgcc.a(_udivsi3.o)
                              ../lib/libmc1322x.a(printf.o) (__aeabi_uidiv)
/usr/local/xtools/arm-none-eabi/bin/../lib/gcc/arm-none-eabi/4.3.2/libgcc.a(_dvmd_tls.o)
                              /usr/local/xtools/arm-none-eabi/bin/../lib/gcc/arm-none-eabi/4.3.2/libgcc.a(_udivsi3.o) (__aeabi_idiv0)
/usr/local/xtools/arm-none-eabi/bin/../lib/gcc/arm-none-eabi/4.3.2/libgcc.a(_arm_addsubdf3.o)
                              /usr/local/xtools/arm-none-eabi/bin/../lib/gcc/arm-none-eabi/4.3.2/../../../../arm-none-eabi/lib/libm.a(lib_a-e_sqrt.o) (__aeabi_dsub)
/usr/local/xtools/arm-none-eabi/bin/../lib/gcc/arm-none-eabi/4.3.2/libgcc.a(_arm_muldivdf3.o)
                              obj_freescale-ncb/printf.o (__aeabi_dmul)
/usr/local/xtools/arm-none-eabi/bin/../lib/gcc/arm-none-eabi/4.3.2/libgcc.a(_arm_cmpdf2.o)
                              /usr/local/xtools/arm-none-eabi/bin/../lib/gcc/arm-none-eabi/4.3.2/../../../../arm-none-eabi/lib/libm.a(lib_a-w_sqrt.o) (__aeabi_dcmplt)
/usr/local/xtools/arm-none-eabi/bin/../lib/gcc/arm-none-eabi/4.3.2/libgcc.a(_arm_fixdfsi.o)
                              obj_freescale-ncb/printf.o (__aeabi_d2iz)
/usr/local/xtools/arm-none-eabi/bin/../lib/gcc/arm-none-eabi/4.3.2/../../../../arm-none-eabi/lib/libc.a(lib_a-errno.o)
                              /usr/local/xtools/arm-none-eabi/bin/../lib/gcc/arm-none-eabi/4.3.2/../../../../arm-none-eabi/lib/libm.a(lib_a-w_sqrt.o) (__errno)
/usr/local/xtools/arm-none-eabi/bin/../lib/gcc/arm-none-eabi/4.3.2/../../../../arm-none-eabi/lib/libc.a(lib_a-impure.o)
                              /usr/local/xtools/arm-none-eabi/bin/../lib/gcc/arm-none-eabi/4.3.2/../../../../arm-none-eabi/lib/libc.a(lib_a-errno.o) (_impure_ptr)
/usr/local/xtools/arm-none-eabi/bin/../lib/gcc/arm-none-eabi/4.3.2/../../../../arm-none-eabi/lib/libc.a(lib_a-strlen.o)
                              ../lib/libmc1322x.a(printf.o) (strlen)

Memory Configuration

Name             Origin             Length             Attributes
ram              0x00400000         0x00018000         xrw
*default*        0x00000000         0xffffffff

Linker script and memory map

START GROUP
LOAD obj_freescale-ncb/printf.o
LOAD obj_freescale-ncb/board.a
LOAD ../lib/libmc1322x.a
LOAD ../src/src.a
LOAD /usr/local/xtools/arm-none-eabi/bin/../lib/gcc/arm-none-eabi/4.3.2/../../../../arm-none-eabi/lib/libm.a
END GROUP
START GROUP
LOAD /usr/local/xtools/arm-none-eabi/bin/../lib/gcc/arm-none-eabi/4.3.2/libgcc.a
LOAD /usr/local/xtools/arm-none-eabi/bin/../lib/gcc/arm-none-eabi/4.3.2/../../../../arm-none-eabi/lib/libc.a
END GROUP
                0x00000400                SYS_STACK_SIZE = 0x400
                0x00000100                IRQ_STACK_SIZE = 0x100
                0x00000100                FIQ_STACK_SIZE = 0x100
                0x00000100                SVC_STACK_SIZE = 0x100
                0x00000010                ABT_STACK_SIZE = 0x10
                0x00000010                UND_STACK_SIZE = 0x10
                0x00000400                HEAP_SIZE = 0x400
                0x00400000                PROVIDE (__executable_start, 0x400000)
                0x00400000                . = 0x400000

.text           0x00400000     0x21d8
 *(.start)
 .start         0x00400000      0x800 ../src/src.a(start.o)
                0x00400090                _bss_start
                0x00400094                _bss_end
                0x00400000                _start
 *(.irq)
 .irq           0x00400800      0x1dc ../src/src.a(isr.o)
                0x00400800                irq
 *(.text .stub .text.* .gnu.linkonce.t.*)
 .text          0x004009dc        0x0 obj_freescale-ncb/printf.o
 *fill*         0x004009dc        0x4 00000000
 .text.main     0x004009e0      0x1f0 obj_freescale-ncb/printf.o
                0x004009e8                .real_start_ofmain
                0x004009e0                main
 .text          0x00400bd0        0x0 ../lib/libmc1322x.a(printf.o)
 .text.__print_char
                0x00400bd0       0x60 ../lib/libmc1322x.a(printf.o)
 .text.__print_str
                0x00400c30       0xf4 ../lib/libmc1322x.a(printf.o)
 .text.__print_int
                0x00400d24       0xdc ../lib/libmc1322x.a(printf.o)
 .text.__print_fmt
                0x00400e00      0x1bc ../lib/libmc1322x.a(printf.o)
 .text.printf   0x00400fbc       0x30 ../lib/libmc1322x.a(printf.o)
                0x00400fbc                printf
                0x00400fc4                .real_start_ofprintf
 .text.sprintf  0x00400fec       0x3c ../lib/libmc1322x.a(printf.o)
                0x00400ff4                .real_start_ofsprintf
                0x00400fec                sprintf
 .text          0x00401028        0x0 ../lib/libmc1322x.a(uart1.o)
 .text.uart1_isr
                0x00401028       0x54 ../lib/libmc1322x.a(uart1.o)
                0x00401028                uart1_isr
                0x00401030                .real_start_ofuart1_isr
 .text.uart1_putc
                0x0040107c       0x78 ../lib/libmc1322x.a(uart1.o)
                0x00401084                .real_start_ofuart1_putc
                0x0040107c                uart1_putc
 .text.uart1_getc
                0x004010f4       0x28 ../lib/libmc1322x.a(uart1.o)
                0x004010f4                uart1_getc
                0x004010fc                .real_start_ofuart1_getc
 .text          0x0040111c        0x0 ../src/src.a(default_lowlevel.o)
 .text.default_vreg_init
                0x0040111c       0x4c ../src/src.a(default_lowlevel.o)
                0x00401124                .real_start_ofdefault_vreg_init
                0x0040111c                default_vreg_init
 .text.uart1_init
                0x00401168       0x98 ../src/src.a(default_lowlevel.o)
                0x00401168                uart1_init
                0x00401170                .real_start_ofuart1_init
 .text          0x00401200        0x0 ../src/src.a(start.o)
 .text          0x00401200        0x0 ../src/src.a(isr.o)
 .text.irq_register_timer_handler
                0x00401200       0x10 ../src/src.a(isr.o)
                0x00401200                irq_register_timer_handler
 .text          0x00401210      0x124 /usr/local/xtools/arm-none-eabi/bin/../lib/gcc/arm-none-eabi/4.3.2/../../../../arm-none-eabi/lib/libm.a(lib_a-w_sqrt.o)
                0x00401210                sqrt
 .text          0x00401334      0x254 /usr/local/xtools/arm-none-eabi/bin/../lib/gcc/arm-none-eabi/4.3.2/../../../../arm-none-eabi/lib/libm.a(lib_a-e_sqrt.o)
                0x00401334                __ieee754_sqrt
 .text          0x00401588       0x30 /usr/local/xtools/arm-none-eabi/bin/../lib/gcc/arm-none-eabi/4.3.2/../../../../arm-none-eabi/lib/libm.a(lib_a-s_isnand.o)
                0x00401588                __isnand
 .text          0x004015b8        0x0 /usr/local/xtools/arm-none-eabi/bin/../lib/gcc/arm-none-eabi/4.3.2/../../../../arm-none-eabi/lib/libm.a(lib_a-s_lib_ver.o)
 .text          0x004015b8        0x8 /usr/local/xtools/arm-none-eabi/bin/../lib/gcc/arm-none-eabi/4.3.2/../../../../arm-none-eabi/lib/libm.a(lib_a-s_matherr.o)
                0x004015b8                matherr
 .text          0x004015c0      0x114 /usr/local/xtools/arm-none-eabi/bin/../lib/gcc/arm-none-eabi/4.3.2/libgcc.a(_udivsi3.o)
                0x004015c0                __udivsi3
                0x004015c0                __aeabi_uidiv
                0x004016b4                __aeabi_uidivmod
 .text          0x004016d4        0x4 /usr/local/xtools/arm-none-eabi/bin/../lib/gcc/arm-none-eabi/4.3.2/libgcc.a(_dvmd_tls.o)
                0x004016d4                __aeabi_ldiv0
                0x004016d4                __aeabi_idiv0
 .text          0x004016d8      0x41c /usr/local/xtools/arm-none-eabi/bin/../lib/gcc/arm-none-eabi/4.3.2/libgcc.a(_arm_addsubdf3.o)
                0x00401a94                __floatdidf
                0x00401a18                __floatsidf
                0x004019f4                __aeabi_ui2d
                0x004016d8                __aeabi_drsub
                0x00401a40                __extendsfdf2
                0x004016e4                __adddf3
                0x004019f4                __floatunsidf
                0x004016e4                __aeabi_dadd
                0x00401a80                __aeabi_ul2d
                0x004016e0                __aeabi_dsub
                0x00401a80                __floatundidf
                0x00401a18                __aeabi_i2d
                0x00401a94                __aeabi_l2d
                0x00401a40                __aeabi_f2d
                0x004016e0                __subdf3
 .text          0x00401af4      0x49c /usr/local/xtools/arm-none-eabi/bin/../lib/gcc/arm-none-eabi/4.3.2/libgcc.a(_arm_muldivdf3.o)
                0x00401d84                __aeabi_ddiv
                0x00401af4                __aeabi_dmul
                0x00401d84                __divdf3
                0x00401af4                __muldf3
 .text          0x00401f90      0x140 /usr/local/xtools/arm-none-eabi/bin/../lib/gcc/arm-none-eabi/4.3.2/libgcc.a(_arm_cmpdf2.o)
                0x00402088                __aeabi_dcmple
                0x00401fa0                __cmpdf2
                0x00401fa0                __eqdf2
                0x00401f90                __gtdf2
                0x00402040                __aeabi_cdcmple
                0x00402024                __aeabi_cdrcmple
                0x00401f98                __ltdf2
                0x00402070                __aeabi_dcmplt
                0x00401f98                __ledf2
                0x004020b8                __aeabi_dcmpgt
                0x004020a0                __aeabi_dcmpge
                0x00401fa0                __nedf2
                0x00402058                __aeabi_dcmpeq
                0x00402040                __aeabi_cdcmpeq
                0x00401f90                __gedf2
 .text          0x004020d0       0x5c /usr/local/xtools/arm-none-eabi/bin/../lib/gcc/arm-none-eabi/4.3.2/libgcc.a(_arm_fixdfsi.o)
                0x004020d0                __fixdfsi
                0x004020d0                __aeabi_d2iz
 .text          0x0040212c       0x10 /usr/local/xtools/arm-none-eabi/bin/../lib/gcc/arm-none-eabi/4.3.2/../../../../arm-none-eabi/lib/libc.a(lib_a-errno.o)
                0x0040212c                __errno
 .text          0x0040213c        0x0 /usr/local/xtools/arm-none-eabi/bin/../lib/gcc/arm-none-eabi/4.3.2/../../../../arm-none-eabi/lib/libc.a(lib_a-impure.o)
 .text          0x0040213c       0x9c /usr/local/xtools/arm-none-eabi/bin/../lib/gcc/arm-none-eabi/4.3.2/../../../../arm-none-eabi/lib/libc.a(lib_a-strlen.o)
                0x0040213c                strlen
 *(.gnu.warning)
 *(.glue_7t)
 .glue_7t       0x004021d8        0x0 obj_freescale-ncb/printf.o
 .glue_7t       0x004021d8        0x0 ../lib/libmc1322x.a(printf.o)
 .glue_7t       0x004021d8        0x0 ../lib/libmc1322x.a(uart1.o)
 .glue_7t       0x004021d8        0x0 ../src/src.a(default_lowlevel.o)
 .glue_7t       0x004021d8        0x0 ../src/src.a(start.o)
 .glue_7t       0x004021d8        0x0 ../src/src.a(isr.o)
 .glue_7t       0x004021d8        0x0 /usr/local/xtools/arm-none-eabi/bin/../lib/gcc/arm-none-eabi/4.3.2/../../../../arm-none-eabi/lib/libm.a(lib_a-w_sqrt.o)
 .glue_7t       0x004021d8        0x0 /usr/local/xtools/arm-none-eabi/bin/../lib/gcc/arm-none-eabi/4.3.2/../../../../arm-none-eabi/lib/libm.a(lib_a-e_sqrt.o)
 .glue_7t       0x004021d8        0x0 /usr/local/xtools/arm-none-eabi/bin/../lib/gcc/arm-none-eabi/4.3.2/../../../../arm-none-eabi/lib/libm.a(lib_a-s_isnand.o)
 .glue_7t       0x004021d8        0x0 /usr/local/xtools/arm-none-eabi/bin/../lib/gcc/arm-none-eabi/4.3.2/../../../../arm-none-eabi/lib/libm.a(lib_a-s_lib_ver.o)
 .glue_7t       0x004021d8        0x0 /usr/local/xtools/arm-none-eabi/bin/../lib/gcc/arm-none-eabi/4.3.2/../../../../arm-none-eabi/lib/libm.a(lib_a-s_matherr.o)
 .glue_7t       0x004021d8        0x0 /usr/local/xtools/arm-none-eabi/bin/../lib/gcc/arm-none-eabi/4.3.2/libgcc.a(_udivsi3.o)
 .glue_7t       0x004021d8        0x0 /usr/local/xtools/arm-none-eabi/bin/../lib/gcc/arm-none-eabi/4.3.2/libgcc.a(_dvmd_tls.o)
 .glue_7t       0x004021d8        0x0 /usr/local/xtools/arm-none-eabi/bin/../lib/gcc/arm-none-eabi/4.3.2/libgcc.a(_arm_addsubdf3.o)
 .glue_7t       0x004021d8        0x0 /usr/local/xtools/arm-none-eabi/bin/../lib/gcc/arm-none-eabi/4.3.2/libgcc.a(_arm_muldivdf3.o)
 .glue_7t       0x004021d8        0x0 /usr/local/xtools/arm-none-eabi/bin/../lib/gcc/arm-none-eabi/4.3.2/libgcc.a(_arm_cmpdf2.o)
 .glue_7t       0x004021d8        0x0 /usr/local/xtools/arm-none-eabi/bin/../lib/gcc/arm-none-eabi/4.3.2/libgcc.a(_arm_fixdfsi.o)
 .glue_7t       0x004021d8        0x0 /usr/local/xtools/arm-none-eabi/bin/../lib/gcc/arm-none-eabi/4.3.2/../../../../arm-none-eabi/lib/libc.a(lib_a-errno.o)
 .glue_7t       0x004021d8        0x0 /usr/local/xtools/arm-none-eabi/bin/../lib/gcc/arm-none-eabi/4.3.2/../../../../arm-none-eabi/lib/libc.a(lib_a-impure.o)
 .glue_7t       0x004021d8        0x0 /usr/local/xtools/arm-none-eabi/bin/../lib/gcc/arm-none-eabi/4.3.2/../../../../arm-none-eabi/lib/libc.a(lib_a-strlen.o)
 *(.glue_7)
 .glue_7        0x004021d8        0x0 obj_freescale-ncb/printf.o
 .glue_7        0x004021d8        0x0 ../lib/libmc1322x.a(printf.o)
 .glue_7        0x004021d8        0x0 ../lib/libmc1322x.a(uart1.o)
 .glue_7        0x004021d8        0x0 ../src/src.a(default_lowlevel.o)
 .glue_7        0x004021d8        0x0 ../src/src.a(start.o)
 .glue_7        0x004021d8        0x0 ../src/src.a(isr.o)
 .glue_7        0x004021d8        0x0 /usr/local/xtools/arm-none-eabi/bin/../lib/gcc/arm-none-eabi/4.3.2/../../../../arm-none-eabi/lib/libm.a(lib_a-w_sqrt.o)
 .glue_7        0x004021d8        0x0 /usr/local/xtools/arm-none-eabi/bin/../lib/gcc/arm-none-eabi/4.3.2/../../../../arm-none-eabi/lib/libm.a(lib_a-e_sqrt.o)
 .glue_7        0x004021d8        0x0 /usr/local/xtools/arm-none-eabi/bin/../lib/gcc/arm-none-eabi/4.3.2/../../../../arm-none-eabi/lib/libm.a(lib_a-s_isnand.o)
 .glue_7        0x004021d8        0x0 /usr/local/xtools/arm-none-eabi/bin/../lib/gcc/arm-none-eabi/4.3.2/../../../../arm-none-eabi/lib/libm.a(lib_a-s_lib_ver.o)
 .glue_7        0x004021d8        0x0 /usr/local/xtools/arm-none-eabi/bin/../lib/gcc/arm-none-eabi/4.3.2/../../../../arm-none-eabi/lib/libm.a(lib_a-s_matherr.o)
 .glue_7        0x004021d8        0x0 /usr/local/xtools/arm-none-eabi/bin/../lib/gcc/arm-none-eabi/4.3.2/libgcc.a(_udivsi3.o)
 .glue_7        0x004021d8        0x0 /usr/local/xtools/arm-none-eabi/bin/../lib/gcc/arm-none-eabi/4.3.2/libgcc.a(_dvmd_tls.o)
 .glue_7        0x004021d8        0x0 /usr/local/xtools/arm-none-eabi/bin/../lib/gcc/arm-none-eabi/4.3.2/libgcc.a(_arm_addsubdf3.o)
 .glue_7        0x004021d8        0x0 /usr/local/xtools/arm-none-eabi/bin/../lib/gcc/arm-none-eabi/4.3.2/libgcc.a(_arm_muldivdf3.o)
 .glue_7        0x004021d8        0x0 /usr/local/xtools/arm-none-eabi/bin/../lib/gcc/arm-none-eabi/4.3.2/libgcc.a(_arm_cmpdf2.o)
 .glue_7        0x004021d8        0x0 /usr/local/xtools/arm-none-eabi/bin/../lib/gcc/arm-none-eabi/4.3.2/libgcc.a(_arm_fixdfsi.o)
 .glue_7        0x004021d8        0x0 /usr/local/xtools/arm-none-eabi/bin/../lib/gcc/arm-none-eabi/4.3.2/../../../../arm-none-eabi/lib/libc.a(lib_a-errno.o)
 .glue_7        0x004021d8        0x0 /usr/local/xtools/arm-none-eabi/bin/../lib/gcc/arm-none-eabi/4.3.2/../../../../arm-none-eabi/lib/libc.a(lib_a-impure.o)
 .glue_7        0x004021d8        0x0 /usr/local/xtools/arm-none-eabi/bin/../lib/gcc/arm-none-eabi/4.3.2/../../../../arm-none-eabi/lib/libc.a(lib_a-strlen.o)
 *(.vfp11_veneer)
 .vfp11_veneer  0x004021d8        0x0 obj_freescale-ncb/printf.o
 .vfp11_veneer  0x004021d8        0x0 ../lib/libmc1322x.a(printf.o)
 .vfp11_veneer  0x004021d8        0x0 ../lib/libmc1322x.a(uart1.o)
 .vfp11_veneer  0x004021d8        0x0 ../src/src.a(default_lowlevel.o)
 .vfp11_veneer  0x004021d8        0x0 ../src/src.a(start.o)
 .vfp11_veneer  0x004021d8        0x0 ../src/src.a(isr.o)
 .vfp11_veneer  0x004021d8        0x0 /usr/local/xtools/arm-none-eabi/bin/../lib/gcc/arm-none-eabi/4.3.2/../../../../arm-none-eabi/lib/libm.a(lib_a-w_sqrt.o)
 .vfp11_veneer  0x004021d8        0x0 /usr/local/xtools/arm-none-eabi/bin/../lib/gcc/arm-none-eabi/4.3.2/../../../../arm-none-eabi/lib/libm.a(lib_a-e_sqrt.o)
 .vfp11_veneer  0x004021d8        0x0 /usr/local/xtools/arm-none-eabi/bin/../lib/gcc/arm-none-eabi/4.3.2/../../../../arm-none-eabi/lib/libm.a(lib_a-s_isnand.o)
 .vfp11_veneer  0x004021d8        0x0 /usr/local/xtools/arm-none-eabi/bin/../lib/gcc/arm-none-eabi/4.3.2/../../../../arm-none-eabi/lib/libm.a(lib_a-s_lib_ver.o)
 .vfp11_veneer  0x004021d8        0x0 /usr/local/xtools/arm-none-eabi/bin/../lib/gcc/arm-none-eabi/4.3.2/../../../../arm-none-eabi/lib/libm.a(lib_a-s_matherr.o)
 .vfp11_veneer  0x004021d8        0x0 /usr/local/xtools/arm-none-eabi/bin/../lib/gcc/arm-none-eabi/4.3.2/libgcc.a(_udivsi3.o)
 .vfp11_veneer  0x004021d8        0x0 /usr/local/xtools/arm-none-eabi/bin/../lib/gcc/arm-none-eabi/4.3.2/libgcc.a(_dvmd_tls.o)
 .vfp11_veneer  0x004021d8        0x0 /usr/local/xtools/arm-none-eabi/bin/../lib/gcc/arm-none-eabi/4.3.2/libgcc.a(_arm_addsubdf3.o)
 .vfp11_veneer  0x004021d8        0x0 /usr/local/xtools/arm-none-eabi/bin/../lib/gcc/arm-none-eabi/4.3.2/libgcc.a(_arm_muldivdf3.o)
 .vfp11_veneer  0x004021d8        0x0 /usr/local/xtools/arm-none-eabi/bin/../lib/gcc/arm-none-eabi/4.3.2/libgcc.a(_arm_cmpdf2.o)
 .vfp11_veneer  0x004021d8        0x0 /usr/local/xtools/arm-none-eabi/bin/../lib/gcc/arm-none-eabi/4.3.2/libgcc.a(_arm_fixdfsi.o)
 .vfp11_veneer  0x004021d8        0x0 /usr/local/xtools/arm-none-eabi/bin/../lib/gcc/arm-none-eabi/4.3.2/../../../../arm-none-eabi/lib/libc.a(lib_a-errno.o)
 .vfp11_veneer  0x004021d8        0x0 /usr/local/xtools/arm-none-eabi/bin/../lib/gcc/arm-none-eabi/4.3.2/../../../../arm-none-eabi/lib/libc.a(lib_a-impure.o)
 .vfp11_veneer  0x004021d8        0x0 /usr/local/xtools/arm-none-eabi/bin/../lib/gcc/arm-none-eabi/4.3.2/../../../../arm-none-eabi/lib/libc.a(lib_a-strlen.o)
 *(.v4_bx)
 .v4_bx         0x004021d8        0x0 obj_freescale-ncb/printf.o
 .v4_bx         0x004021d8        0x0 ../lib/libmc1322x.a(printf.o)
 .v4_bx         0x004021d8        0x0 ../lib/libmc1322x.a(uart1.o)
 .v4_bx         0x004021d8        0x0 ../src/src.a(default_lowlevel.o)
 .v4_bx         0x004021d8        0x0 ../src/src.a(start.o)
 .v4_bx         0x004021d8        0x0 ../src/src.a(isr.o)
 .v4_bx         0x004021d8        0x0 /usr/local/xtools/arm-none-eabi/bin/../lib/gcc/arm-none-eabi/4.3.2/../../../../arm-none-eabi/lib/libm.a(lib_a-w_sqrt.o)
 .v4_bx         0x004021d8        0x0 /usr/local/xtools/arm-none-eabi/bin/../lib/gcc/arm-none-eabi/4.3.2/../../../../arm-none-eabi/lib/libm.a(lib_a-e_sqrt.o)
 .v4_bx         0x004021d8        0x0 /usr/local/xtools/arm-none-eabi/bin/../lib/gcc/arm-none-eabi/4.3.2/../../../../arm-none-eabi/lib/libm.a(lib_a-s_isnand.o)
 .v4_bx         0x004021d8        0x0 /usr/local/xtools/arm-none-eabi/bin/../lib/gcc/arm-none-eabi/4.3.2/../../../../arm-none-eabi/lib/libm.a(lib_a-s_lib_ver.o)
 .v4_bx         0x004021d8        0x0 /usr/local/xtools/arm-none-eabi/bin/../lib/gcc/arm-none-eabi/4.3.2/../../../../arm-none-eabi/lib/libm.a(lib_a-s_matherr.o)
 .v4_bx         0x004021d8        0x0 /usr/local/xtools/arm-none-eabi/bin/../lib/gcc/arm-none-eabi/4.3.2/libgcc.a(_udivsi3.o)
 .v4_bx         0x004021d8        0x0 /usr/local/xtools/arm-none-eabi/bin/../lib/gcc/arm-none-eabi/4.3.2/libgcc.a(_dvmd_tls.o)
 .v4_bx         0x004021d8        0x0 /usr/local/xtools/arm-none-eabi/bin/../lib/gcc/arm-none-eabi/4.3.2/libgcc.a(_arm_addsubdf3.o)
 .v4_bx         0x004021d8        0x0 /usr/local/xtools/arm-none-eabi/bin/../lib/gcc/arm-none-eabi/4.3.2/libgcc.a(_arm_muldivdf3.o)
 .v4_bx         0x004021d8        0x0 /usr/local/xtools/arm-none-eabi/bin/../lib/gcc/arm-none-eabi/4.3.2/libgcc.a(_arm_cmpdf2.o)
 .v4_bx         0x004021d8        0x0 /usr/local/xtools/arm-none-eabi/bin/../lib/gcc/arm-none-eabi/4.3.2/libgcc.a(_arm_fixdfsi.o)
 .v4_bx         0x004021d8        0x0 /usr/local/xtools/arm-none-eabi/bin/../lib/gcc/arm-none-eabi/4.3.2/../../../../arm-none-eabi/lib/libc.a(lib_a-errno.o)
 .v4_bx         0x004021d8        0x0 /usr/local/xtools/arm-none-eabi/bin/../lib/gcc/arm-none-eabi/4.3.2/../../../../arm-none-eabi/lib/libc.a(lib_a-impure.o)
 .v4_bx         0x004021d8        0x0 /usr/local/xtools/arm-none-eabi/bin/../lib/gcc/arm-none-eabi/4.3.2/../../../../arm-none-eabi/lib/libc.a(lib_a-strlen.o)

.janus_2cc_veneer
                0x004021d8        0x0
 .janus_2cc_veneer
                0x004021d8        0x0 obj_freescale-ncb/printf.o
 .janus_2cc_veneer
                0x004021d8        0x0 ../lib/libmc1322x.a(printf.o)
 .janus_2cc_veneer
                0x004021d8        0x0 ../lib/libmc1322x.a(uart1.o)
 .janus_2cc_veneer
                0x004021d8        0x0 ../src/src.a(default_lowlevel.o)
 .janus_2cc_veneer
                0x004021d8        0x0 ../src/src.a(start.o)
 .janus_2cc_veneer
                0x004021d8        0x0 ../src/src.a(isr.o)
 .janus_2cc_veneer
                0x004021d8        0x0 /usr/local/xtools/arm-none-eabi/bin/../lib/gcc/arm-none-eabi/4.3.2/../../../../arm-none-eabi/lib/libm.a(lib_a-w_sqrt.o)
 .janus_2cc_veneer
                0x004021d8        0x0 /usr/local/xtools/arm-none-eabi/bin/../lib/gcc/arm-none-eabi/4.3.2/../../../../arm-none-eabi/lib/libm.a(lib_a-e_sqrt.o)
 .janus_2cc_veneer
                0x004021d8        0x0 /usr/local/xtools/arm-none-eabi/bin/../lib/gcc/arm-none-eabi/4.3.2/../../../../arm-none-eabi/lib/libm.a(lib_a-s_isnand.o)
 .janus_2cc_veneer
                0x004021d8        0x0 /usr/local/xtools/arm-none-eabi/bin/../lib/gcc/arm-none-eabi/4.3.2/../../../../arm-none-eabi/lib/libm.a(lib_a-s_lib_ver.o)
 .janus_2cc_veneer
                0x004021d8        0x0 /usr/local/xtools/arm-none-eabi/bin/../lib/gcc/arm-none-eabi/4.3.2/../../../../arm-none-eabi/lib/libm.a(lib_a-s_matherr.o)
 .janus_2cc_veneer
                0x004021d8        0x0 /usr/local/xtools/arm-none-eabi/bin/../lib/gcc/arm-none-eabi/4.3.2/libgcc.a(_udivsi3.o)
 .janus_2cc_veneer
                0x004021d8        0x0 /usr/local/xtools/arm-none-eabi/bin/../lib/gcc/arm-none-eabi/4.3.2/libgcc.a(_dvmd_tls.o)
 .janus_2cc_veneer
                0x004021d8        0x0 /usr/local/xtools/arm-none-eabi/bin/../lib/gcc/arm-none-eabi/4.3.2/libgcc.a(_arm_addsubdf3.o)
 .janus_2cc_veneer
                0x004021d8        0x0 /usr/local/xtools/arm-none-eabi/bin/../lib/gcc/arm-none-eabi/4.3.2/libgcc.a(_arm_muldivdf3.o)
 .janus_2cc_veneer
                0x004021d8        0x0 /usr/local/xtools/arm-none-eabi/bin/../lib/gcc/arm-none-eabi/4.3.2/libgcc.a(_arm_cmpdf2.o)
 .janus_2cc_veneer
                0x004021d8        0x0 /usr/local/xtools/arm-none-eabi/bin/../lib/gcc/arm-none-eabi/4.3.2/libgcc.a(_arm_fixdfsi.o)
 .janus_2cc_veneer
                0x004021d8        0x0 /usr/local/xtools/arm-none-eabi/bin/../lib/gcc/arm-none-eabi/4.3.2/../../../../arm-none-eabi/lib/libc.a(lib_a-errno.o)
 .janus_2cc_veneer
                0x004021d8        0x0 /usr/local/xtools/arm-none-eabi/bin/../lib/gcc/arm-none-eabi/4.3.2/../../../../arm-none-eabi/lib/libc.a(lib_a-impure.o)
 .janus_2cc_veneer
                0x004021d8        0x0 /usr/local/xtools/arm-none-eabi/bin/../lib/gcc/arm-none-eabi/4.3.2/../../../../arm-none-eabi/lib/libc.a(lib_a-strlen.o)

.interp
 *(.interp)

.note.gnu.build-id
 *(.note.gnu.build-id)

.hash
 *(.hash)

.gnu.hash
 *(.gnu.hash)

.dynsym
 *(.dynsym)

.dynstr
 *(.dynstr)

.gnu.version
 *(.gnu.version)

.gnu.version_d
 *(.gnu.version_d)

.gnu.version_r
 *(.gnu.version_r)

.rel.dyn
 *(.rel.init)
 *(.rel.text .rel.text.* .rel.gnu.linkonce.t.*)
 *(.rel.fini)
 *(.rel.rodata .rel.rodata.* .rel.gnu.linkonce.r.*)
 *(.rel.data.rel.ro* .rel.gnu.linkonce.d.rel.ro.*)
 *(.rel.data .rel.data.* .rel.gnu.linkonce.d.*)
 *(.rel.tdata .rel.tdata.* .rel.gnu.linkonce.td.*)
 *(.rel.tbss .rel.tbss.* .rel.gnu.linkonce.tb.*)
 *(.rel.ctors)
 *(.rel.dtors)
 *(.rel.got)
 *(.rel.bss .rel.bss.* .rel.gnu.linkonce.b.*)

.rela.dyn
 *(.rela.init)
 *(.rela.text .rela.text.* .rela.gnu.linkonce.t.*)
 *(.rela.fini)
 *(.rela.rodata .rela.rodata.* .rela.gnu.linkonce.r.*)
 *(.rela.data .rela.data.* .rela.gnu.linkonce.d.*)
 *(.rela.tdata .rela.tdata.* .rela.gnu.linkonce.td.*)
 *(.rela.tbss .rela.tbss.* .rela.gnu.linkonce.tb.*)
 *(.rela.ctors)
 *(.rela.dtors)
 *(.rela.got)
 *(.rela.bss .rela.bss.* .rela.gnu.linkonce.b.*)

.rel.plt
 *(.rel.plt)

.rela.plt
 *(.rela.plt)

.init
 *(.init)

.plt
 *(.plt)

.fini
 *(.fini)
                0x004021d8                PROVIDE (__etext, .)
                0x004021d8                PROVIDE (_etext, .)
                0x004021d8                PROVIDE (etext, .)

.rodata         0x004021d8      0x118
 *(.rodata .rodata.* .gnu.linkonce.r.*)
 .rodata.str1.1
                0x004021d8      0x101 obj_freescale-ncb/printf.o
                                0x122 (size before relaxing)
 .rodata.str1.1
                0x004022d9        0x7 ../lib/libmc1322x.a(printf.o)
 .rodata.str1.4
                0x004022e0        0x5 /usr/local/xtools/arm-none-eabi/bin/../lib/gcc/arm-none-eabi/4.3.2/../../../../arm-none-eabi/lib/libm.a(lib_a-w_sqrt.o)
                                  0x8 (size before relaxing)
 *fill*         0x004022e5        0x3 00
 .rodata        0x004022e8        0x4 /usr/local/xtools/arm-none-eabi/bin/../lib/gcc/arm-none-eabi/4.3.2/../../../../arm-none-eabi/lib/libc.a(lib_a-impure.o)
                0x004022e8                _global_impure_ptr
 .rodata.str1.4
                0x004022ec        0x4 /usr/local/xtools/arm-none-eabi/bin/../lib/gcc/arm-none-eabi/4.3.2/../../../../arm-none-eabi/lib/libc.a(lib_a-impure.o)

.rodata1
 *(.rodata1)

.eh_frame_hdr
 *(.eh_frame_hdr)

.eh_frame
 *(.eh_frame)

.gcc_except_table
 *(.gcc_except_table .gcc_except_table.*)
                0x004022f0                . = ALIGN (0x4)
                0x004022f0                . = (0x4 DATA_SEGMENT_ALIGN 0x4)

.eh_frame
 *(.eh_frame)

.gcc_except_table
 *(.gcc_except_table .gcc_except_table.*)

.tdata
 *(.tdata .tdata.* .gnu.linkonce.td.*)

.tbss
 *(.tbss .tbss.* .gnu.linkonce.tb.*)
 *(.tcommon)

.preinit_array  0x004022f0        0x0
                0x004022f0                PROVIDE (__preinit_array_start, .)
 *(.preinit_array)
                0x004022f0                PROVIDE (__preinit_array_end, .)

.init_array     0x004022f0        0x0
                0x004022f0                PROVIDE (__init_array_start, .)
 *(SORT(.init_array.*))
 *(.init_array)
                0x004022f0                PROVIDE (__init_array_end, .)

.fini_array     0x004022f0        0x0
                0x004022f0                PROVIDE (__fini_array_start, .)
 *(.fini_array)
 *(SORT(.fini_array.*))
                0x004022f0                PROVIDE (__fini_array_end, .)

.ctors
 *crtbegin.o(.ctors)
 *crtbegin?.o(.ctors)
 *(EXCLUDE_FILE(*crtend?.o *crtend.o) .ctors)
 *(SORT(.ctors.*))
 *(.ctors)

.dtors
 *crtbegin.o(.dtors)
 *crtbegin?.o(.dtors)
 *(EXCLUDE_FILE(*crtend?.o *crtend.o) .dtors)
 *(SORT(.dtors.*))
 *(.dtors)

.jcr
 *(.jcr)

.data.rel.ro
 *(.data.rel.ro.local* .gnu.linkonce.d.rel.ro.local.*)
 *(.data.rel.ro* .gnu.linkonce.d.rel.ro.*)

.dynamic
 *(.dynamic)
                0x004022f0                . = (. DATA_SEGMENT_RELRO_END 0x0)

.got
 *(.got.plt)
 *(.got)

.data           0x004022f0      0x420
                0x004022f0                __data_start = .
 *(.data .data.* .gnu.linkonce.d.*)
 .data          0x004022f0        0x0 obj_freescale-ncb/printf.o
 .data          0x004022f0        0x0 ../lib/libmc1322x.a(printf.o)
 .data          0x004022f0        0x0 ../lib/libmc1322x.a(uart1.o)
 .data          0x004022f0        0x0 ../src/src.a(default_lowlevel.o)
 .data          0x004022f0        0x0 ../src/src.a(start.o)
 .data          0x004022f0       0x10 ../src/src.a(isr.o)
 .data          0x00402300        0x0 /usr/local/xtools/arm-none-eabi/bin/../lib/gcc/arm-none-eabi/4.3.2/../../../../arm-none-eabi/lib/libm.a(lib_a-w_sqrt.o)
 .data          0x00402300        0x0 /usr/local/xtools/arm-none-eabi/bin/../lib/gcc/arm-none-eabi/4.3.2/../../../../arm-none-eabi/lib/libm.a(lib_a-e_sqrt.o)
 .data          0x00402300        0x0 /usr/local/xtools/arm-none-eabi/bin/../lib/gcc/arm-none-eabi/4.3.2/../../../../arm-none-eabi/lib/libm.a(lib_a-s_isnand.o)
 .data          0x00402300        0x1 /usr/local/xtools/arm-none-eabi/bin/../lib/gcc/arm-none-eabi/4.3.2/../../../../arm-none-eabi/lib/libm.a(lib_a-s_lib_ver.o)
                0x00402300                __fdlib_version
 .data          0x00402301        0x0 /usr/local/xtools/arm-none-eabi/bin/../lib/gcc/arm-none-eabi/4.3.2/../../../../arm-none-eabi/lib/libm.a(lib_a-s_matherr.o)
 .data          0x00402301        0x0 /usr/local/xtools/arm-none-eabi/bin/../lib/gcc/arm-none-eabi/4.3.2/libgcc.a(_udivsi3.o)
 .data          0x00402301        0x0 /usr/local/xtools/arm-none-eabi/bin/../lib/gcc/arm-none-eabi/4.3.2/libgcc.a(_dvmd_tls.o)
 .data          0x00402301        0x0 /usr/local/xtools/arm-none-eabi/bin/../lib/gcc/arm-none-eabi/4.3.2/libgcc.a(_arm_addsubdf3.o)
 .data          0x00402301        0x0 /usr/local/xtools/arm-none-eabi/bin/../lib/gcc/arm-none-eabi/4.3.2/libgcc.a(_arm_muldivdf3.o)
 .data          0x00402301        0x0 /usr/local/xtools/arm-none-eabi/bin/../lib/gcc/arm-none-eabi/4.3.2/libgcc.a(_arm_cmpdf2.o)
 .data          0x00402301        0x0 /usr/local/xtools/arm-none-eabi/bin/../lib/gcc/arm-none-eabi/4.3.2/libgcc.a(_arm_fixdfsi.o)
 .data          0x00402301        0x0 /usr/local/xtools/arm-none-eabi/bin/../lib/gcc/arm-none-eabi/4.3.2/../../../../arm-none-eabi/lib/libc.a(lib_a-errno.o)
 *fill*         0x00402301        0x7 00
 .data          0x00402308      0x408 /usr/local/xtools/arm-none-eabi/bin/../lib/gcc/arm-none-eabi/4.3.2/../../../../arm-none-eabi/lib/libc.a(lib_a-impure.o)
                0x00402308                _impure_ptr
 .data          0x00402710        0x0 /usr/local/xtools/arm-none-eabi/bin/../lib/gcc/arm-none-eabi/4.3.2/../../../../arm-none-eabi/lib/libc.a(lib_a-strlen.o)

.data1
 *(.data1)
                0x00402710                _edata = .
                0x00402710                PROVIDE (edata, .)

.stack          0x00402710      0x720
                0x00402710                __stack_start__ = .
                0x00402810                . = (. + IRQ_STACK_SIZE)
 *fill*         0x00402710      0x100 00
                0x00402810                . = ALIGN (0x4)
                0x00402810                __irq_stack_top__ = .
                0x00402910                . = (. + FIQ_STACK_SIZE)
 *fill*         0x00402810      0x100 00
                0x00402910                . = ALIGN (0x4)
                0x00402910                __fiq_stack_top__ = .
                0x00402a10                . = (. + SVC_STACK_SIZE)
 *fill*         0x00402910      0x100 00
                0x00402a10                . = ALIGN (0x4)
                0x00402a10                __svc_stack_top__ = .
                0x00402a20                . = (. + ABT_STACK_SIZE)
 *fill*         0x00402a10       0x10 00
                0x00402a20                . = ALIGN (0x4)
                0x00402a20                __abt_stack_top__ = .
                0x00402a30                . = (. + UND_STACK_SIZE)
 *fill*         0x00402a20       0x10 00
                0x00402a30                . = ALIGN (0x4)
                0x00402a30                __und_stack_top__ = .
                0x00402e30                . = (. + SYS_STACK_SIZE)
 *fill*         0x00402a30      0x400 00
                0x00402e30                . = ALIGN (0x4)
                0x00402e30                __sys_stack_top__ = .
                0x00402e30                __stack_end__ = .
                0x00402e30                __bss_start = .
                0x00402e30                __bss_start__ = .

.bss            0x00402e30       0x48
 *(.dynbss)
 *(.bss .bss.* .gnu.linkonce.b.*)
 .bss           0x00402e30        0x0 obj_freescale-ncb/printf.o
 .bss           0x00402e30        0x0 ../lib/libmc1322x.a(printf.o)
 .bss           0x00402e30       0x48 ../lib/libmc1322x.a(uart1.o)
                0x00402e38                u1_tx_buf
                0x00402e34                u1_tail
                0x00402e30                u1_head
 .bss           0x00402e78        0x0 ../src/src.a(default_lowlevel.o)
 .bss           0x00402e78        0x0 ../src/src.a(start.o)
 .bss           0x00402e78        0x0 ../src/src.a(isr.o)
 .bss           0x00402e78        0x0 /usr/local/xtools/arm-none-eabi/bin/../lib/gcc/arm-none-eabi/4.3.2/../../../../arm-none-eabi/lib/libm.a(lib_a-w_sqrt.o)
 .bss           0x00402e78        0x0 /usr/local/xtools/arm-none-eabi/bin/../lib/gcc/arm-none-eabi/4.3.2/../../../../arm-none-eabi/lib/libm.a(lib_a-e_sqrt.o)
 .bss           0x00402e78        0x0 /usr/local/xtools/arm-none-eabi/bin/../lib/gcc/arm-none-eabi/4.3.2/../../../../arm-none-eabi/lib/libm.a(lib_a-s_isnand.o)
 .bss           0x00402e78        0x0 /usr/local/xtools/arm-none-eabi/bin/../lib/gcc/arm-none-eabi/4.3.2/../../../../arm-none-eabi/lib/libm.a(lib_a-s_lib_ver.o)
 .bss           0x00402e78        0x0 /usr/local/xtools/arm-none-eabi/bin/../lib/gcc/arm-none-eabi/4.3.2/../../../../arm-none-eabi/lib/libm.a(lib_a-s_matherr.o)
 .bss           0x00402e78        0x0 /usr/local/xtools/arm-none-eabi/bin/../lib/gcc/arm-none-eabi/4.3.2/libgcc.a(_udivsi3.o)
 .bss           0x00402e78        0x0 /usr/local/xtools/arm-none-eabi/bin/../lib/gcc/arm-none-eabi/4.3.2/libgcc.a(_dvmd_tls.o)
 .bss           0x00402e78        0x0 /usr/local/xtools/arm-none-eabi/bin/../lib/gcc/arm-none-eabi/4.3.2/libgcc.a(_arm_addsubdf3.o)
 .bss           0x00402e78        0x0 /usr/local/xtools/arm-none-eabi/bin/../lib/gcc/arm-none-eabi/4.3.2/libgcc.a(_arm_muldivdf3.o)
 .bss           0x00402e78        0x0 /usr/local/xtools/arm-none-eabi/bin/../lib/gcc/arm-none-eabi/4.3.2/libgcc.a(_arm_cmpdf2.o)
 .bss           0x00402e78        0x0 /usr/local/xtools/arm-none-eabi/bin/../lib/gcc/arm-none-eabi/4.3.2/libgcc.a(_arm_fixdfsi.o)
 .bss           0x00402e78        0x0 /usr/local/xtools/arm-none-eabi/bin/../lib/gcc/arm-none-eabi/4.3.2/../../../../arm-none-eabi/lib/libc.a(lib_a-errno.o)
 .bss           0x00402e78        0x0 /usr/local/xtools/arm-none-eabi/bin/../lib/gcc/arm-none-eabi/4.3.2/../../../../arm-none-eabi/lib/libc.a(lib_a-impure.o)
 .bss           0x00402e78        0x0 /usr/local/xtools/arm-none-eabi/bin/../lib/gcc/arm-none-eabi/4.3.2/../../../../arm-none-eabi/lib/libc.a(lib_a-strlen.o)
 *(COMMON)
                0x00402e78                . = ALIGN ((. != 0x0)?0x4:0x1)
                0x00402e78                _bss_end__ = .
                0x00402e78                __bss_end__ = .
                0x00402e78                . = ALIGN (0x4)

.heap           0x00402e78      0x400
                0x00402e78                __heap_start__ = .
 *(.heap)
                0x00403278                . = (. + HEAP_SIZE)
 *fill*         0x00402e78      0x400 00
                0x00403278                . = ALIGN (0x4)
                0x00403278                __heap_end__ = .
                0x00403278                . = ALIGN (0x4)
                0x00403278                __end__ = .
                0x00403278                _end = .
                0x00403278                PROVIDE (end, .)
                0x00403278                . = DATA_SEGMENT_END (.)

.stab           0x00000000      0x18c
 *(.stab)
 .stab          0x00000000      0x18c ../src/src.a(start.o)

.stabstr        0x00000000       0x21
 *(.stabstr)
 .stabstr       0x00000000       0x21 ../src/src.a(start.o)

.stab.excl
 *(.stab.excl)

.stab.exclstr
 *(.stab.exclstr)

.stab.index
 *(.stab.index)

.stab.indexstr
 *(.stab.indexstr)

.comment        0x00000000       0xd2
 *(.comment)
 .comment       0x00000000       0x2a obj_freescale-ncb/printf.o
 .comment       0x0000002a       0x2a ../lib/libmc1322x.a(printf.o)
 .comment       0x00000054       0x2a ../lib/libmc1322x.a(uart1.o)
 .comment       0x0000007e       0x2a ../src/src.a(default_lowlevel.o)
 .comment       0x000000a8       0x2a ../src/src.a(isr.o)

.debug
 *(.debug)

.line
 *(.line)

.debug_srcinfo
 *(.debug_srcinfo)

.debug_sfnames
 *(.debug_sfnames)

.debug_aranges  0x00000000       0xe8
 *(.debug_aranges)
 .debug_aranges
                0x00000000       0x20 obj_freescale-ncb/printf.o
 .debug_aranges
                0x00000020       0x48 ../lib/libmc1322x.a(printf.o)
 .debug_aranges
                0x00000068       0x30 ../lib/libmc1322x.a(uart1.o)
 .debug_aranges
                0x00000098       0x28 ../src/src.a(default_lowlevel.o)
 .debug_aranges
                0x000000c0       0x28 ../src/src.a(isr.o)

.debug_pubnames
                0x00000000      0x118
 *(.debug_pubnames)
 .debug_pubnames
                0x00000000       0x1b obj_freescale-ncb/printf.o
 .debug_pubnames
                0x0000001b       0x29 ../lib/libmc1322x.a(printf.o)
 .debug_pubnames
                0x00000044       0x64 ../lib/libmc1322x.a(uart1.o)
 .debug_pubnames
                0x000000a8       0x37 ../src/src.a(default_lowlevel.o)
 .debug_pubnames
                0x000000df       0x39 ../src/src.a(isr.o)

.debug_info     0x00000000    0x29b46
 *(.debug_info .gnu.linkonce.wi.*)
 .debug_info    0x00000000     0x8475 obj_freescale-ncb/printf.o
 .debug_info    0x00008475     0x8816 ../lib/libmc1322x.a(printf.o)
 .debug_info    0x00010c8b     0x8502 ../lib/libmc1322x.a(uart1.o)
 .debug_info    0x0001918d     0x84e5 ../src/src.a(default_lowlevel.o)
 .debug_info    0x00021672     0x84d4 ../src/src.a(isr.o)

.debug_abbrev   0x00000000      0x8ca
 *(.debug_abbrev)
 .debug_abbrev  0x00000000      0x155 obj_freescale-ncb/printf.o
 .debug_abbrev  0x00000155      0x286 ../lib/libmc1322x.a(printf.o)
 .debug_abbrev  0x000003db      0x1aa ../lib/libmc1322x.a(uart1.o)
 .debug_abbrev  0x00000585      0x19c ../src/src.a(default_lowlevel.o)
 .debug_abbrev  0x00000721      0x1a9 ../src/src.a(isr.o)

.debug_line     0x00000000      0x699
 *(.debug_line)
 .debug_line    0x00000000       0xfd obj_freescale-ncb/printf.o
 .debug_line    0x000000fd      0x235 ../lib/libmc1322x.a(printf.o)
 .debug_line    0x00000332      0x125 ../lib/libmc1322x.a(uart1.o)
 .debug_line    0x00000457      0x12b ../src/src.a(default_lowlevel.o)
 .debug_line    0x00000582      0x117 ../src/src.a(isr.o)

.debug_frame    0x00000000      0x2d8
 *(.debug_frame)
 .debug_frame   0x00000000       0x2c obj_freescale-ncb/printf.o
 .debug_frame   0x0000002c       0xc0 ../lib/libmc1322x.a(printf.o)
 .debug_frame   0x000000ec       0x58 ../lib/libmc1322x.a(uart1.o)
 .debug_frame   0x00000144       0x40 ../src/src.a(default_lowlevel.o)
 .debug_frame   0x00000184       0x44 ../src/src.a(isr.o)
 .debug_frame   0x000001c8       0x34 /usr/local/xtools/arm-none-eabi/bin/../lib/gcc/arm-none-eabi/4.3.2/../../../../arm-none-eabi/lib/libm.a(lib_a-w_sqrt.o)
 .debug_frame   0x000001fc       0x34 /usr/local/xtools/arm-none-eabi/bin/../lib/gcc/arm-none-eabi/4.3.2/../../../../arm-none-eabi/lib/libm.a(lib_a-e_sqrt.o)
 .debug_frame   0x00000230       0x28 /usr/local/xtools/arm-none-eabi/bin/../lib/gcc/arm-none-eabi/4.3.2/../../../../arm-none-eabi/lib/libm.a(lib_a-s_isnand.o)
 .debug_frame   0x00000258       0x20 /usr/local/xtools/arm-none-eabi/bin/../lib/gcc/arm-none-eabi/4.3.2/../../../../arm-none-eabi/lib/libm.a(lib_a-s_matherr.o)
 .debug_frame   0x00000278       0x20 /usr/local/xtools/arm-none-eabi/bin/../lib/gcc/arm-none-eabi/4.3.2/libgcc.a(_udivsi3.o)
 .debug_frame   0x00000298       0x20 /usr/local/xtools/arm-none-eabi/bin/../lib/gcc/arm-none-eabi/4.3.2/../../../../arm-none-eabi/lib/libc.a(lib_a-errno.o)
 .debug_frame   0x000002b8       0x20 /usr/local/xtools/arm-none-eabi/bin/../lib/gcc/arm-none-eabi/4.3.2/../../../../arm-none-eabi/lib/libc.a(lib_a-strlen.o)

.debug_str      0x00000000     0x35ef
 *(.debug_str)
 .debug_str     0x00000000     0x33a5 obj_freescale-ncb/printf.o
                               0x35b9 (size before relaxing)
 .debug_str     0x000033a5       0xe0 ../lib/libmc1322x.a(printf.o)
                               0x368e (size before relaxing)
 .debug_str     0x00003485       0xea ../lib/libmc1322x.a(uart1.o)
                               0x367c (size before relaxing)
 .debug_str     0x0000356f       0x3c ../src/src.a(default_lowlevel.o)
                               0x367a (size before relaxing)
 .debug_str     0x000035ab       0x44 ../src/src.a(isr.o)
                               0x366a (size before relaxing)

.debug_loc      0x00000000      0x948
 *(.debug_loc)
 .debug_loc     0x00000000       0x1f obj_freescale-ncb/printf.o
 .debug_loc     0x0000001f      0x7f4 ../lib/libmc1322x.a(printf.o)
 .debug_loc     0x00000813       0x5d ../lib/libmc1322x.a(uart1.o)
 .debug_loc     0x00000870       0xb9 ../src/src.a(default_lowlevel.o)
 .debug_loc     0x00000929       0x1f ../src/src.a(isr.o)

.debug_macinfo
 *(.debug_macinfo)

.debug_weaknames
 *(.debug_weaknames)

.debug_funcnames
 *(.debug_funcnames)

.debug_typenames
 *(.debug_typenames)

.debug_varnames
 *(.debug_varnames)

.debug_pubtypes
 *(.debug_pubtypes)

.debug_ranges   0x00000000       0xc0
 *(.debug_ranges)
 .debug_ranges  0x00000000       0x18 obj_freescale-ncb/printf.o
 .debug_ranges  0x00000018       0x40 ../lib/libmc1322x.a(printf.o)
 .debug_ranges  0x00000058       0x28 ../lib/libmc1322x.a(uart1.o)
 .debug_ranges  0x00000080       0x20 ../src/src.a(default_lowlevel.o)
 .debug_ranges  0x000000a0       0x20 ../src/src.a(isr.o)

.gnu.attributes
 *(.gnu.attributes)

.note.gnu.arm.ident
 *(.note.gnu.arm.ident)

/DISCARD/
 *(.note.GNU-stack)
 *(.gnu_debuglink)
OUTPUT(printf_freescale-ncb.elf elf32-littlearm)

.ARM.attributes
                0x00000000       0x2a
 .ARM.attributes
                0x00000000       0x2a obj_freescale-ncb/printf.o
 .ARM.attributes
                0x0000002a       0x2a ../lib/libmc1322x.a(printf.o)
 .ARM.attributes
                0x00000054       0x2a ../lib/libmc1322x.a(uart1.o)
 .ARM.attributes
                0x0000007e       0x2a ../src/src.a(default_lowlevel.o)
 .ARM.attributes
                0x000000a8       0x18 ../src/src.a(start.o)
 .ARM.attributes
                0x000000c0       0x28 ../src/src.a(isr.o)
 .ARM.attributes
                0x000000e8       0x2e /usr/local/xtools/arm-none-eabi/bin/../lib/gcc/arm-none-eabi/4.3.2/../../../../arm-none-eabi/lib/libm.a(lib_a-w_sqrt.o)
 .ARM.attributes
                0x00000116       0x2e /usr/local/xtools/arm-none-eabi/bin/../lib/gcc/arm-none-eabi/4.3.2/../../../../arm-none-eabi/lib/libm.a(lib_a-e_sqrt.o)
 .ARM.attributes
                0x00000144       0x2e /usr/local/xtools/arm-none-eabi/bin/../lib/gcc/arm-none-eabi/4.3.2/../../../../arm-none-eabi/lib/libm.a(lib_a-s_isnand.o)
 .ARM.attributes
                0x00000172       0x2c /usr/local/xtools/arm-none-eabi/bin/../lib/gcc/arm-none-eabi/4.3.2/../../../../arm-none-eabi/lib/libm.a(lib_a-s_lib_ver.o)
 .ARM.attributes
                0x0000019e       0x2e /usr/local/xtools/arm-none-eabi/bin/../lib/gcc/arm-none-eabi/4.3.2/../../../../arm-none-eabi/lib/libm.a(lib_a-s_matherr.o)
 .ARM.attributes
                0x000001cc       0x14 /usr/local/xtools/arm-none-eabi/bin/../lib/gcc/arm-none-eabi/4.3.2/libgcc.a(_udivsi3.o)
 .ARM.attributes
                0x000001e0       0x14 /usr/local/xtools/arm-none-eabi/bin/../lib/gcc/arm-none-eabi/4.3.2/libgcc.a(_dvmd_tls.o)
 .ARM.attributes
                0x000001f4       0x14 /usr/local/xtools/arm-none-eabi/bin/../lib/gcc/arm-none-eabi/4.3.2/libgcc.a(_arm_addsubdf3.o)
 .ARM.attributes
                0x00000208       0x14 /usr/local/xtools/arm-none-eabi/bin/../lib/gcc/arm-none-eabi/4.3.2/libgcc.a(_arm_muldivdf3.o)
 .ARM.attributes
                0x0000021c       0x14 /usr/local/xtools/arm-none-eabi/bin/../lib/gcc/arm-none-eabi/4.3.2/libgcc.a(_arm_cmpdf2.o)
 .ARM.attributes
                0x00000230       0x14 /usr/local/xtools/arm-none-eabi/bin/../lib/gcc/arm-none-eabi/4.3.2/libgcc.a(_arm_fixdfsi.o)
 .ARM.attributes
                0x00000244       0x2e /usr/local/xtools/arm-none-eabi/bin/../lib/gcc/arm-none-eabi/4.3.2/../../../../arm-none-eabi/lib/libc.a(lib_a-errno.o)
 .ARM.attributes
                0x00000272       0x2c /usr/local/xtools/arm-none-eabi/bin/../lib/gcc/arm-none-eabi/4.3.2/../../../../arm-none-eabi/lib/libc.a(lib_a-impure.o)
 .ARM.attributes
                0x0000029e       0x2e /usr/local/xtools/arm-none-eabi/bin/../lib/gcc/arm-none-eabi/4.3.2/../../../../arm-none-eabi/lib/libc.a(lib_a-strlen.o)
