Archive member included because of file (symbol)

../lib/libmc1322x.a(printf.o)
                              obj_redbee-dev/printf.o (printf)
../lib/libmc1322x.a(uart1.o)  ../lib/libmc1322x.a(printf.o) (uart1_putc)
../src/src.a(default_lowlevel.o)
                              obj_redbee-dev/printf.o (uart1_init)
../src/src.a(start.o)         (_start)
../src/src.a(isr.o)           ../src/src.a(start.o) (irq)
/usr/local/xtools/arm-none-eabi/bin/../lib/gcc/arm-none-eabi/4.3.2/../../../../arm-none-eabi/lib/libm.a(lib_a-w_sqrt.o)
                              obj_redbee-dev/printf.o (sqrt)
/usr/local/xtools/arm-none-eabi/bin/../lib/gcc/arm-none-eabi/4.3.2/../../../../arm-none-eabi/lib/libm.a(lib_a-e_sqrt.o)
                              /usr/local/xtools/arm-none-eabi/bin/../lib/gcc/arm-none-eabi/4.3.2/../../../../arm-none-eabi/lib/libm.a(lib_a-w_sqrt.o) (__ieee754_sqrt)
/usr/local/xtools/arm-none-eabi/bin/../lib/gcc/arm-none-eabi/4.3.2/../../../../arm-none-eabi/lib/libm.a(lib_a-s_isnand.o)
                              /usr/local/xtools/arm-none-eabi/bin/../lib/gcc/arm-none-eabi/4.3.2/../../../../arm-none-eabi/lib/libm.a(lib_a-w_sqrt.o) (__isnand)
/usr/local/xtools/arm-none-eabi/bin/../lib/gcc/arm-none-eabi/4.3.2/../../../../arm-none-eabi/lib/libm.a(lib_a-s_lib_ver.o)
                              /usr/local/xtools/arm-none-eabi/bin/../lib/gcc/arm-none-eabi/4.3.2/../../../../arm-none-eabi/lib/libm.a(lib_a-w_sqrt.o) (__fdlib_version)
/usr/local/xtools/arm-none-eabi/bin/../lib/gcc/arm-none-eabi/4.3.2/../../../../arm-none-eabi/lib/libm.a(lib_a-s_matherr.o)
                              /usr/local/xtools/arm-none-eabi/bin/../lib/gcc/arm-none-eabi/4.3.2/../../../../arm-none-eabi/lib/libm.a(lib_a-w_sqrt.o) (matherr)
/usr/local/xtools/arm-none-eabi/bin/../lib/gcc/arm-none-eabi/4.3.2/libgcc.a(_udivsi3.o)
                              ../lib/libmc1322x.a(printf.o) (__aeabi_uidiv)
/usr/local/xtools/arm-none-eabi/bin/../lib/gcc/arm-none-eabi/4.3.2/libgcc.a(_dvmd_tls.o)
                              /usr/local/xtools/arm-none-eabi/bin/../lib/gcc/arm-none-eabi/4.3.2/libgcc.a(_udivsi3.o) (__aeabi_idiv0)
/usr/local/xtools/arm-none-eabi/bin/../lib/gcc/arm-none-eabi/4.3.2/libgcc.a(_arm_addsubdf3.o)
                              /usr/local/xtools/arm-none-eabi/bin/../lib/gcc/arm-none-eabi/4.3.2/../../../../arm-none-eabi/lib/libm.a(lib_a-e_sqrt.o) (__aeabi_dsub)
/usr/local/xtools/arm-none-eabi/bin/../lib/gcc/arm-none-eabi/4.3.2/libgcc.a(_arm_muldivdf3.o)
                              obj_redbee-dev/printf.o (__aeabi_dmul)
/usr/local/xtools/arm-none-eabi/bin/../lib/gcc/arm-none-eabi/4.3.2/libgcc.a(_arm_cmpdf2.o)
                              /usr/local/xtools/arm-none-eabi/bin/../lib/gcc/arm-none-eabi/4.3.2/../../../../arm-none-eabi/lib/libm.a(lib_a-w_sqrt.o) (__aeabi_dcmplt)
/usr/local/xtools/arm-none-eabi/bin/../lib/gcc/arm-none-eabi/4.3.2/libgcc.a(_arm_fixdfsi.o)
                              obj_redbee-dev/printf.o (__aeabi_d2iz)
/usr/local/xtools/arm-none-eabi/bin/../lib/gcc/arm-none-eabi/4.3.2/../../../../arm-none-eabi/lib/libc.a(lib_a-errno.o)
                              /usr/local/xtools/arm-none-eabi/bin/../lib/gcc/arm-none-eabi/4.3.2/../../../../arm-none-eabi/lib/libm.a(lib_a-w_sqrt.o) (__errno)
/usr/local/xtools/arm-none-eabi/bin/../lib/gcc/arm-none-eabi/4.3.2/../../../../arm-none-eabi/lib/libc.a(lib_a-impure.o)
                              /usr/local/xtools/arm-none-eabi/bin/../lib/gcc/arm-none-eabi/4.3.2/../../../../arm-none-eabi/lib/libc.a(lib_a-errno.o) (_impure_ptr)
/usr/local/xtools/arm-none-eabi/bin/../lib/gcc/arm-none-eabi/4.3.2/../../../../arm-none-eabi/lib/libc.a(lib_a-strlen.o)
                              ../lib/libmc1322x.a(printf.o) (strlen)

Memory Configuration

Name             Origin             Length             Attributes
ram              0x00400000         0x00018000         xrw
*default*        0x00000000         0xffffffff

Linker script and memory map

START GROUP
LOAD obj_redbee-dev/printf.o
LOAD obj_redbee-dev/board.a
LOAD ../lib/libmc1322x.a
LOAD ../src/src.a
LOAD /usr/local/xtools/arm-none-eabi/bin/../lib/gcc/arm-none-eabi/4.3.2/../../../../arm-none-eabi/lib/libm.a
END GROUP
START GROUP
LOAD /usr/local/xtools/arm-none-eabi/bin/../lib/gcc/arm-none-eabi/4.3.2/libgcc.a
LOAD /usr/local/xtools/arm-none-eabi/bin/../lib/gcc/arm-none-eabi/4.3.2/../../../../arm-none-eabi/lib/libc.a
END GROUP
                0x00000400                SYS_STACK_SIZE = 0x400
                0x00000100                IRQ_STACK_SIZE = 0x100
                0x00000100                FIQ_STACK_SIZE = 0x100
                0x00000100                SVC_STACK_SIZE = 0x100
                0x00000010                ABT_STACK_SIZE = 0x10
                0x00000010                UND_STACK_SIZE = 0x10
                0x00000400                HEAP_SIZE = 0x400
                0x00400000                PROVIDE (__executable_start, 0x400000)
                0x00400000                . = 0x400000

.text           0x00400000     0x230c
 *(.start)
 .start         0x00400000      0x800 ../src/src.a(start.o)
                0x00400090                _bss_start
                0x00400094                _bss_end
                0x00400000                _start
 *(.irq)
 .irq           0x00400800      0x1dc ../src/src.a(isr.o)
                0x00400800                irq
 *(.text .stub .text.* .gnu.linkonce.t.*)
 .text          0x004009dc        0x0 obj_redbee-dev/printf.o
 *fill*         0x004009dc        0x4 00000000
 .text.main     0x004009e0      0x1f0 obj_redbee-dev/printf.o
                0x004009e8                .real_start_ofmain
                0x004009e0                main
 .text          0x00400bd0        0x0 ../lib/libmc1322x.a(printf.o)
 .text.sel_uart
                0x00400bd0       0x20 ../lib/libmc1322x.a(printf.o)
                0x00400bd8                .real_start_ofsel_uart
                0x00400bd0                sel_uart
 .text.__print_char
                0x00400bf0       0x78 ../lib/libmc1322x.a(printf.o)
 .text.__print_str
                0x00400c68       0xf4 ../lib/libmc1322x.a(printf.o)
 .text.__print_int
                0x00400d5c       0xdc ../lib/libmc1322x.a(printf.o)
 .text.__print_fmt
                0x00400e38      0x1bc ../lib/libmc1322x.a(printf.o)
 .text.printf   0x00400ff4       0x30 ../lib/libmc1322x.a(printf.o)
                0x00400ff4                printf
                0x00400ffc                .real_start_ofprintf
 .text.sprintf  0x00401024       0x3c ../lib/libmc1322x.a(printf.o)
                0x0040102c                .real_start_ofsprintf
                0x00401024                sprintf
 .text          0x00401060        0x0 ../lib/libmc1322x.a(uart1.o)
 .text.uart1_isr
                0x00401060       0x54 ../lib/libmc1322x.a(uart1.o)
                0x00401060                uart1_isr
                0x00401068                .real_start_ofuart1_isr
 .text.uart1_putc
                0x004010b4       0x78 ../lib/libmc1322x.a(uart1.o)
                0x004010bc                .real_start_ofuart1_putc
                0x004010b4                uart1_putc
 .text.uart1_getc
                0x0040112c       0x28 ../lib/libmc1322x.a(uart1.o)
                0x0040112c                uart1_getc
                0x00401134                .real_start_ofuart1_getc
 .text.uart2_isr
                0x00401154       0x58 ../lib/libmc1322x.a(uart1.o)
                0x00401154                uart2_isr
                0x0040115c                .real_start_ofuart2_isr
 .text.uart2_putc
                0x004011ac       0x7c ../lib/libmc1322x.a(uart1.o)
                0x004011b4                .real_start_ofuart2_putc
                0x004011ac                uart2_putc
 .text.uart2_getc
                0x00401228       0x28 ../lib/libmc1322x.a(uart1.o)
                0x00401228                uart2_getc
                0x00401230                .real_start_ofuart2_getc
 .text          0x00401250        0x0 ../src/src.a(default_lowlevel.o)
 .text.default_vreg_init
                0x00401250       0x4c ../src/src.a(default_lowlevel.o)
                0x00401258                .real_start_ofdefault_vreg_init
                0x00401250                default_vreg_init
 .text.uart1_init
                0x0040129c       0x98 ../src/src.a(default_lowlevel.o)
                0x0040129c                uart1_init
                0x004012a4                .real_start_ofuart1_init
 .text          0x00401334        0x0 ../src/src.a(start.o)
 .text          0x00401334        0x0 ../src/src.a(isr.o)
 .text.irq_register_timer_handler
                0x00401334       0x10 ../src/src.a(isr.o)
                0x00401334                irq_register_timer_handler
 .text          0x00401344      0x124 /usr/local/xtools/arm-none-eabi/bin/../lib/gcc/arm-none-eabi/4.3.2/../../../../arm-none-eabi/lib/libm.a(lib_a-w_sqrt.o)
                0x00401344                sqrt
 .text          0x00401468      0x254 /usr/local/xtools/arm-none-eabi/bin/../lib/gcc/arm-none-eabi/4.3.2/../../../../arm-none-eabi/lib/libm.a(lib_a-e_sqrt.o)
                0x00401468                __ieee754_sqrt
 .text          0x004016bc       0x30 /usr/local/xtools/arm-none-eabi/bin/../lib/gcc/arm-none-eabi/4.3.2/../../../../arm-none-eabi/lib/libm.a(lib_a-s_isnand.o)
                0x004016bc                __isnand
 .text          0x004016ec        0x0 /usr/local/xtools/arm-none-eabi/bin/../lib/gcc/arm-none-eabi/4.3.2/../../../../arm-none-eabi/lib/libm.a(lib_a-s_lib_ver.o)
 .text          0x004016ec        0x8 /usr/local/xtools/arm-none-eabi/bin/../lib/gcc/arm-none-eabi/4.3.2/../../../../arm-none-eabi/lib/libm.a(lib_a-s_matherr.o)
                0x004016ec                matherr
 .text          0x004016f4      0x114 /usr/local/xtools/arm-none-eabi/bin/../lib/gcc/arm-none-eabi/4.3.2/libgcc.a(_udivsi3.o)
                0x004016f4                __udivsi3
                0x004016f4                __aeabi_uidiv
                0x004017e8                __aeabi_uidivmod
 .text          0x00401808        0x4 /usr/local/xtools/arm-none-eabi/bin/../lib/gcc/arm-none-eabi/4.3.2/libgcc.a(_dvmd_tls.o)
                0x00401808                __aeabi_ldiv0
                0x00401808                __aeabi_idiv0
 .text          0x0040180c      0x41c /usr/local/xtools/arm-none-eabi/bin/../lib/gcc/arm-none-eabi/4.3.2/libgcc.a(_arm_addsubdf3.o)
                0x00401bc8                __floatdidf
                0x00401b4c                __floatsidf
                0x00401b28                __aeabi_ui2d
                0x0040180c                __aeabi_drsub
                0x00401b74                __extendsfdf2
                0x00401818                __adddf3
                0x00401b28                __floatunsidf
                0x00401818                __aeabi_dadd
                0x00401bb4                __aeabi_ul2d
                0x00401814                __aeabi_dsub
                0x00401bb4                __floatundidf
                0x00401b4c                __aeabi_i2d
                0x00401bc8                __aeabi_l2d
                0x00401b74                __aeabi_f2d
                0x00401814                __subdf3
 .text          0x00401c28      0x49c /usr/local/xtools/arm-none-eabi/bin/../lib/gcc/arm-none-eabi/4.3.2/libgcc.a(_arm_muldivdf3.o)
                0x00401eb8                __aeabi_ddiv
                0x00401c28                __aeabi_dmul
                0x00401eb8                __divdf3
                0x00401c28                __muldf3
 .text          0x004020c4      0x140 /usr/local/xtools/arm-none-eabi/bin/../lib/gcc/arm-none-eabi/4.3.2/libgcc.a(_arm_cmpdf2.o)
                0x004021bc                __aeabi_dcmple
                0x004020d4                __cmpdf2
                0x004020d4                __eqdf2
                0x004020c4                __gtdf2
                0x00402174                __aeabi_cdcmple
                0x00402158                __aeabi_cdrcmple
                0x004020cc                __ltdf2
                0x004021a4                __aeabi_dcmplt
                0x004020cc                __ledf2
                0x004021ec                __aeabi_dcmpgt
                0x004021d4                __aeabi_dcmpge
                0x004020d4                __nedf2
                0x0040218c                __aeabi_dcmpeq
                0x00402174                __aeabi_cdcmpeq
                0x004020c4                __gedf2
 .text          0x00402204       0x5c /usr/local/xtools/arm-none-eabi/bin/../lib/gcc/arm-none-eabi/4.3.2/libgcc.a(_arm_fixdfsi.o)
                0x00402204                __fixdfsi
                0x00402204                __aeabi_d2iz
 .text          0x00402260       0x10 /usr/local/xtools/arm-none-eabi/bin/../lib/gcc/arm-none-eabi/4.3.2/../../../../arm-none-eabi/lib/libc.a(lib_a-errno.o)
                0x00402260                __errno
 .text          0x00402270        0x0 /usr/local/xtools/arm-none-eabi/bin/../lib/gcc/arm-none-eabi/4.3.2/../../../../arm-none-eabi/lib/libc.a(lib_a-impure.o)
 .text          0x00402270       0x9c /usr/local/xtools/arm-none-eabi/bin/../lib/gcc/arm-none-eabi/4.3.2/../../../../arm-none-eabi/lib/libc.a(lib_a-strlen.o)
                0x00402270                strlen
 *(.gnu.warning)
 *(.glue_7t)
 .glue_7t       0x0040230c        0x0 obj_redbee-dev/printf.o
 .glue_7t       0x0040230c        0x0 ../lib/libmc1322x.a(printf.o)
 .glue_7t       0x0040230c        0x0 ../lib/libmc1322x.a(uart1.o)
 .glue_7t       0x0040230c        0x0 ../src/src.a(default_lowlevel.o)
 .glue_7t       0x0040230c        0x0 ../src/src.a(start.o)
 .glue_7t       0x0040230c        0x0 ../src/src.a(isr.o)
 .glue_7t       0x0040230c        0x0 /usr/local/xtools/arm-none-eabi/bin/../lib/gcc/arm-none-eabi/4.3.2/../../../../arm-none-eabi/lib/libm.a(lib_a-w_sqrt.o)
 .glue_7t       0x0040230c        0x0 /usr/local/xtools/arm-none-eabi/bin/../lib/gcc/arm-none-eabi/4.3.2/../../../../arm-none-eabi/lib/libm.a(lib_a-e_sqrt.o)
 .glue_7t       0x0040230c        0x0 /usr/local/xtools/arm-none-eabi/bin/../lib/gcc/arm-none-eabi/4.3.2/../../../../arm-none-eabi/lib/libm.a(lib_a-s_isnand.o)
 .glue_7t       0x0040230c        0x0 /usr/local/xtools/arm-none-eabi/bin/../lib/gcc/arm-none-eabi/4.3.2/../../../../arm-none-eabi/lib/libm.a(lib_a-s_lib_ver.o)
 .glue_7t       0x0040230c        0x0 /usr/local/xtools/arm-none-eabi/bin/../lib/gcc/arm-none-eabi/4.3.2/../../../../arm-none-eabi/lib/libm.a(lib_a-s_matherr.o)
 .glue_7t       0x0040230c        0x0 /usr/local/xtools/arm-none-eabi/bin/../lib/gcc/arm-none-eabi/4.3.2/libgcc.a(_udivsi3.o)
 .glue_7t       0x0040230c        0x0 /usr/local/xtools/arm-none-eabi/bin/../lib/gcc/arm-none-eabi/4.3.2/libgcc.a(_dvmd_tls.o)
 .glue_7t       0x0040230c        0x0 /usr/local/xtools/arm-none-eabi/bin/../lib/gcc/arm-none-eabi/4.3.2/libgcc.a(_arm_addsubdf3.o)
 .glue_7t       0x0040230c        0x0 /usr/local/xtools/arm-none-eabi/bin/../lib/gcc/arm-none-eabi/4.3.2/libgcc.a(_arm_muldivdf3.o)
 .glue_7t       0x0040230c        0x0 /usr/local/xtools/arm-none-eabi/bin/../lib/gcc/arm-none-eabi/4.3.2/libgcc.a(_arm_cmpdf2.o)
 .glue_7t       0x0040230c        0x0 /usr/local/xtools/arm-none-eabi/bin/../lib/gcc/arm-none-eabi/4.3.2/libgcc.a(_arm_fixdfsi.o)
 .glue_7t       0x0040230c        0x0 /usr/local/xtools/arm-none-eabi/bin/../lib/gcc/arm-none-eabi/4.3.2/../../../../arm-none-eabi/lib/libc.a(lib_a-errno.o)
 .glue_7t       0x0040230c        0x0 /usr/local/xtools/arm-none-eabi/bin/../lib/gcc/arm-none-eabi/4.3.2/../../../../arm-none-eabi/lib/libc.a(lib_a-impure.o)
 .glue_7t       0x0040230c        0x0 /usr/local/xtools/arm-none-eabi/bin/../lib/gcc/arm-none-eabi/4.3.2/../../../../arm-none-eabi/lib/libc.a(lib_a-strlen.o)
 *(.glue_7)
 .glue_7        0x0040230c        0x0 obj_redbee-dev/printf.o
 .glue_7        0x0040230c        0x0 ../lib/libmc1322x.a(printf.o)
 .glue_7        0x0040230c        0x0 ../lib/libmc1322x.a(uart1.o)
 .glue_7        0x0040230c        0x0 ../src/src.a(default_lowlevel.o)
 .glue_7        0x0040230c        0x0 ../src/src.a(start.o)
 .glue_7        0x0040230c        0x0 ../src/src.a(isr.o)
 .glue_7        0x0040230c        0x0 /usr/local/xtools/arm-none-eabi/bin/../lib/gcc/arm-none-eabi/4.3.2/../../../../arm-none-eabi/lib/libm.a(lib_a-w_sqrt.o)
 .glue_7        0x0040230c        0x0 /usr/local/xtools/arm-none-eabi/bin/../lib/gcc/arm-none-eabi/4.3.2/../../../../arm-none-eabi/lib/libm.a(lib_a-e_sqrt.o)
 .glue_7        0x0040230c        0x0 /usr/local/xtools/arm-none-eabi/bin/../lib/gcc/arm-none-eabi/4.3.2/../../../../arm-none-eabi/lib/libm.a(lib_a-s_isnand.o)
 .glue_7        0x0040230c        0x0 /usr/local/xtools/arm-none-eabi/bin/../lib/gcc/arm-none-eabi/4.3.2/../../../../arm-none-eabi/lib/libm.a(lib_a-s_lib_ver.o)
 .glue_7        0x0040230c        0x0 /usr/local/xtools/arm-none-eabi/bin/../lib/gcc/arm-none-eabi/4.3.2/../../../../arm-none-eabi/lib/libm.a(lib_a-s_matherr.o)
 .glue_7        0x0040230c        0x0 /usr/local/xtools/arm-none-eabi/bin/../lib/gcc/arm-none-eabi/4.3.2/libgcc.a(_udivsi3.o)
 .glue_7        0x0040230c        0x0 /usr/local/xtools/arm-none-eabi/bin/../lib/gcc/arm-none-eabi/4.3.2/libgcc.a(_dvmd_tls.o)
 .glue_7        0x0040230c        0x0 /usr/local/xtools/arm-none-eabi/bin/../lib/gcc/arm-none-eabi/4.3.2/libgcc.a(_arm_addsubdf3.o)
 .glue_7        0x0040230c        0x0 /usr/local/xtools/arm-none-eabi/bin/../lib/gcc/arm-none-eabi/4.3.2/libgcc.a(_arm_muldivdf3.o)
 .glue_7        0x0040230c        0x0 /usr/local/xtools/arm-none-eabi/bin/../lib/gcc/arm-none-eabi/4.3.2/libgcc.a(_arm_cmpdf2.o)
 .glue_7        0x0040230c        0x0 /usr/local/xtools/arm-none-eabi/bin/../lib/gcc/arm-none-eabi/4.3.2/libgcc.a(_arm_fixdfsi.o)
 .glue_7        0x0040230c        0x0 /usr/local/xtools/arm-none-eabi/bin/../lib/gcc/arm-none-eabi/4.3.2/../../../../arm-none-eabi/lib/libc.a(lib_a-errno.o)
 .glue_7        0x0040230c        0x0 /usr/local/xtools/arm-none-eabi/bin/../lib/gcc/arm-none-eabi/4.3.2/../../../../arm-none-eabi/lib/libc.a(lib_a-impure.o)
 .glue_7        0x0040230c        0x0 /usr/local/xtools/arm-none-eabi/bin/../lib/gcc/arm-none-eabi/4.3.2/../../../../arm-none-eabi/lib/libc.a(lib_a-strlen.o)
 *(.vfp11_veneer)
 .vfp11_veneer  0x0040230c        0x0 obj_redbee-dev/printf.o
 .vfp11_veneer  0x0040230c        0x0 ../lib/libmc1322x.a(printf.o)
 .vfp11_veneer  0x0040230c        0x0 ../lib/libmc1322x.a(uart1.o)
 .vfp11_veneer  0x0040230c        0x0 ../src/src.a(default_lowlevel.o)
 .vfp11_veneer  0x0040230c        0x0 ../src/src.a(start.o)
 .vfp11_veneer  0x0040230c        0x0 ../src/src.a(isr.o)
 .vfp11_veneer  0x0040230c        0x0 /usr/local/xtools/arm-none-eabi/bin/../lib/gcc/arm-none-eabi/4.3.2/../../../../arm-none-eabi/lib/libm.a(lib_a-w_sqrt.o)
 .vfp11_veneer  0x0040230c        0x0 /usr/local/xtools/arm-none-eabi/bin/../lib/gcc/arm-none-eabi/4.3.2/../../../../arm-none-eabi/lib/libm.a(lib_a-e_sqrt.o)
 .vfp11_veneer  0x0040230c        0x0 /usr/local/xtools/arm-none-eabi/bin/../lib/gcc/arm-none-eabi/4.3.2/../../../../arm-none-eabi/lib/libm.a(lib_a-s_isnand.o)
 .vfp11_veneer  0x0040230c        0x0 /usr/local/xtools/arm-none-eabi/bin/../lib/gcc/arm-none-eabi/4.3.2/../../../../arm-none-eabi/lib/libm.a(lib_a-s_lib_ver.o)
 .vfp11_veneer  0x0040230c        0x0 /usr/local/xtools/arm-none-eabi/bin/../lib/gcc/arm-none-eabi/4.3.2/../../../../arm-none-eabi/lib/libm.a(lib_a-s_matherr.o)
 .vfp11_veneer  0x0040230c        0x0 /usr/local/xtools/arm-none-eabi/bin/../lib/gcc/arm-none-eabi/4.3.2/libgcc.a(_udivsi3.o)
 .vfp11_veneer  0x0040230c        0x0 /usr/local/xtools/arm-none-eabi/bin/../lib/gcc/arm-none-eabi/4.3.2/libgcc.a(_dvmd_tls.o)
 .vfp11_veneer  0x0040230c        0x0 /usr/local/xtools/arm-none-eabi/bin/../lib/gcc/arm-none-eabi/4.3.2/libgcc.a(_arm_addsubdf3.o)
 .vfp11_veneer  0x0040230c        0x0 /usr/local/xtools/arm-none-eabi/bin/../lib/gcc/arm-none-eabi/4.3.2/libgcc.a(_arm_muldivdf3.o)
 .vfp11_veneer  0x0040230c        0x0 /usr/local/xtools/arm-none-eabi/bin/../lib/gcc/arm-none-eabi/4.3.2/libgcc.a(_arm_cmpdf2.o)
 .vfp11_veneer  0x0040230c        0x0 /usr/local/xtools/arm-none-eabi/bin/../lib/gcc/arm-none-eabi/4.3.2/libgcc.a(_arm_fixdfsi.o)
 .vfp11_veneer  0x0040230c        0x0 /usr/local/xtools/arm-none-eabi/bin/../lib/gcc/arm-none-eabi/4.3.2/../../../../arm-none-eabi/lib/libc.a(lib_a-errno.o)
 .vfp11_veneer  0x0040230c        0x0 /usr/local/xtools/arm-none-eabi/bin/../lib/gcc/arm-none-eabi/4.3.2/../../../../arm-none-eabi/lib/libc.a(lib_a-impure.o)
 .vfp11_veneer  0x0040230c        0x0 /usr/local/xtools/arm-none-eabi/bin/../lib/gcc/arm-none-eabi/4.3.2/../../../../arm-none-eabi/lib/libc.a(lib_a-strlen.o)
 *(.v4_bx)
 .v4_bx         0x0040230c        0x0 obj_redbee-dev/printf.o
 .v4_bx         0x0040230c        0x0 ../lib/libmc1322x.a(printf.o)
 .v4_bx         0x0040230c        0x0 ../lib/libmc1322x.a(uart1.o)
 .v4_bx         0x0040230c        0x0 ../src/src.a(default_lowlevel.o)
 .v4_bx         0x0040230c        0x0 ../src/src.a(start.o)
 .v4_bx         0x0040230c        0x0 ../src/src.a(isr.o)
 .v4_bx         0x0040230c        0x0 /usr/local/xtools/arm-none-eabi/bin/../lib/gcc/arm-none-eabi/4.3.2/../../../../arm-none-eabi/lib/libm.a(lib_a-w_sqrt.o)
 .v4_bx         0x0040230c        0x0 /usr/local/xtools/arm-none-eabi/bin/../lib/gcc/arm-none-eabi/4.3.2/../../../../arm-none-eabi/lib/libm.a(lib_a-e_sqrt.o)
 .v4_bx         0x0040230c        0x0 /usr/local/xtools/arm-none-eabi/bin/../lib/gcc/arm-none-eabi/4.3.2/../../../../arm-none-eabi/lib/libm.a(lib_a-s_isnand.o)
 .v4_bx         0x0040230c        0x0 /usr/local/xtools/arm-none-eabi/bin/../lib/gcc/arm-none-eabi/4.3.2/../../../../arm-none-eabi/lib/libm.a(lib_a-s_lib_ver.o)
 .v4_bx         0x0040230c        0x0 /usr/local/xtools/arm-none-eabi/bin/../lib/gcc/arm-none-eabi/4.3.2/../../../../arm-none-eabi/lib/libm.a(lib_a-s_matherr.o)
 .v4_bx         0x0040230c        0x0 /usr/local/xtools/arm-none-eabi/bin/../lib/gcc/arm-none-eabi/4.3.2/libgcc.a(_udivsi3.o)
 .v4_bx         0x0040230c        0x0 /usr/local/xtools/arm-none-eabi/bin/../lib/gcc/arm-none-eabi/4.3.2/libgcc.a(_dvmd_tls.o)
 .v4_bx         0x0040230c        0x0 /usr/local/xtools/arm-none-eabi/bin/../lib/gcc/arm-none-eabi/4.3.2/libgcc.a(_arm_addsubdf3.o)
 .v4_bx         0x0040230c        0x0 /usr/local/xtools/arm-none-eabi/bin/../lib/gcc/arm-none-eabi/4.3.2/libgcc.a(_arm_muldivdf3.o)
 .v4_bx         0x0040230c        0x0 /usr/local/xtools/arm-none-eabi/bin/../lib/gcc/arm-none-eabi/4.3.2/libgcc.a(_arm_cmpdf2.o)
 .v4_bx         0x0040230c        0x0 /usr/local/xtools/arm-none-eabi/bin/../lib/gcc/arm-none-eabi/4.3.2/libgcc.a(_arm_fixdfsi.o)
 .v4_bx         0x0040230c        0x0 /usr/local/xtools/arm-none-eabi/bin/../lib/gcc/arm-none-eabi/4.3.2/../../../../arm-none-eabi/lib/libc.a(lib_a-errno.o)
 .v4_bx         0x0040230c        0x0 /usr/local/xtools/arm-none-eabi/bin/../lib/gcc/arm-none-eabi/4.3.2/../../../../arm-none-eabi/lib/libc.a(lib_a-impure.o)
 .v4_bx         0x0040230c        0x0 /usr/local/xtools/arm-none-eabi/bin/../lib/gcc/arm-none-eabi/4.3.2/../../../../arm-none-eabi/lib/libc.a(lib_a-strlen.o)

.janus_2cc_veneer
                0x0040230c        0x0
 .janus_2cc_veneer
                0x0040230c        0x0 obj_redbee-dev/printf.o
 .janus_2cc_veneer
                0x0040230c        0x0 ../lib/libmc1322x.a(printf.o)
 .janus_2cc_veneer
                0x0040230c        0x0 ../lib/libmc1322x.a(uart1.o)
 .janus_2cc_veneer
                0x0040230c        0x0 ../src/src.a(default_lowlevel.o)
 .janus_2cc_veneer
                0x0040230c        0x0 ../src/src.a(start.o)
 .janus_2cc_veneer
                0x0040230c        0x0 ../src/src.a(isr.o)
 .janus_2cc_veneer
                0x0040230c        0x0 /usr/local/xtools/arm-none-eabi/bin/../lib/gcc/arm-none-eabi/4.3.2/../../../../arm-none-eabi/lib/libm.a(lib_a-w_sqrt.o)
 .janus_2cc_veneer
                0x0040230c        0x0 /usr/local/xtools/arm-none-eabi/bin/../lib/gcc/arm-none-eabi/4.3.2/../../../../arm-none-eabi/lib/libm.a(lib_a-e_sqrt.o)
 .janus_2cc_veneer
                0x0040230c        0x0 /usr/local/xtools/arm-none-eabi/bin/../lib/gcc/arm-none-eabi/4.3.2/../../../../arm-none-eabi/lib/libm.a(lib_a-s_isnand.o)
 .janus_2cc_veneer
                0x0040230c        0x0 /usr/local/xtools/arm-none-eabi/bin/../lib/gcc/arm-none-eabi/4.3.2/../../../../arm-none-eabi/lib/libm.a(lib_a-s_lib_ver.o)
 .janus_2cc_veneer
                0x0040230c        0x0 /usr/local/xtools/arm-none-eabi/bin/../lib/gcc/arm-none-eabi/4.3.2/../../../../arm-none-eabi/lib/libm.a(lib_a-s_matherr.o)
 .janus_2cc_veneer
                0x0040230c        0x0 /usr/local/xtools/arm-none-eabi/bin/../lib/gcc/arm-none-eabi/4.3.2/libgcc.a(_udivsi3.o)
 .janus_2cc_veneer
                0x0040230c        0x0 /usr/local/xtools/arm-none-eabi/bin/../lib/gcc/arm-none-eabi/4.3.2/libgcc.a(_dvmd_tls.o)
 .janus_2cc_veneer
                0x0040230c        0x0 /usr/local/xtools/arm-none-eabi/bin/../lib/gcc/arm-none-eabi/4.3.2/libgcc.a(_arm_addsubdf3.o)
 .janus_2cc_veneer
                0x0040230c        0x0 /usr/local/xtools/arm-none-eabi/bin/../lib/gcc/arm-none-eabi/4.3.2/libgcc.a(_arm_muldivdf3.o)
 .janus_2cc_veneer
                0x0040230c        0x0 /usr/local/xtools/arm-none-eabi/bin/../lib/gcc/arm-none-eabi/4.3.2/libgcc.a(_arm_cmpdf2.o)
 .janus_2cc_veneer
                0x0040230c        0x0 /usr/local/xtools/arm-none-eabi/bin/../lib/gcc/arm-none-eabi/4.3.2/libgcc.a(_arm_fixdfsi.o)
 .janus_2cc_veneer
                0x0040230c        0x0 /usr/local/xtools/arm-none-eabi/bin/../lib/gcc/arm-none-eabi/4.3.2/../../../../arm-none-eabi/lib/libc.a(lib_a-errno.o)
 .janus_2cc_veneer
                0x0040230c        0x0 /usr/local/xtools/arm-none-eabi/bin/../lib/gcc/arm-none-eabi/4.3.2/../../../../arm-none-eabi/lib/libc.a(lib_a-impure.o)
 .janus_2cc_veneer
                0x0040230c        0x0 /usr/local/xtools/arm-none-eabi/bin/../lib/gcc/arm-none-eabi/4.3.2/../../../../arm-none-eabi/lib/libc.a(lib_a-strlen.o)

.interp
 *(.interp)

.note.gnu.build-id
 *(.note.gnu.build-id)

.hash
 *(.hash)

.gnu.hash
 *(.gnu.hash)

.dynsym
 *(.dynsym)

.dynstr
 *(.dynstr)

.gnu.version
 *(.gnu.version)

.gnu.version_d
 *(.gnu.version_d)

.gnu.version_r
 *(.gnu.version_r)

.rel.dyn
 *(.rel.init)
 *(.rel.text .rel.text.* .rel.gnu.linkonce.t.*)
 *(.rel.fini)
 *(.rel.rodata .rel.rodata.* .rel.gnu.linkonce.r.*)
 *(.rel.data.rel.ro* .rel.gnu.linkonce.d.rel.ro.*)
 *(.rel.data .rel.data.* .rel.gnu.linkonce.d.*)
 *(.rel.tdata .rel.tdata.* .rel.gnu.linkonce.td.*)
 *(.rel.tbss .rel.tbss.* .rel.gnu.linkonce.tb.*)
 *(.rel.ctors)
 *(.rel.dtors)
 *(.rel.got)
 *(.rel.bss .rel.bss.* .rel.gnu.linkonce.b.*)

.rela.dyn
 *(.rela.init)
 *(.rela.text .rela.text.* .rela.gnu.linkonce.t.*)
 *(.rela.fini)
 *(.rela.rodata .rela.rodata.* .rela.gnu.linkonce.r.*)
 *(.rela.data .rela.data.* .rela.gnu.linkonce.d.*)
 *(.rela.tdata .rela.tdata.* .rela.gnu.linkonce.td.*)
 *(.rela.tbss .rela.tbss.* .rela.gnu.linkonce.tb.*)
 *(.rela.ctors)
 *(.rela.dtors)
 *(.rela.got)
 *(.rela.bss .rela.bss.* .rela.gnu.linkonce.b.*)

.rel.plt
 *(.rel.plt)

.rela.plt
 *(.rela.plt)

.init
 *(.init)

.plt
 *(.plt)

.fini
 *(.fini)
                0x0040230c                PROVIDE (__etext, .)
                0x0040230c                PROVIDE (_etext, .)
                0x0040230c                PROVIDE (etext, .)

.rodata         0x0040230c      0x118
 *(.rodata .rodata.* .gnu.linkonce.r.*)
 .rodata.str1.1
                0x0040230c      0x101 obj_redbee-dev/printf.o
                                0x122 (size before relaxing)
 .rodata.str1.1
                0x0040240d        0x7 ../lib/libmc1322x.a(printf.o)
 .rodata.str1.4
                0x00402414        0x5 /usr/local/xtools/arm-none-eabi/bin/../lib/gcc/arm-none-eabi/4.3.2/../../../../arm-none-eabi/lib/libm.a(lib_a-w_sqrt.o)
                                  0x8 (size before relaxing)
 *fill*         0x00402419        0x3 00
 .rodata        0x0040241c        0x4 /usr/local/xtools/arm-none-eabi/bin/../lib/gcc/arm-none-eabi/4.3.2/../../../../arm-none-eabi/lib/libc.a(lib_a-impure.o)
                0x0040241c                _global_impure_ptr
 .rodata.str1.4
                0x00402420        0x4 /usr/local/xtools/arm-none-eabi/bin/../lib/gcc/arm-none-eabi/4.3.2/../../../../arm-none-eabi/lib/libc.a(lib_a-impure.o)

.rodata1
 *(.rodata1)

.eh_frame_hdr
 *(.eh_frame_hdr)

.eh_frame
 *(.eh_frame)

.gcc_except_table
 *(.gcc_except_table .gcc_except_table.*)
                0x00402424                . = ALIGN (0x4)
                0x00402424                . = (0x4 DATA_SEGMENT_ALIGN 0x4)

.eh_frame
 *(.eh_frame)

.gcc_except_table
 *(.gcc_except_table .gcc_except_table.*)

.tdata
 *(.tdata .tdata.* .gnu.linkonce.td.*)

.tbss
 *(.tbss .tbss.* .gnu.linkonce.tb.*)
 *(.tcommon)

.preinit_array  0x00402424        0x0
                0x00402424                PROVIDE (__preinit_array_start, .)
 *(.preinit_array)
                0x00402424                PROVIDE (__preinit_array_end, .)

.init_array     0x00402424        0x0
                0x00402424                PROVIDE (__init_array_start, .)
 *(SORT(.init_array.*))
 *(.init_array)
                0x00402424                PROVIDE (__init_array_end, .)

.fini_array     0x00402424        0x0
                0x00402424                PROVIDE (__fini_array_start, .)
 *(.fini_array)
 *(SORT(.fini_array.*))
                0x00402424                PROVIDE (__fini_array_end, .)

.ctors
 *crtbegin.o(.ctors)
 *crtbegin?.o(.ctors)
 *(EXCLUDE_FILE(*crtend?.o *crtend.o) .ctors)
 *(SORT(.ctors.*))
 *(.ctors)

.dtors
 *crtbegin.o(.dtors)
 *crtbegin?.o(.dtors)
 *(EXCLUDE_FILE(*crtend?.o *crtend.o) .dtors)
 *(SORT(.dtors.*))
 *(.dtors)

.jcr
 *(.jcr)

.data.rel.ro
 *(.data.rel.ro.local* .gnu.linkonce.d.rel.ro.local.*)
 *(.data.rel.ro* .gnu.linkonce.d.rel.ro.*)

.dynamic
 *(.dynamic)
                0x00402424                . = (. DATA_SEGMENT_RELRO_END 0x0)

.got
 *(.got.plt)
 *(.got)

.data           0x00402428      0x420
                0x00402428                __data_start = .
 *(.data .data.* .gnu.linkonce.d.*)
 .data          0x00402428        0x0 obj_redbee-dev/printf.o
 .data          0x00402428        0x4 ../lib/libmc1322x.a(printf.o)
                0x00402428                uart
 .data          0x0040242c        0x0 ../lib/libmc1322x.a(uart1.o)
 .data          0x0040242c        0x0 ../src/src.a(default_lowlevel.o)
 .data          0x0040242c        0x0 ../src/src.a(start.o)
 .data          0x0040242c       0x10 ../src/src.a(isr.o)
 .data          0x0040243c        0x0 /usr/local/xtools/arm-none-eabi/bin/../lib/gcc/arm-none-eabi/4.3.2/../../../../arm-none-eabi/lib/libm.a(lib_a-w_sqrt.o)
 .data          0x0040243c        0x0 /usr/local/xtools/arm-none-eabi/bin/../lib/gcc/arm-none-eabi/4.3.2/../../../../arm-none-eabi/lib/libm.a(lib_a-e_sqrt.o)
 .data          0x0040243c        0x0 /usr/local/xtools/arm-none-eabi/bin/../lib/gcc/arm-none-eabi/4.3.2/../../../../arm-none-eabi/lib/libm.a(lib_a-s_isnand.o)
 .data          0x0040243c        0x1 /usr/local/xtools/arm-none-eabi/bin/../lib/gcc/arm-none-eabi/4.3.2/../../../../arm-none-eabi/lib/libm.a(lib_a-s_lib_ver.o)
                0x0040243c                __fdlib_version
 .data          0x0040243d        0x0 /usr/local/xtools/arm-none-eabi/bin/../lib/gcc/arm-none-eabi/4.3.2/../../../../arm-none-eabi/lib/libm.a(lib_a-s_matherr.o)
 .data          0x0040243d        0x0 /usr/local/xtools/arm-none-eabi/bin/../lib/gcc/arm-none-eabi/4.3.2/libgcc.a(_udivsi3.o)
 .data          0x0040243d        0x0 /usr/local/xtools/arm-none-eabi/bin/../lib/gcc/arm-none-eabi/4.3.2/libgcc.a(_dvmd_tls.o)
 .data          0x0040243d        0x0 /usr/local/xtools/arm-none-eabi/bin/../lib/gcc/arm-none-eabi/4.3.2/libgcc.a(_arm_addsubdf3.o)
 .data          0x0040243d        0x0 /usr/local/xtools/arm-none-eabi/bin/../lib/gcc/arm-none-eabi/4.3.2/libgcc.a(_arm_muldivdf3.o)
 .data          0x0040243d        0x0 /usr/local/xtools/arm-none-eabi/bin/../lib/gcc/arm-none-eabi/4.3.2/libgcc.a(_arm_cmpdf2.o)
 .data          0x0040243d        0x0 /usr/local/xtools/arm-none-eabi/bin/../lib/gcc/arm-none-eabi/4.3.2/libgcc.a(_arm_fixdfsi.o)
 .data          0x0040243d        0x0 /usr/local/xtools/arm-none-eabi/bin/../lib/gcc/arm-none-eabi/4.3.2/../../../../arm-none-eabi/lib/libc.a(lib_a-errno.o)
 *fill*         0x0040243d        0x3 00
 .data          0x00402440      0x408 /usr/local/xtools/arm-none-eabi/bin/../lib/gcc/arm-none-eabi/4.3.2/../../../../arm-none-eabi/lib/libc.a(lib_a-impure.o)
                0x00402440                _impure_ptr
 .data          0x00402848        0x0 /usr/local/xtools/arm-none-eabi/bin/../lib/gcc/arm-none-eabi/4.3.2/../../../../arm-none-eabi/lib/libc.a(lib_a-strlen.o)

.data1
 *(.data1)
                0x00402848                _edata = .
                0x00402848                PROVIDE (edata, .)

.stack          0x00402848      0x720
                0x00402848                __stack_start__ = .
                0x00402948                . = (. + IRQ_STACK_SIZE)
 *fill*         0x00402848      0x100 00
                0x00402948                . = ALIGN (0x4)
                0x00402948                __irq_stack_top__ = .
                0x00402a48                . = (. + FIQ_STACK_SIZE)
 *fill*         0x00402948      0x100 00
                0x00402a48                . = ALIGN (0x4)
                0x00402a48                __fiq_stack_top__ = .
                0x00402b48                . = (. + SVC_STACK_SIZE)
 *fill*         0x00402a48      0x100 00
                0x00402b48                . = ALIGN (0x4)
                0x00402b48                __svc_stack_top__ = .
                0x00402b58                . = (. + ABT_STACK_SIZE)
 *fill*         0x00402b48       0x10 00
                0x00402b58                . = ALIGN (0x4)
                0x00402b58                __abt_stack_top__ = .
                0x00402b68                . = (. + UND_STACK_SIZE)
 *fill*         0x00402b58       0x10 00
                0x00402b68                . = ALIGN (0x4)
                0x00402b68                __und_stack_top__ = .
                0x00402f68                . = (. + SYS_STACK_SIZE)
 *fill*         0x00402b68      0x400 00
                0x00402f68                . = ALIGN (0x4)
                0x00402f68                __sys_stack_top__ = .
                0x00402f68                __stack_end__ = .
                0x00402f68                __bss_start = .
                0x00402f68                __bss_start__ = .

.bss            0x00402f68       0x90
 *(.dynbss)
 *(.bss .bss.* .gnu.linkonce.b.*)
 .bss           0x00402f68        0x0 obj_redbee-dev/printf.o
 .bss           0x00402f68        0x0 ../lib/libmc1322x.a(printf.o)
 .bss           0x00402f68       0x90 ../lib/libmc1322x.a(uart1.o)
                0x00402fb8                u2_tx_buf
                0x00402f70                u1_tx_buf
                0x00402fb0                u2_head
                0x00402f6c                u1_tail
                0x00402fb4                u2_tail
                0x00402f68                u1_head
 .bss           0x00402ff8        0x0 ../src/src.a(default_lowlevel.o)
 .bss           0x00402ff8        0x0 ../src/src.a(start.o)
 .bss           0x00402ff8        0x0 ../src/src.a(isr.o)
 .bss           0x00402ff8        0x0 /usr/local/xtools/arm-none-eabi/bin/../lib/gcc/arm-none-eabi/4.3.2/../../../../arm-none-eabi/lib/libm.a(lib_a-w_sqrt.o)
 .bss           0x00402ff8        0x0 /usr/local/xtools/arm-none-eabi/bin/../lib/gcc/arm-none-eabi/4.3.2/../../../../arm-none-eabi/lib/libm.a(lib_a-e_sqrt.o)
 .bss           0x00402ff8        0x0 /usr/local/xtools/arm-none-eabi/bin/../lib/gcc/arm-none-eabi/4.3.2/../../../../arm-none-eabi/lib/libm.a(lib_a-s_isnand.o)
 .bss           0x00402ff8        0x0 /usr/local/xtools/arm-none-eabi/bin/../lib/gcc/arm-none-eabi/4.3.2/../../../../arm-none-eabi/lib/libm.a(lib_a-s_lib_ver.o)
 .bss           0x00402ff8        0x0 /usr/local/xtools/arm-none-eabi/bin/../lib/gcc/arm-none-eabi/4.3.2/../../../../arm-none-eabi/lib/libm.a(lib_a-s_matherr.o)
 .bss           0x00402ff8        0x0 /usr/local/xtools/arm-none-eabi/bin/../lib/gcc/arm-none-eabi/4.3.2/libgcc.a(_udivsi3.o)
 .bss           0x00402ff8        0x0 /usr/local/xtools/arm-none-eabi/bin/../lib/gcc/arm-none-eabi/4.3.2/libgcc.a(_dvmd_tls.o)
 .bss           0x00402ff8        0x0 /usr/local/xtools/arm-none-eabi/bin/../lib/gcc/arm-none-eabi/4.3.2/libgcc.a(_arm_addsubdf3.o)
 .bss           0x00402ff8        0x0 /usr/local/xtools/arm-none-eabi/bin/../lib/gcc/arm-none-eabi/4.3.2/libgcc.a(_arm_muldivdf3.o)
 .bss           0x00402ff8        0x0 /usr/local/xtools/arm-none-eabi/bin/../lib/gcc/arm-none-eabi/4.3.2/libgcc.a(_arm_cmpdf2.o)
 .bss           0x00402ff8        0x0 /usr/local/xtools/arm-none-eabi/bin/../lib/gcc/arm-none-eabi/4.3.2/libgcc.a(_arm_fixdfsi.o)
 .bss           0x00402ff8        0x0 /usr/local/xtools/arm-none-eabi/bin/../lib/gcc/arm-none-eabi/4.3.2/../../../../arm-none-eabi/lib/libc.a(lib_a-errno.o)
 .bss           0x00402ff8        0x0 /usr/local/xtools/arm-none-eabi/bin/../lib/gcc/arm-none-eabi/4.3.2/../../../../arm-none-eabi/lib/libc.a(lib_a-impure.o)
 .bss           0x00402ff8        0x0 /usr/local/xtools/arm-none-eabi/bin/../lib/gcc/arm-none-eabi/4.3.2/../../../../arm-none-eabi/lib/libc.a(lib_a-strlen.o)
 *(COMMON)
                0x00402ff8                . = ALIGN ((. != 0x0)?0x4:0x1)
                0x00402ff8                _bss_end__ = .
                0x00402ff8                __bss_end__ = .
                0x00402ff8                . = ALIGN (0x4)

.heap           0x00402ff8      0x400
                0x00402ff8                __heap_start__ = .
 *(.heap)
                0x004033f8                . = (. + HEAP_SIZE)
 *fill*         0x00402ff8      0x400 00
                0x004033f8                . = ALIGN (0x4)
                0x004033f8                __heap_end__ = .
                0x004033f8                . = ALIGN (0x4)
                0x004033f8                __end__ = .
                0x004033f8                _end = .
                0x004033f8                PROVIDE (end, .)
                0x004033f8                . = DATA_SEGMENT_END (.)

.stab           0x00000000      0x18c
 *(.stab)
 .stab          0x00000000      0x18c ../src/src.a(start.o)

.stabstr        0x00000000       0x21
 *(.stabstr)
 .stabstr       0x00000000       0x21 ../src/src.a(start.o)

.stab.excl
 *(.stab.excl)

.stab.exclstr
 *(.stab.exclstr)

.stab.index
 *(.stab.index)

.stab.indexstr
 *(.stab.indexstr)

.comment        0x00000000       0xd2
 *(.comment)
 .comment       0x00000000       0x2a obj_redbee-dev/printf.o
 .comment       0x0000002a       0x2a ../lib/libmc1322x.a(printf.o)
 .comment       0x00000054       0x2a ../lib/libmc1322x.a(uart1.o)
 .comment       0x0000007e       0x2a ../src/src.a(default_lowlevel.o)
 .comment       0x000000a8       0x2a ../src/src.a(isr.o)

.debug
 *(.debug)

.line
 *(.line)

.debug_srcinfo
 *(.debug_srcinfo)

.debug_sfnames
 *(.debug_sfnames)

.debug_aranges  0x00000000      0x108
 *(.debug_aranges)
 .debug_aranges
                0x00000000       0x20 obj_redbee-dev/printf.o
 .debug_aranges
                0x00000020       0x50 ../lib/libmc1322x.a(printf.o)
 .debug_aranges
                0x00000070       0x48 ../lib/libmc1322x.a(uart1.o)
 .debug_aranges
                0x000000b8       0x28 ../src/src.a(default_lowlevel.o)
 .debug_aranges
                0x000000e0       0x28 ../src/src.a(isr.o)

.debug_pubnames
                0x00000000      0x180
 *(.debug_pubnames)
 .debug_pubnames
                0x00000000       0x1b obj_redbee-dev/printf.o
 .debug_pubnames
                0x0000001b       0x3f ../lib/libmc1322x.a(printf.o)
 .debug_pubnames
                0x0000005a       0xb6 ../lib/libmc1322x.a(uart1.o)
 .debug_pubnames
                0x00000110       0x37 ../src/src.a(default_lowlevel.o)
 .debug_pubnames
                0x00000147       0x39 ../src/src.a(isr.o)

.debug_info     0x00000000    0x29c0b
 *(.debug_info .gnu.linkonce.wi.*)
 .debug_info    0x00000000     0x8475 obj_redbee-dev/printf.o
 .debug_info    0x00008475     0x884d ../lib/libmc1322x.a(printf.o)
 .debug_info    0x00010cc2     0x8590 ../lib/libmc1322x.a(uart1.o)
 .debug_info    0x00019252     0x84e5 ../src/src.a(default_lowlevel.o)
 .debug_info    0x00021737     0x84d4 ../src/src.a(isr.o)

.debug_abbrev   0x00000000      0x901
 *(.debug_abbrev)
 .debug_abbrev  0x00000000      0x155 obj_redbee-dev/printf.o
 .debug_abbrev  0x00000155      0x2bd ../lib/libmc1322x.a(printf.o)
 .debug_abbrev  0x00000412      0x1aa ../lib/libmc1322x.a(uart1.o)
 .debug_abbrev  0x000005bc      0x19c ../src/src.a(default_lowlevel.o)
 .debug_abbrev  0x00000758      0x1a9 ../src/src.a(isr.o)

.debug_line     0x00000000      0x6f9
 *(.debug_line)
 .debug_line    0x00000000       0xfd obj_redbee-dev/printf.o
 .debug_line    0x000000fd      0x24b ../lib/libmc1322x.a(printf.o)
 .debug_line    0x00000348      0x16f ../lib/libmc1322x.a(uart1.o)
 .debug_line    0x000004b7      0x12b ../src/src.a(default_lowlevel.o)
 .debug_line    0x000005e2      0x117 ../src/src.a(isr.o)

.debug_frame    0x00000000      0x338
 *(.debug_frame)
 .debug_frame   0x00000000       0x2c obj_redbee-dev/printf.o
 .debug_frame   0x0000002c       0xd8 ../lib/libmc1322x.a(printf.o)
 .debug_frame   0x00000104       0xa0 ../lib/libmc1322x.a(uart1.o)
 .debug_frame   0x000001a4       0x40 ../src/src.a(default_lowlevel.o)
 .debug_frame   0x000001e4       0x44 ../src/src.a(isr.o)
 .debug_frame   0x00000228       0x34 /usr/local/xtools/arm-none-eabi/bin/../lib/gcc/arm-none-eabi/4.3.2/../../../../arm-none-eabi/lib/libm.a(lib_a-w_sqrt.o)
 .debug_frame   0x0000025c       0x34 /usr/local/xtools/arm-none-eabi/bin/../lib/gcc/arm-none-eabi/4.3.2/../../../../arm-none-eabi/lib/libm.a(lib_a-e_sqrt.o)
 .debug_frame   0x00000290       0x28 /usr/local/xtools/arm-none-eabi/bin/../lib/gcc/arm-none-eabi/4.3.2/../../../../arm-none-eabi/lib/libm.a(lib_a-s_isnand.o)
 .debug_frame   0x000002b8       0x20 /usr/local/xtools/arm-none-eabi/bin/../lib/gcc/arm-none-eabi/4.3.2/../../../../arm-none-eabi/lib/libm.a(lib_a-s_matherr.o)
 .debug_frame   0x000002d8       0x20 /usr/local/xtools/arm-none-eabi/bin/../lib/gcc/arm-none-eabi/4.3.2/libgcc.a(_udivsi3.o)
 .debug_frame   0x000002f8       0x20 /usr/local/xtools/arm-none-eabi/bin/../lib/gcc/arm-none-eabi/4.3.2/../../../../arm-none-eabi/lib/libc.a(lib_a-errno.o)
 .debug_frame   0x00000318       0x20 /usr/local/xtools/arm-none-eabi/bin/../lib/gcc/arm-none-eabi/4.3.2/../../../../arm-none-eabi/lib/libc.a(lib_a-strlen.o)

.debug_str      0x00000000     0x3643
 *(.debug_str)
 .debug_str     0x00000000     0x33b6 obj_redbee-dev/printf.o
                               0x35ca (size before relaxing)
 .debug_str     0x000033b6       0xe9 ../lib/libmc1322x.a(printf.o)
                               0x36ad (size before relaxing)
 .debug_str     0x0000349f      0x124 ../lib/libmc1322x.a(uart1.o)
                               0x36c7 (size before relaxing)
 .debug_str     0x000035c3       0x3c ../src/src.a(default_lowlevel.o)
                               0x368b (size before relaxing)
 .debug_str     0x000035ff       0x44 ../src/src.a(isr.o)
                               0x367b (size before relaxing)

.debug_loc      0x00000000      0x9cf
 *(.debug_loc)
 .debug_loc     0x00000000       0x1f obj_redbee-dev/printf.o
 .debug_loc     0x0000001f      0x81e ../lib/libmc1322x.a(printf.o)
 .debug_loc     0x0000083d       0xba ../lib/libmc1322x.a(uart1.o)
 .debug_loc     0x000008f7       0xb9 ../src/src.a(default_lowlevel.o)
 .debug_loc     0x000009b0       0x1f ../src/src.a(isr.o)

.debug_macinfo
 *(.debug_macinfo)

.debug_weaknames
 *(.debug_weaknames)

.debug_funcnames
 *(.debug_funcnames)

.debug_typenames
 *(.debug_typenames)

.debug_varnames
 *(.debug_varnames)

.debug_pubtypes
 *(.debug_pubtypes)

.debug_ranges   0x00000000       0xe0
 *(.debug_ranges)
 .debug_ranges  0x00000000       0x18 obj_redbee-dev/printf.o
 .debug_ranges  0x00000018       0x48 ../lib/libmc1322x.a(printf.o)
 .debug_ranges  0x00000060       0x40 ../lib/libmc1322x.a(uart1.o)
 .debug_ranges  0x000000a0       0x20 ../src/src.a(default_lowlevel.o)
 .debug_ranges  0x000000c0       0x20 ../src/src.a(isr.o)

.gnu.attributes
 *(.gnu.attributes)

.note.gnu.arm.ident
 *(.note.gnu.arm.ident)

/DISCARD/
 *(.note.GNU-stack)
 *(.gnu_debuglink)
OUTPUT(printf_redbee-dev.elf elf32-littlearm)

.ARM.attributes
                0x00000000       0x2a
 .ARM.attributes
                0x00000000       0x2a obj_redbee-dev/printf.o
 .ARM.attributes
                0x0000002a       0x2a ../lib/libmc1322x.a(printf.o)
 .ARM.attributes
                0x00000054       0x2a ../lib/libmc1322x.a(uart1.o)
 .ARM.attributes
                0x0000007e       0x2a ../src/src.a(default_lowlevel.o)
 .ARM.attributes
                0x000000a8       0x18 ../src/src.a(start.o)
 .ARM.attributes
                0x000000c0       0x28 ../src/src.a(isr.o)
 .ARM.attributes
                0x000000e8       0x2e /usr/local/xtools/arm-none-eabi/bin/../lib/gcc/arm-none-eabi/4.3.2/../../../../arm-none-eabi/lib/libm.a(lib_a-w_sqrt.o)
 .ARM.attributes
                0x00000116       0x2e /usr/local/xtools/arm-none-eabi/bin/../lib/gcc/arm-none-eabi/4.3.2/../../../../arm-none-eabi/lib/libm.a(lib_a-e_sqrt.o)
 .ARM.attributes
                0x00000144       0x2e /usr/local/xtools/arm-none-eabi/bin/../lib/gcc/arm-none-eabi/4.3.2/../../../../arm-none-eabi/lib/libm.a(lib_a-s_isnand.o)
 .ARM.attributes
                0x00000172       0x2c /usr/local/xtools/arm-none-eabi/bin/../lib/gcc/arm-none-eabi/4.3.2/../../../../arm-none-eabi/lib/libm.a(lib_a-s_lib_ver.o)
 .ARM.attributes
                0x0000019e       0x2e /usr/local/xtools/arm-none-eabi/bin/../lib/gcc/arm-none-eabi/4.3.2/../../../../arm-none-eabi/lib/libm.a(lib_a-s_matherr.o)
 .ARM.attributes
                0x000001cc       0x14 /usr/local/xtools/arm-none-eabi/bin/../lib/gcc/arm-none-eabi/4.3.2/libgcc.a(_udivsi3.o)
 .ARM.attributes
                0x000001e0       0x14 /usr/local/xtools/arm-none-eabi/bin/../lib/gcc/arm-none-eabi/4.3.2/libgcc.a(_dvmd_tls.o)
 .ARM.attributes
                0x000001f4       0x14 /usr/local/xtools/arm-none-eabi/bin/../lib/gcc/arm-none-eabi/4.3.2/libgcc.a(_arm_addsubdf3.o)
 .ARM.attributes
                0x00000208       0x14 /usr/local/xtools/arm-none-eabi/bin/../lib/gcc/arm-none-eabi/4.3.2/libgcc.a(_arm_muldivdf3.o)
 .ARM.attributes
                0x0000021c       0x14 /usr/local/xtools/arm-none-eabi/bin/../lib/gcc/arm-none-eabi/4.3.2/libgcc.a(_arm_cmpdf2.o)
 .ARM.attributes
                0x00000230       0x14 /usr/local/xtools/arm-none-eabi/bin/../lib/gcc/arm-none-eabi/4.3.2/libgcc.a(_arm_fixdfsi.o)
 .ARM.attributes
                0x00000244       0x2e /usr/local/xtools/arm-none-eabi/bin/../lib/gcc/arm-none-eabi/4.3.2/../../../../arm-none-eabi/lib/libc.a(lib_a-errno.o)
 .ARM.attributes
                0x00000272       0x2c /usr/local/xtools/arm-none-eabi/bin/../lib/gcc/arm-none-eabi/4.3.2/../../../../arm-none-eabi/lib/libc.a(lib_a-impure.o)
 .ARM.attributes
                0x0000029e       0x2e /usr/local/xtools/arm-none-eabi/bin/../lib/gcc/arm-none-eabi/4.3.2/../../../../arm-none-eabi/lib/libc.a(lib_a-strlen.o)
