Archive member included because of file (symbol)

obj_freescale-ncb/board.a(put.o)
                              obj_freescale-ncb/sleep.o (putstr)
../src/src.a(default_lowlevel.o)
                              obj_freescale-ncb/sleep.o (uart1_init)
../src/src.a(start.o)         (_start)
../src/src.a(isr.o)           ../src/src.a(start.o) (irq)
../lib/libmc1322x.a(uart1.o)  ../src/src.a(default_lowlevel.o) (u1_head)

Memory Configuration

Name             Origin             Length             Attributes
ram              0x00400000         0x00018000         xrw
*default*        0x00000000         0xffffffff

Linker script and memory map

START GROUP
LOAD obj_freescale-ncb/sleep.o
LOAD obj_freescale-ncb/board.a
LOAD ../lib/libmc1322x.a
LOAD ../src/src.a
LOAD /usr/local/xtools/arm-none-eabi/bin/../lib/gcc/arm-none-eabi/4.3.2/../../../../arm-none-eabi/lib/libm.a
END GROUP
START GROUP
LOAD /usr/local/xtools/arm-none-eabi/bin/../lib/gcc/arm-none-eabi/4.3.2/libgcc.a
LOAD /usr/local/xtools/arm-none-eabi/bin/../lib/gcc/arm-none-eabi/4.3.2/../../../../arm-none-eabi/lib/libc.a
END GROUP
                0x00000400                SYS_STACK_SIZE = 0x400
                0x00000100                IRQ_STACK_SIZE = 0x100
                0x00000100                FIQ_STACK_SIZE = 0x100
                0x00000100                SVC_STACK_SIZE = 0x100
                0x00000010                ABT_STACK_SIZE = 0x10
                0x00000010                UND_STACK_SIZE = 0x10
                0x00000400                HEAP_SIZE = 0x400
                0x00400000                PROVIDE (__executable_start, 0x400000)
                0x00400000                . = 0x400000

.text           0x00400000      0xe6c
 *(.start)
 .start         0x00400000      0x800 ../src/src.a(start.o)
                0x00400090                _bss_start
                0x00400094                _bss_end
                0x00400000                _start
 *(.irq)
 .irq           0x00400800      0x1dc ../src/src.a(isr.o)
                0x00400800                irq
 *(.text .stub .text.* .gnu.linkonce.t.*)
 .text          0x004009dc        0x0 obj_freescale-ncb/sleep.o
 .text.main     0x004009dc      0x1b8 obj_freescale-ncb/sleep.o
                0x004009e4                .real_start_ofmain
                0x004009dc                main
 .text          0x00400b94        0x0 obj_freescale-ncb/board.a(put.o)
 .text.putchr   0x00400b94       0x24 obj_freescale-ncb/board.a(put.o)
                0x00400b9c                .real_start_ofputchr
                0x00400b94                putchr
 .text.putstr   0x00400bb8       0x30 obj_freescale-ncb/board.a(put.o)
                0x00400bc0                .real_start_ofputstr
                0x00400bb8                putstr
 .text.put_hex  0x00400be8       0x34 obj_freescale-ncb/board.a(put.o)
                0x00400bf0                .real_start_ofput_hex
                0x00400be8                put_hex
 .text.put_hex16
                0x00400c1c       0x2c obj_freescale-ncb/board.a(put.o)
                0x00400c1c                put_hex16
                0x00400c24                .real_start_ofput_hex16
 .text.put_hex32
                0x00400c48       0x3c obj_freescale-ncb/board.a(put.o)
                0x00400c50                .real_start_ofput_hex32
                0x00400c48                put_hex32
 .text          0x00400c84        0x0 ../src/src.a(default_lowlevel.o)
 .text.default_vreg_init
                0x00400c84       0x4c ../src/src.a(default_lowlevel.o)
                0x00400c8c                .real_start_ofdefault_vreg_init
                0x00400c84                default_vreg_init
 .text.uart1_init
                0x00400cd0       0x98 ../src/src.a(default_lowlevel.o)
                0x00400cd0                uart1_init
                0x00400cd8                .real_start_ofuart1_init
 .text          0x00400d68        0x0 ../src/src.a(start.o)
 .text          0x00400d68        0x0 ../src/src.a(isr.o)
 .text.irq_register_timer_handler
                0x00400d68       0x10 ../src/src.a(isr.o)
                0x00400d68                irq_register_timer_handler
 .text          0x00400d78        0x0 ../lib/libmc1322x.a(uart1.o)
 .text.uart1_isr
                0x00400d78       0x54 ../lib/libmc1322x.a(uart1.o)
                0x00400d78                uart1_isr
                0x00400d80                .real_start_ofuart1_isr
 .text.uart1_putc
                0x00400dcc       0x78 ../lib/libmc1322x.a(uart1.o)
                0x00400dd4                .real_start_ofuart1_putc
                0x00400dcc                uart1_putc
 .text.uart1_getc
                0x00400e44       0x28 ../lib/libmc1322x.a(uart1.o)
                0x00400e44                uart1_getc
                0x00400e4c                .real_start_ofuart1_getc
 *(.gnu.warning)
 *(.glue_7t)
 .glue_7t       0x00400e6c        0x0 obj_freescale-ncb/sleep.o
 .glue_7t       0x00400e6c        0x0 obj_freescale-ncb/board.a(put.o)
 .glue_7t       0x00400e6c        0x0 ../src/src.a(default_lowlevel.o)
 .glue_7t       0x00400e6c        0x0 ../src/src.a(start.o)
 .glue_7t       0x00400e6c        0x0 ../src/src.a(isr.o)
 .glue_7t       0x00400e6c        0x0 ../lib/libmc1322x.a(uart1.o)
 *(.glue_7)
 .glue_7        0x00400e6c        0x0 obj_freescale-ncb/sleep.o
 .glue_7        0x00400e6c        0x0 obj_freescale-ncb/board.a(put.o)
 .glue_7        0x00400e6c        0x0 ../src/src.a(default_lowlevel.o)
 .glue_7        0x00400e6c        0x0 ../src/src.a(start.o)
 .glue_7        0x00400e6c        0x0 ../src/src.a(isr.o)
 .glue_7        0x00400e6c        0x0 ../lib/libmc1322x.a(uart1.o)
 *(.vfp11_veneer)
 .vfp11_veneer  0x00400e6c        0x0 obj_freescale-ncb/sleep.o
 .vfp11_veneer  0x00400e6c        0x0 obj_freescale-ncb/board.a(put.o)
 .vfp11_veneer  0x00400e6c        0x0 ../src/src.a(default_lowlevel.o)
 .vfp11_veneer  0x00400e6c        0x0 ../src/src.a(start.o)
 .vfp11_veneer  0x00400e6c        0x0 ../src/src.a(isr.o)
 .vfp11_veneer  0x00400e6c        0x0 ../lib/libmc1322x.a(uart1.o)
 *(.v4_bx)
 .v4_bx         0x00400e6c        0x0 obj_freescale-ncb/sleep.o
 .v4_bx         0x00400e6c        0x0 obj_freescale-ncb/board.a(put.o)
 .v4_bx         0x00400e6c        0x0 ../src/src.a(default_lowlevel.o)
 .v4_bx         0x00400e6c        0x0 ../src/src.a(start.o)
 .v4_bx         0x00400e6c        0x0 ../src/src.a(isr.o)
 .v4_bx         0x00400e6c        0x0 ../lib/libmc1322x.a(uart1.o)

.janus_2cc_veneer
                0x00400e6c        0x0
 .janus_2cc_veneer
                0x00400e6c        0x0 obj_freescale-ncb/sleep.o
 .janus_2cc_veneer
                0x00400e6c        0x0 obj_freescale-ncb/board.a(put.o)
 .janus_2cc_veneer
                0x00400e6c        0x0 ../src/src.a(default_lowlevel.o)
 .janus_2cc_veneer
                0x00400e6c        0x0 ../src/src.a(start.o)
 .janus_2cc_veneer
                0x00400e6c        0x0 ../src/src.a(isr.o)
 .janus_2cc_veneer
                0x00400e6c        0x0 ../lib/libmc1322x.a(uart1.o)

.interp
 *(.interp)

.note.gnu.build-id
 *(.note.gnu.build-id)

.hash
 *(.hash)

.gnu.hash
 *(.gnu.hash)

.dynsym
 *(.dynsym)

.dynstr
 *(.dynstr)

.gnu.version
 *(.gnu.version)

.gnu.version_d
 *(.gnu.version_d)

.gnu.version_r
 *(.gnu.version_r)

.rel.dyn
 *(.rel.init)
 *(.rel.text .rel.text.* .rel.gnu.linkonce.t.*)
 *(.rel.fini)
 *(.rel.rodata .rel.rodata.* .rel.gnu.linkonce.r.*)
 *(.rel.data.rel.ro* .rel.gnu.linkonce.d.rel.ro.*)
 *(.rel.data .rel.data.* .rel.gnu.linkonce.d.*)
 *(.rel.tdata .rel.tdata.* .rel.gnu.linkonce.td.*)
 *(.rel.tbss .rel.tbss.* .rel.gnu.linkonce.tb.*)
 *(.rel.ctors)
 *(.rel.dtors)
 *(.rel.got)
 *(.rel.bss .rel.bss.* .rel.gnu.linkonce.b.*)

.rela.dyn
 *(.rela.init)
 *(.rela.text .rela.text.* .rela.gnu.linkonce.t.*)
 *(.rela.fini)
 *(.rela.rodata .rela.rodata.* .rela.gnu.linkonce.r.*)
 *(.rela.data .rela.data.* .rela.gnu.linkonce.d.*)
 *(.rela.tdata .rela.tdata.* .rela.gnu.linkonce.td.*)
 *(.rela.tbss .rela.tbss.* .rela.gnu.linkonce.tb.*)
 *(.rela.ctors)
 *(.rela.dtors)
 *(.rela.got)
 *(.rela.bss .rela.bss.* .rela.gnu.linkonce.b.*)

.rel.plt
 *(.rel.plt)

.rela.plt
 *(.rela.plt)

.init
 *(.init)

.plt
 *(.plt)

.fini
 *(.fini)
                0x00400e6c                PROVIDE (__etext, .)
                0x00400e6c                PROVIDE (_etext, .)
                0x00400e6c                PROVIDE (etext, .)

.rodata         0x00400e6c       0x5b
 *(.rodata .rodata.* .gnu.linkonce.r.*)
 .rodata.str1.1
                0x00400e6c       0x4b obj_freescale-ncb/sleep.o
 .rodata        0x00400eb7       0x10 obj_freescale-ncb/board.a(put.o)
                0x00400eb7                hex

.rodata1
 *(.rodata1)

.eh_frame_hdr
 *(.eh_frame_hdr)

.eh_frame
 *(.eh_frame)

.gcc_except_table
 *(.gcc_except_table .gcc_except_table.*)
                0x00400ec8                . = ALIGN (0x4)
                0x00400ec8                . = (0x4 DATA_SEGMENT_ALIGN 0x4)

.eh_frame
 *(.eh_frame)

.gcc_except_table
 *(.gcc_except_table .gcc_except_table.*)

.tdata
 *(.tdata .tdata.* .gnu.linkonce.td.*)

.tbss
 *(.tbss .tbss.* .gnu.linkonce.tb.*)
 *(.tcommon)

.preinit_array  0x00400ec8        0x0
                0x00400ec8                PROVIDE (__preinit_array_start, .)
 *(.preinit_array)
                0x00400ec8                PROVIDE (__preinit_array_end, .)

.init_array     0x00400ec8        0x0
                0x00400ec8                PROVIDE (__init_array_start, .)
 *(SORT(.init_array.*))
 *(.init_array)
                0x00400ec8                PROVIDE (__init_array_end, .)

.fini_array     0x00400ec8        0x0
                0x00400ec8                PROVIDE (__fini_array_start, .)
 *(.fini_array)
 *(SORT(.fini_array.*))
                0x00400ec8                PROVIDE (__fini_array_end, .)

.ctors
 *crtbegin.o(.ctors)
 *crtbegin?.o(.ctors)
 *(EXCLUDE_FILE(*crtend?.o *crtend.o) .ctors)
 *(SORT(.ctors.*))
 *(.ctors)

.dtors
 *crtbegin.o(.dtors)
 *crtbegin?.o(.dtors)
 *(EXCLUDE_FILE(*crtend?.o *crtend.o) .dtors)
 *(SORT(.dtors.*))
 *(.dtors)

.jcr
 *(.jcr)

.data.rel.ro
 *(.data.rel.ro.local* .gnu.linkonce.d.rel.ro.local.*)
 *(.data.rel.ro* .gnu.linkonce.d.rel.ro.*)

.dynamic
 *(.dynamic)
                0x00400ec8                . = (. DATA_SEGMENT_RELRO_END 0x0)

.got
 *(.got.plt)
 *(.got)

.data           0x00400ec8       0x10
                0x00400ec8                __data_start = .
 *(.data .data.* .gnu.linkonce.d.*)
 .data          0x00400ec8        0x0 obj_freescale-ncb/sleep.o
 .data          0x00400ec8        0x0 obj_freescale-ncb/board.a(put.o)
 .data          0x00400ec8        0x0 ../src/src.a(default_lowlevel.o)
 .data          0x00400ec8        0x0 ../src/src.a(start.o)
 .data          0x00400ec8       0x10 ../src/src.a(isr.o)
 .data          0x00400ed8        0x0 ../lib/libmc1322x.a(uart1.o)

.data1
 *(.data1)
                0x00400ed8                _edata = .
                0x00400ed8                PROVIDE (edata, .)

.stack          0x00400ed8      0x720
                0x00400ed8                __stack_start__ = .
                0x00400fd8                . = (. + IRQ_STACK_SIZE)
 *fill*         0x00400ed8      0x100 00
                0x00400fd8                . = ALIGN (0x4)
                0x00400fd8                __irq_stack_top__ = .
                0x004010d8                . = (. + FIQ_STACK_SIZE)
 *fill*         0x00400fd8      0x100 00
                0x004010d8                . = ALIGN (0x4)
                0x004010d8                __fiq_stack_top__ = .
                0x004011d8                . = (. + SVC_STACK_SIZE)
 *fill*         0x004010d8      0x100 00
                0x004011d8                . = ALIGN (0x4)
                0x004011d8                __svc_stack_top__ = .
                0x004011e8                . = (. + ABT_STACK_SIZE)
 *fill*         0x004011d8       0x10 00
                0x004011e8                . = ALIGN (0x4)
                0x004011e8                __abt_stack_top__ = .
                0x004011f8                . = (. + UND_STACK_SIZE)
 *fill*         0x004011e8       0x10 00
                0x004011f8                . = ALIGN (0x4)
                0x004011f8                __und_stack_top__ = .
                0x004015f8                . = (. + SYS_STACK_SIZE)
 *fill*         0x004011f8      0x400 00
                0x004015f8                . = ALIGN (0x4)
                0x004015f8                __sys_stack_top__ = .
                0x004015f8                __stack_end__ = .
                0x004015f8                __bss_start = .
                0x004015f8                __bss_start__ = .

.bss            0x004015f8       0x48
 *(.dynbss)
 *(.bss .bss.* .gnu.linkonce.b.*)
 .bss           0x004015f8        0x0 obj_freescale-ncb/sleep.o
 .bss           0x004015f8        0x0 obj_freescale-ncb/board.a(put.o)
 .bss           0x004015f8        0x0 ../src/src.a(default_lowlevel.o)
 .bss           0x004015f8        0x0 ../src/src.a(start.o)
 .bss           0x004015f8        0x0 ../src/src.a(isr.o)
 .bss           0x004015f8       0x48 ../lib/libmc1322x.a(uart1.o)
                0x00401600                u1_tx_buf
                0x004015fc                u1_tail
                0x004015f8                u1_head
 *(COMMON)
                0x00401640                . = ALIGN ((. != 0x0)?0x4:0x1)
                0x00401640                _bss_end__ = .
                0x00401640                __bss_end__ = .
                0x00401640                . = ALIGN (0x4)

.heap           0x00401640      0x400
                0x00401640                __heap_start__ = .
 *(.heap)
                0x00401a40                . = (. + HEAP_SIZE)
 *fill*         0x00401640      0x400 00
                0x00401a40                . = ALIGN (0x4)
                0x00401a40                __heap_end__ = .
                0x00401a40                . = ALIGN (0x4)
                0x00401a40                __end__ = .
                0x00401a40                _end = .
                0x00401a40                PROVIDE (end, .)
                0x00401a40                . = DATA_SEGMENT_END (.)

.stab           0x00000000      0x18c
 *(.stab)
 .stab          0x00000000      0x18c ../src/src.a(start.o)

.stabstr        0x00000000       0x21
 *(.stabstr)
 .stabstr       0x00000000       0x21 ../src/src.a(start.o)

.stab.excl
 *(.stab.excl)

.stab.exclstr
 *(.stab.exclstr)

.stab.index
 *(.stab.index)

.stab.indexstr
 *(.stab.indexstr)

.comment        0x00000000       0xd2
 *(.comment)
 .comment       0x00000000       0x2a obj_freescale-ncb/sleep.o
 .comment       0x0000002a       0x2a obj_freescale-ncb/board.a(put.o)
 .comment       0x00000054       0x2a ../src/src.a(default_lowlevel.o)
 .comment       0x0000007e       0x2a ../src/src.a(isr.o)
 .comment       0x000000a8       0x2a ../lib/libmc1322x.a(uart1.o)

.debug
 *(.debug)

.line
 *(.line)

.debug_srcinfo
 *(.debug_srcinfo)

.debug_sfnames
 *(.debug_sfnames)

.debug_aranges  0x00000000       0xe0
 *(.debug_aranges)
 .debug_aranges
                0x00000000       0x20 obj_freescale-ncb/sleep.o
 .debug_aranges
                0x00000020       0x40 obj_freescale-ncb/board.a(put.o)
 .debug_aranges
                0x00000060       0x28 ../src/src.a(default_lowlevel.o)
 .debug_aranges
                0x00000088       0x28 ../src/src.a(isr.o)
 .debug_aranges
                0x000000b0       0x30 ../lib/libmc1322x.a(uart1.o)

.debug_pubnames
                0x00000000      0x147
 *(.debug_pubnames)
 .debug_pubnames
                0x00000000       0x1b obj_freescale-ncb/sleep.o
 .debug_pubnames
                0x0000001b       0x58 obj_freescale-ncb/board.a(put.o)
 .debug_pubnames
                0x00000073       0x37 ../src/src.a(default_lowlevel.o)
 .debug_pubnames
                0x000000aa       0x39 ../src/src.a(isr.o)
 .debug_pubnames
                0x000000e3       0x64 ../lib/libmc1322x.a(uart1.o)

.debug_info     0x00000000    0x297e8
 *(.debug_info .gnu.linkonce.wi.*)
 .debug_info    0x00000000     0x842a obj_freescale-ncb/sleep.o
 .debug_info    0x0000842a     0x8503 obj_freescale-ncb/board.a(put.o)
 .debug_info    0x0001092d     0x84e5 ../src/src.a(default_lowlevel.o)
 .debug_info    0x00018e12     0x84d4 ../src/src.a(isr.o)
 .debug_info    0x000212e6     0x8502 ../lib/libmc1322x.a(uart1.o)

.debug_abbrev   0x00000000      0x7b9
 *(.debug_abbrev)
 .debug_abbrev  0x00000000      0x155 obj_freescale-ncb/sleep.o
 .debug_abbrev  0x00000155      0x175 obj_freescale-ncb/board.a(put.o)
 .debug_abbrev  0x000002ca      0x19c ../src/src.a(default_lowlevel.o)
 .debug_abbrev  0x00000466      0x1a9 ../src/src.a(isr.o)
 .debug_abbrev  0x0000060f      0x1aa ../lib/libmc1322x.a(uart1.o)

.debug_line     0x00000000      0x5c3
 *(.debug_line)
 .debug_line    0x00000000      0x11c obj_freescale-ncb/sleep.o
 .debug_line    0x0000011c      0x140 obj_freescale-ncb/board.a(put.o)
 .debug_line    0x0000025c      0x12b ../src/src.a(default_lowlevel.o)
 .debug_line    0x00000387      0x117 ../src/src.a(isr.o)
 .debug_line    0x0000049e      0x125 ../lib/libmc1322x.a(uart1.o)

.debug_frame    0x00000000      0x1a0
 *(.debug_frame)
 .debug_frame   0x00000000       0x30 obj_freescale-ncb/sleep.o
 .debug_frame   0x00000030       0x94 obj_freescale-ncb/board.a(put.o)
 .debug_frame   0x000000c4       0x40 ../src/src.a(default_lowlevel.o)
 .debug_frame   0x00000104       0x44 ../src/src.a(isr.o)
 .debug_frame   0x00000148       0x58 ../lib/libmc1322x.a(uart1.o)

.debug_str      0x00000000     0x3535
 *(.debug_str)
 .debug_str     0x00000000     0x339b obj_freescale-ncb/sleep.o
                               0x359a (size before relaxing)
 .debug_str     0x0000339b       0x38 obj_freescale-ncb/board.a(put.o)
                               0x35ca (size before relaxing)
 .debug_str     0x000033d3       0xe5 ../src/src.a(default_lowlevel.o)
                               0x367a (size before relaxing)
 .debug_str     0x000034b8       0x44 ../src/src.a(isr.o)
                               0x366a (size before relaxing)
 .debug_str     0x000034fc       0x39 ../lib/libmc1322x.a(uart1.o)
                               0x367c (size before relaxing)

.debug_loc      0x00000000      0x2d9
 *(.debug_loc)
 .debug_loc     0x00000000       0x91 obj_freescale-ncb/sleep.o
 .debug_loc     0x00000091      0x113 obj_freescale-ncb/board.a(put.o)
 .debug_loc     0x000001a4       0xb9 ../src/src.a(default_lowlevel.o)
 .debug_loc     0x0000025d       0x1f ../src/src.a(isr.o)
 .debug_loc     0x0000027c       0x5d ../lib/libmc1322x.a(uart1.o)

.debug_macinfo
 *(.debug_macinfo)

.debug_weaknames
 *(.debug_weaknames)

.debug_funcnames
 *(.debug_funcnames)

.debug_typenames
 *(.debug_typenames)

.debug_varnames
 *(.debug_varnames)

.debug_pubtypes
 *(.debug_pubtypes)

.debug_ranges   0x00000000       0xb8
 *(.debug_ranges)
 .debug_ranges  0x00000000       0x18 obj_freescale-ncb/sleep.o
 .debug_ranges  0x00000018       0x38 obj_freescale-ncb/board.a(put.o)
 .debug_ranges  0x00000050       0x20 ../src/src.a(default_lowlevel.o)
 .debug_ranges  0x00000070       0x20 ../src/src.a(isr.o)
 .debug_ranges  0x00000090       0x28 ../lib/libmc1322x.a(uart1.o)

.gnu.attributes
 *(.gnu.attributes)

.note.gnu.arm.ident
 *(.note.gnu.arm.ident)

/DISCARD/
 *(.note.GNU-stack)
 *(.gnu_debuglink)
OUTPUT(sleep_freescale-ncb.elf elf32-littlearm)

.ARM.attributes
                0x00000000       0x2a
 .ARM.attributes
                0x00000000       0x2a obj_freescale-ncb/sleep.o
 .ARM.attributes
                0x0000002a       0x2a obj_freescale-ncb/board.a(put.o)
 .ARM.attributes
                0x00000054       0x2a ../src/src.a(default_lowlevel.o)
 .ARM.attributes
                0x0000007e       0x18 ../src/src.a(start.o)
 .ARM.attributes
                0x00000096       0x28 ../src/src.a(isr.o)
 .ARM.attributes
                0x000000be       0x2a ../lib/libmc1322x.a(uart1.o)
