Archive member included because of file (symbol)

../lib/libmc1322x.a(gpio.o)   obj_redbee-dev/tmr-ints.o (gpio_data_set)
../src/src.a(start.o)         (_start)
../src/src.a(isr.o)           ../src/src.a(start.o) (irq)

Memory Configuration

Name             Origin             Length             Attributes
ram              0x00400000         0x00018000         xrw
*default*        0x00000000         0xffffffff

Linker script and memory map

START GROUP
LOAD obj_redbee-dev/tmr-ints.o
LOAD obj_redbee-dev/board.a
LOAD ../lib/libmc1322x.a
LOAD ../src/src.a
LOAD /usr/local/xtools/arm-none-eabi/bin/../lib/gcc/arm-none-eabi/4.3.2/../../../../arm-none-eabi/lib/libm.a
END GROUP
START GROUP
LOAD /usr/local/xtools/arm-none-eabi/bin/../lib/gcc/arm-none-eabi/4.3.2/libgcc.a
LOAD /usr/local/xtools/arm-none-eabi/bin/../lib/gcc/arm-none-eabi/4.3.2/../../../../arm-none-eabi/lib/libc.a
END GROUP
                0x00000400                SYS_STACK_SIZE = 0x400
                0x00000100                IRQ_STACK_SIZE = 0x100
                0x00000100                FIQ_STACK_SIZE = 0x100
                0x00000100                SVC_STACK_SIZE = 0x100
                0x00000010                ABT_STACK_SIZE = 0x10
                0x00000010                UND_STACK_SIZE = 0x10
                0x00000400                HEAP_SIZE = 0x400
                0x00400000                PROVIDE (__executable_start, 0x400000)
                0x00400000                . = 0x400000

.text           0x00400000      0xcd0
 *(.start)
 .start         0x00400000      0x800 ../src/src.a(start.o)
                0x00400090                _bss_start
                0x00400094                _bss_end
                0x00400000                _start
 *(.irq)
 .irq           0x00400800      0x1dc ../src/src.a(isr.o)
                0x00400800                irq
 *(.text .stub .text.* .gnu.linkonce.t.*)
 .text          0x004009dc        0x0 obj_redbee-dev/tmr-ints.o
 *fill*         0x004009dc        0x4 00000000
 .text.main     0x004009e0       0xa0 obj_redbee-dev/tmr-ints.o
                0x004009e8                .real_start_ofmain
                0x004009e0                main
 .text.toggle_led
                0x00400a80       0x50 obj_redbee-dev/tmr-ints.o
                0x00400a80                toggle_led
                0x00400a88                .real_start_oftoggle_led
 .text.tmr0_isr
                0x00400ad0       0x30 obj_redbee-dev/tmr-ints.o
                0x00400ad8                .real_start_oftmr0_isr
                0x00400ad0                tmr0_isr
 .text          0x00400b00        0x0 ../lib/libmc1322x.a(gpio.o)
 .text.gpio_pad_dir
                0x00400b00       0x2c ../lib/libmc1322x.a(gpio.o)
                0x00400b00                gpio_pad_dir
                0x00400b08                .real_start_ofgpio_pad_dir
 .text.gpio_data
                0x00400b2c       0x2c ../lib/libmc1322x.a(gpio.o)
                0x00400b34                .real_start_ofgpio_data
                0x00400b2c                gpio_data
 .text.gpio_data_get
                0x00400b58       0x34 ../lib/libmc1322x.a(gpio.o)
                0x00400b58                gpio_data_get
                0x00400b60                .real_start_ofgpio_data_get
 .text.gpio_pad_pu_en
                0x00400b8c       0x2c ../lib/libmc1322x.a(gpio.o)
                0x00400b8c                gpio_pad_pu_en
                0x00400b94                .real_start_ofgpio_pad_pu_en
 .text.gpio_data_sel
                0x00400bb8       0x2c ../lib/libmc1322x.a(gpio.o)
                0x00400bc0                .real_start_ofgpio_data_sel
                0x00400bb8                gpio_data_sel
 .text.gpio_pad_pu_sel
                0x00400be4       0x2c ../lib/libmc1322x.a(gpio.o)
                0x00400bec                .real_start_ofgpio_pad_pu_sel
                0x00400be4                gpio_pad_pu_sel
 .text.gpio_data_set
                0x00400c10       0x2c ../lib/libmc1322x.a(gpio.o)
                0x00400c18                .real_start_ofgpio_data_set
                0x00400c10                gpio_data_set
 .text.gpio_data_reset
                0x00400c3c       0x2c ../lib/libmc1322x.a(gpio.o)
                0x00400c3c                gpio_data_reset
                0x00400c44                .real_start_ofgpio_data_reset
 .text.gpio_pad_dir_set
                0x00400c68       0x2c ../lib/libmc1322x.a(gpio.o)
                0x00400c68                gpio_pad_dir_set
                0x00400c70                .real_start_ofgpio_pad_dir_set
 .text.gpio_pad_dir_reset
                0x00400c94       0x2c ../lib/libmc1322x.a(gpio.o)
                0x00400c94                gpio_pad_dir_reset
                0x00400c9c                .real_start_ofgpio_pad_dir_reset
 .text          0x00400cc0        0x0 ../src/src.a(start.o)
 .text          0x00400cc0        0x0 ../src/src.a(isr.o)
 .text.irq_register_timer_handler
                0x00400cc0       0x10 ../src/src.a(isr.o)
                0x00400cc0                irq_register_timer_handler
 *(.gnu.warning)
 *(.glue_7t)
 .glue_7t       0x00400cd0        0x0 obj_redbee-dev/tmr-ints.o
 .glue_7t       0x00400cd0        0x0 ../lib/libmc1322x.a(gpio.o)
 .glue_7t       0x00400cd0        0x0 ../src/src.a(start.o)
 .glue_7t       0x00400cd0        0x0 ../src/src.a(isr.o)
 *(.glue_7)
 .glue_7        0x00400cd0        0x0 obj_redbee-dev/tmr-ints.o
 .glue_7        0x00400cd0        0x0 ../lib/libmc1322x.a(gpio.o)
 .glue_7        0x00400cd0        0x0 ../src/src.a(start.o)
 .glue_7        0x00400cd0        0x0 ../src/src.a(isr.o)
 *(.vfp11_veneer)
 .vfp11_veneer  0x00400cd0        0x0 obj_redbee-dev/tmr-ints.o
 .vfp11_veneer  0x00400cd0        0x0 ../lib/libmc1322x.a(gpio.o)
 .vfp11_veneer  0x00400cd0        0x0 ../src/src.a(start.o)
 .vfp11_veneer  0x00400cd0        0x0 ../src/src.a(isr.o)
 *(.v4_bx)
 .v4_bx         0x00400cd0        0x0 obj_redbee-dev/tmr-ints.o
 .v4_bx         0x00400cd0        0x0 ../lib/libmc1322x.a(gpio.o)
 .v4_bx         0x00400cd0        0x0 ../src/src.a(start.o)
 .v4_bx         0x00400cd0        0x0 ../src/src.a(isr.o)

.janus_2cc_veneer
                0x00400cd0        0x0
 .janus_2cc_veneer
                0x00400cd0        0x0 obj_redbee-dev/tmr-ints.o
 .janus_2cc_veneer
                0x00400cd0        0x0 ../lib/libmc1322x.a(gpio.o)
 .janus_2cc_veneer
                0x00400cd0        0x0 ../src/src.a(start.o)
 .janus_2cc_veneer
                0x00400cd0        0x0 ../src/src.a(isr.o)

.interp
 *(.interp)

.note.gnu.build-id
 *(.note.gnu.build-id)

.hash
 *(.hash)

.gnu.hash
 *(.gnu.hash)

.dynsym
 *(.dynsym)

.dynstr
 *(.dynstr)

.gnu.version
 *(.gnu.version)

.gnu.version_d
 *(.gnu.version_d)

.gnu.version_r
 *(.gnu.version_r)

.rel.dyn
 *(.rel.init)
 *(.rel.text .rel.text.* .rel.gnu.linkonce.t.*)
 *(.rel.fini)
 *(.rel.rodata .rel.rodata.* .rel.gnu.linkonce.r.*)
 *(.rel.data.rel.ro* .rel.gnu.linkonce.d.rel.ro.*)
 *(.rel.data .rel.data.* .rel.gnu.linkonce.d.*)
 *(.rel.tdata .rel.tdata.* .rel.gnu.linkonce.td.*)
 *(.rel.tbss .rel.tbss.* .rel.gnu.linkonce.tb.*)
 *(.rel.ctors)
 *(.rel.dtors)
 *(.rel.got)
 *(.rel.bss .rel.bss.* .rel.gnu.linkonce.b.*)

.rela.dyn
 *(.rela.init)
 *(.rela.text .rela.text.* .rela.gnu.linkonce.t.*)
 *(.rela.fini)
 *(.rela.rodata .rela.rodata.* .rela.gnu.linkonce.r.*)
 *(.rela.data .rela.data.* .rela.gnu.linkonce.d.*)
 *(.rela.tdata .rela.tdata.* .rela.gnu.linkonce.td.*)
 *(.rela.tbss .rela.tbss.* .rela.gnu.linkonce.tb.*)
 *(.rela.ctors)
 *(.rela.dtors)
 *(.rela.got)
 *(.rela.bss .rela.bss.* .rela.gnu.linkonce.b.*)

.rel.plt
 *(.rel.plt)

.rela.plt
 *(.rela.plt)

.init
 *(.init)

.plt
 *(.plt)

.fini
 *(.fini)
                0x00400cd0                PROVIDE (__etext, .)
                0x00400cd0                PROVIDE (_etext, .)
                0x00400cd0                PROVIDE (etext, .)

.rodata
 *(.rodata .rodata.* .gnu.linkonce.r.*)

.rodata1
 *(.rodata1)

.eh_frame_hdr
 *(.eh_frame_hdr)

.eh_frame
 *(.eh_frame)

.gcc_except_table
 *(.gcc_except_table .gcc_except_table.*)
                0x00400cd0                . = ALIGN (0x4)
                0x00400cd0                . = (0x4 DATA_SEGMENT_ALIGN 0x4)

.eh_frame
 *(.eh_frame)

.gcc_except_table
 *(.gcc_except_table .gcc_except_table.*)

.tdata
 *(.tdata .tdata.* .gnu.linkonce.td.*)

.tbss
 *(.tbss .tbss.* .gnu.linkonce.tb.*)
 *(.tcommon)

.preinit_array  0x00400cd0        0x0
                0x00400cd0                PROVIDE (__preinit_array_start, .)
 *(.preinit_array)
                0x00400cd0                PROVIDE (__preinit_array_end, .)

.init_array     0x00400cd0        0x0
                0x00400cd0                PROVIDE (__init_array_start, .)
 *(SORT(.init_array.*))
 *(.init_array)
                0x00400cd0                PROVIDE (__init_array_end, .)

.fini_array     0x00400cd0        0x0
                0x00400cd0                PROVIDE (__fini_array_start, .)
 *(.fini_array)
 *(SORT(.fini_array.*))
                0x00400cd0                PROVIDE (__fini_array_end, .)

.ctors
 *crtbegin.o(.ctors)
 *crtbegin?.o(.ctors)
 *(EXCLUDE_FILE(*crtend?.o *crtend.o) .ctors)
 *(SORT(.ctors.*))
 *(.ctors)

.dtors
 *crtbegin.o(.dtors)
 *crtbegin?.o(.dtors)
 *(EXCLUDE_FILE(*crtend?.o *crtend.o) .dtors)
 *(SORT(.dtors.*))
 *(.dtors)

.jcr
 *(.jcr)

.data.rel.ro
 *(.data.rel.ro.local* .gnu.linkonce.d.rel.ro.local.*)
 *(.data.rel.ro* .gnu.linkonce.d.rel.ro.*)

.dynamic
 *(.dynamic)
                0x00400cd0                . = (. DATA_SEGMENT_RELRO_END 0x0)

.got
 *(.got.plt)
 *(.got)

.data           0x00400cd0       0x10
                0x00400cd0                __data_start = .
 *(.data .data.* .gnu.linkonce.d.*)
 .data          0x00400cd0        0x0 obj_redbee-dev/tmr-ints.o
 .data          0x00400cd0        0x0 ../lib/libmc1322x.a(gpio.o)
 .data          0x00400cd0        0x0 ../src/src.a(start.o)
 .data          0x00400cd0       0x10 ../src/src.a(isr.o)

.data1
 *(.data1)
                0x00400ce0                _edata = .
                0x00400ce0                PROVIDE (edata, .)

.stack          0x00400ce0      0x720
                0x00400ce0                __stack_start__ = .
                0x00400de0                . = (. + IRQ_STACK_SIZE)
 *fill*         0x00400ce0      0x100 00
                0x00400de0                . = ALIGN (0x4)
                0x00400de0                __irq_stack_top__ = .
                0x00400ee0                . = (. + FIQ_STACK_SIZE)
 *fill*         0x00400de0      0x100 00
                0x00400ee0                . = ALIGN (0x4)
                0x00400ee0                __fiq_stack_top__ = .
                0x00400fe0                . = (. + SVC_STACK_SIZE)
 *fill*         0x00400ee0      0x100 00
                0x00400fe0                . = ALIGN (0x4)
                0x00400fe0                __svc_stack_top__ = .
                0x00400ff0                . = (. + ABT_STACK_SIZE)
 *fill*         0x00400fe0       0x10 00
                0x00400ff0                . = ALIGN (0x4)
                0x00400ff0                __abt_stack_top__ = .
                0x00401000                . = (. + UND_STACK_SIZE)
 *fill*         0x00400ff0       0x10 00
                0x00401000                . = ALIGN (0x4)
                0x00401000                __und_stack_top__ = .
                0x00401400                . = (. + SYS_STACK_SIZE)
 *fill*         0x00401000      0x400 00
                0x00401400                . = ALIGN (0x4)
                0x00401400                __sys_stack_top__ = .
                0x00401400                __stack_end__ = .
                0x00401400                __bss_start = .
                0x00401400                __bss_start__ = .

.bss            0x00401400        0x4
 *(.dynbss)
 *(.bss .bss.* .gnu.linkonce.b.*)
 .bss           0x00401400        0x1 obj_redbee-dev/tmr-ints.o
                0x00401400                led
 .bss           0x00401401        0x0 ../lib/libmc1322x.a(gpio.o)
 .bss           0x00401401        0x0 ../src/src.a(start.o)
 .bss           0x00401401        0x0 ../src/src.a(isr.o)
 *(COMMON)
                0x00401404                . = ALIGN ((. != 0x0)?0x4:0x1)
 *fill*         0x00401401        0x3 00
                0x00401404                _bss_end__ = .
                0x00401404                __bss_end__ = .
                0x00401404                . = ALIGN (0x4)

.heap           0x00401404      0x400
                0x00401404                __heap_start__ = .
 *(.heap)
                0x00401804                . = (. + HEAP_SIZE)
 *fill*         0x00401404      0x400 00
                0x00401804                . = ALIGN (0x4)
                0x00401804                __heap_end__ = .
                0x00401804                . = ALIGN (0x4)
                0x00401804                __end__ = .
                0x00401804                _end = .
                0x00401804                PROVIDE (end, .)
                0x00401804                . = DATA_SEGMENT_END (.)

.stab           0x00000000      0x18c
 *(.stab)
 .stab          0x00000000      0x18c ../src/src.a(start.o)

.stabstr        0x00000000       0x21
 *(.stabstr)
 .stabstr       0x00000000       0x21 ../src/src.a(start.o)

.stab.excl
 *(.stab.excl)

.stab.exclstr
 *(.stab.exclstr)

.stab.index
 *(.stab.index)

.stab.indexstr
 *(.stab.indexstr)

.comment        0x00000000       0x7e
 *(.comment)
 .comment       0x00000000       0x2a obj_redbee-dev/tmr-ints.o
 .comment       0x0000002a       0x2a ../lib/libmc1322x.a(gpio.o)
 .comment       0x00000054       0x2a ../src/src.a(isr.o)

.debug
 *(.debug)

.line
 *(.line)

.debug_srcinfo
 *(.debug_srcinfo)

.debug_sfnames
 *(.debug_sfnames)

.debug_aranges  0x00000000       0xc0
 *(.debug_aranges)
 .debug_aranges
                0x00000000       0x30 obj_redbee-dev/tmr-ints.o
 .debug_aranges
                0x00000030       0x68 ../lib/libmc1322x.a(gpio.o)
 .debug_aranges
                0x00000098       0x28 ../src/src.a(isr.o)

.debug_pubnames
                0x00000000      0x146
 *(.debug_pubnames)
 .debug_pubnames
                0x00000000       0x3f obj_redbee-dev/tmr-ints.o
 .debug_pubnames
                0x0000003f       0xce ../lib/libmc1322x.a(gpio.o)
 .debug_pubnames
                0x0000010d       0x39 ../src/src.a(isr.o)

.debug_info     0x00000000    0x18f5e
 *(.debug_info .gnu.linkonce.wi.*)
 .debug_info    0x00000000     0x84b3 obj_redbee-dev/tmr-ints.o
 .debug_info    0x000084b3     0x85d7 ../lib/libmc1322x.a(gpio.o)
 .debug_info    0x00010a8a     0x84d4 ../src/src.a(isr.o)

.debug_abbrev   0x00000000      0x4a0
 *(.debug_abbrev)
 .debug_abbrev  0x00000000      0x16d obj_redbee-dev/tmr-ints.o
 .debug_abbrev  0x0000016d      0x18a ../lib/libmc1322x.a(gpio.o)
 .debug_abbrev  0x000002f7      0x1a9 ../src/src.a(isr.o)

.debug_line     0x00000000      0x3f0
 *(.debug_line)
 .debug_line    0x00000000      0x125 obj_redbee-dev/tmr-ints.o
 .debug_line    0x00000125      0x1b4 ../lib/libmc1322x.a(gpio.o)
 .debug_line    0x000002d9      0x117 ../src/src.a(isr.o)

.debug_frame    0x00000000      0x1c8
 *(.debug_frame)
 .debug_frame   0x00000000       0x5c obj_redbee-dev/tmr-ints.o
 .debug_frame   0x0000005c      0x128 ../lib/libmc1322x.a(gpio.o)
 .debug_frame   0x00000184       0x44 ../src/src.a(isr.o)

.debug_str      0x00000000     0x3559
 *(.debug_str)
 .debug_str     0x00000000     0x3464 obj_redbee-dev/tmr-ints.o
                               0x3663 (size before relaxing)
 .debug_str     0x00003464       0xb1 ../lib/libmc1322x.a(gpio.o)
                               0x3659 (size before relaxing)
 .debug_str     0x00003515       0x44 ../src/src.a(isr.o)
                               0x367b (size before relaxing)

.debug_loc      0x00000000      0x24e
 *(.debug_loc)
 .debug_loc     0x00000000       0x5d obj_redbee-dev/tmr-ints.o
 .debug_loc     0x0000005d      0x1d2 ../lib/libmc1322x.a(gpio.o)
 .debug_loc     0x0000022f       0x1f ../src/src.a(isr.o)

.debug_macinfo
 *(.debug_macinfo)

.debug_weaknames
 *(.debug_weaknames)

.debug_funcnames
 *(.debug_funcnames)

.debug_typenames
 *(.debug_typenames)

.debug_varnames
 *(.debug_varnames)

.debug_pubtypes
 *(.debug_pubtypes)

.debug_ranges   0x00000000       0xa8
 *(.debug_ranges)
 .debug_ranges  0x00000000       0x28 obj_redbee-dev/tmr-ints.o
 .debug_ranges  0x00000028       0x60 ../lib/libmc1322x.a(gpio.o)
 .debug_ranges  0x00000088       0x20 ../src/src.a(isr.o)

.gnu.attributes
 *(.gnu.attributes)

.note.gnu.arm.ident
 *(.note.gnu.arm.ident)

/DISCARD/
 *(.note.GNU-stack)
 *(.gnu_debuglink)
OUTPUT(tmr-ints_redbee-dev.elf elf32-littlearm)

.ARM.attributes
                0x00000000       0x2a
 .ARM.attributes
                0x00000000       0x2a obj_redbee-dev/tmr-ints.o
 .ARM.attributes
                0x0000002a       0x2a ../lib/libmc1322x.a(gpio.o)
 .ARM.attributes
                0x00000054       0x18 ../src/src.a(start.o)
 .ARM.attributes
                0x0000006c       0x28 ../src/src.a(isr.o)
