Archive member included because of file (symbol)

../lib/libmc1322x.a(uart1.o)  obj_redbee-dev/uart1-loopback.o (uart1_putc)
../src/src.a(default_lowlevel.o)
                              obj_redbee-dev/uart1-loopback.o (uart1_init)
../src/src.a(start.o)         (_start)
../src/src.a(isr.o)           ../src/src.a(start.o) (irq)

Memory Configuration

Name             Origin             Length             Attributes
ram              0x00400000         0x00018000         xrw
*default*        0x00000000         0xffffffff

Linker script and memory map

START GROUP
LOAD obj_redbee-dev/uart1-loopback.o
LOAD obj_redbee-dev/board.a
LOAD ../lib/libmc1322x.a
LOAD ../src/src.a
LOAD /usr/local/xtools/arm-none-eabi/bin/../lib/gcc/arm-none-eabi/4.3.2/../../../../arm-none-eabi/lib/libm.a
END GROUP
START GROUP
LOAD /usr/local/xtools/arm-none-eabi/bin/../lib/gcc/arm-none-eabi/4.3.2/libgcc.a
LOAD /usr/local/xtools/arm-none-eabi/bin/../lib/gcc/arm-none-eabi/4.3.2/../../../../arm-none-eabi/lib/libc.a
END GROUP
                0x00000400                SYS_STACK_SIZE = 0x400
                0x00000100                IRQ_STACK_SIZE = 0x100
                0x00000100                FIQ_STACK_SIZE = 0x100
                0x00000100                SVC_STACK_SIZE = 0x100
                0x00000010                ABT_STACK_SIZE = 0x10
                0x00000010                UND_STACK_SIZE = 0x10
                0x00000400                HEAP_SIZE = 0x400
                0x00400000                PROVIDE (__executable_start, 0x400000)
                0x00400000                . = 0x400000

.text           0x00400000      0xd08
 *(.start)
 .start         0x00400000      0x800 ../src/src.a(start.o)
                0x00400090                _bss_start
                0x00400094                _bss_end
                0x00400000                _start
 *(.irq)
 .irq           0x00400800      0x1dc ../src/src.a(isr.o)
                0x00400800                irq
 *(.text .stub .text.* .gnu.linkonce.t.*)
 .text          0x004009dc        0x0 obj_redbee-dev/uart1-loopback.o
 .text.main     0x004009dc       0x48 obj_redbee-dev/uart1-loopback.o
                0x004009e4                .real_start_ofmain
                0x004009dc                main
 .text          0x00400a24        0x0 ../lib/libmc1322x.a(uart1.o)
 .text.uart1_isr
                0x00400a24       0x54 ../lib/libmc1322x.a(uart1.o)
                0x00400a24                uart1_isr
                0x00400a2c                .real_start_ofuart1_isr
 .text.uart1_putc
                0x00400a78       0x78 ../lib/libmc1322x.a(uart1.o)
                0x00400a80                .real_start_ofuart1_putc
                0x00400a78                uart1_putc
 .text.uart1_getc
                0x00400af0       0x28 ../lib/libmc1322x.a(uart1.o)
                0x00400af0                uart1_getc
                0x00400af8                .real_start_ofuart1_getc
 .text.uart2_isr
                0x00400b18       0x58 ../lib/libmc1322x.a(uart1.o)
                0x00400b18                uart2_isr
                0x00400b20                .real_start_ofuart2_isr
 .text.uart2_putc
                0x00400b70       0x7c ../lib/libmc1322x.a(uart1.o)
                0x00400b78                .real_start_ofuart2_putc
                0x00400b70                uart2_putc
 .text.uart2_getc
                0x00400bec       0x28 ../lib/libmc1322x.a(uart1.o)
                0x00400bec                uart2_getc
                0x00400bf4                .real_start_ofuart2_getc
 .text          0x00400c14        0x0 ../src/src.a(default_lowlevel.o)
 .text.default_vreg_init
                0x00400c14       0x4c ../src/src.a(default_lowlevel.o)
                0x00400c1c                .real_start_ofdefault_vreg_init
                0x00400c14                default_vreg_init
 .text.uart1_init
                0x00400c60       0x98 ../src/src.a(default_lowlevel.o)
                0x00400c60                uart1_init
                0x00400c68                .real_start_ofuart1_init
 .text          0x00400cf8        0x0 ../src/src.a(start.o)
 .text          0x00400cf8        0x0 ../src/src.a(isr.o)
 .text.irq_register_timer_handler
                0x00400cf8       0x10 ../src/src.a(isr.o)
                0x00400cf8                irq_register_timer_handler
 *(.gnu.warning)
 *(.glue_7t)
 .glue_7t       0x00400d08        0x0 obj_redbee-dev/uart1-loopback.o
 .glue_7t       0x00400d08        0x0 ../lib/libmc1322x.a(uart1.o)
 .glue_7t       0x00400d08        0x0 ../src/src.a(default_lowlevel.o)
 .glue_7t       0x00400d08        0x0 ../src/src.a(start.o)
 .glue_7t       0x00400d08        0x0 ../src/src.a(isr.o)
 *(.glue_7)
 .glue_7        0x00400d08        0x0 obj_redbee-dev/uart1-loopback.o
 .glue_7        0x00400d08        0x0 ../lib/libmc1322x.a(uart1.o)
 .glue_7        0x00400d08        0x0 ../src/src.a(default_lowlevel.o)
 .glue_7        0x00400d08        0x0 ../src/src.a(start.o)
 .glue_7        0x00400d08        0x0 ../src/src.a(isr.o)
 *(.vfp11_veneer)
 .vfp11_veneer  0x00400d08        0x0 obj_redbee-dev/uart1-loopback.o
 .vfp11_veneer  0x00400d08        0x0 ../lib/libmc1322x.a(uart1.o)
 .vfp11_veneer  0x00400d08        0x0 ../src/src.a(default_lowlevel.o)
 .vfp11_veneer  0x00400d08        0x0 ../src/src.a(start.o)
 .vfp11_veneer  0x00400d08        0x0 ../src/src.a(isr.o)
 *(.v4_bx)
 .v4_bx         0x00400d08        0x0 obj_redbee-dev/uart1-loopback.o
 .v4_bx         0x00400d08        0x0 ../lib/libmc1322x.a(uart1.o)
 .v4_bx         0x00400d08        0x0 ../src/src.a(default_lowlevel.o)
 .v4_bx         0x00400d08        0x0 ../src/src.a(start.o)
 .v4_bx         0x00400d08        0x0 ../src/src.a(isr.o)

.janus_2cc_veneer
                0x00400d08        0x0
 .janus_2cc_veneer
                0x00400d08        0x0 obj_redbee-dev/uart1-loopback.o
 .janus_2cc_veneer
                0x00400d08        0x0 ../lib/libmc1322x.a(uart1.o)
 .janus_2cc_veneer
                0x00400d08        0x0 ../src/src.a(default_lowlevel.o)
 .janus_2cc_veneer
                0x00400d08        0x0 ../src/src.a(start.o)
 .janus_2cc_veneer
                0x00400d08        0x0 ../src/src.a(isr.o)

.interp
 *(.interp)

.note.gnu.build-id
 *(.note.gnu.build-id)

.hash
 *(.hash)

.gnu.hash
 *(.gnu.hash)

.dynsym
 *(.dynsym)

.dynstr
 *(.dynstr)

.gnu.version
 *(.gnu.version)

.gnu.version_d
 *(.gnu.version_d)

.gnu.version_r
 *(.gnu.version_r)

.rel.dyn
 *(.rel.init)
 *(.rel.text .rel.text.* .rel.gnu.linkonce.t.*)
 *(.rel.fini)
 *(.rel.rodata .rel.rodata.* .rel.gnu.linkonce.r.*)
 *(.rel.data.rel.ro* .rel.gnu.linkonce.d.rel.ro.*)
 *(.rel.data .rel.data.* .rel.gnu.linkonce.d.*)
 *(.rel.tdata .rel.tdata.* .rel.gnu.linkonce.td.*)
 *(.rel.tbss .rel.tbss.* .rel.gnu.linkonce.tb.*)
 *(.rel.ctors)
 *(.rel.dtors)
 *(.rel.got)
 *(.rel.bss .rel.bss.* .rel.gnu.linkonce.b.*)

.rela.dyn
 *(.rela.init)
 *(.rela.text .rela.text.* .rela.gnu.linkonce.t.*)
 *(.rela.fini)
 *(.rela.rodata .rela.rodata.* .rela.gnu.linkonce.r.*)
 *(.rela.data .rela.data.* .rela.gnu.linkonce.d.*)
 *(.rela.tdata .rela.tdata.* .rela.gnu.linkonce.td.*)
 *(.rela.tbss .rela.tbss.* .rela.gnu.linkonce.tb.*)
 *(.rela.ctors)
 *(.rela.dtors)
 *(.rela.got)
 *(.rela.bss .rela.bss.* .rela.gnu.linkonce.b.*)

.rel.plt
 *(.rel.plt)

.rela.plt
 *(.rela.plt)

.init
 *(.init)

.plt
 *(.plt)

.fini
 *(.fini)
                0x00400d08                PROVIDE (__etext, .)
                0x00400d08                PROVIDE (_etext, .)
                0x00400d08                PROVIDE (etext, .)

.rodata
 *(.rodata .rodata.* .gnu.linkonce.r.*)

.rodata1
 *(.rodata1)

.eh_frame_hdr
 *(.eh_frame_hdr)

.eh_frame
 *(.eh_frame)

.gcc_except_table
 *(.gcc_except_table .gcc_except_table.*)
                0x00400d08                . = ALIGN (0x4)
                0x00400d08                . = (0x4 DATA_SEGMENT_ALIGN 0x4)

.eh_frame
 *(.eh_frame)

.gcc_except_table
 *(.gcc_except_table .gcc_except_table.*)

.tdata
 *(.tdata .tdata.* .gnu.linkonce.td.*)

.tbss
 *(.tbss .tbss.* .gnu.linkonce.tb.*)
 *(.tcommon)

.preinit_array  0x00400d08        0x0
                0x00400d08                PROVIDE (__preinit_array_start, .)
 *(.preinit_array)
                0x00400d08                PROVIDE (__preinit_array_end, .)

.init_array     0x00400d08        0x0
                0x00400d08                PROVIDE (__init_array_start, .)
 *(SORT(.init_array.*))
 *(.init_array)
                0x00400d08                PROVIDE (__init_array_end, .)

.fini_array     0x00400d08        0x0
                0x00400d08                PROVIDE (__fini_array_start, .)
 *(.fini_array)
 *(SORT(.fini_array.*))
                0x00400d08                PROVIDE (__fini_array_end, .)

.ctors
 *crtbegin.o(.ctors)
 *crtbegin?.o(.ctors)
 *(EXCLUDE_FILE(*crtend?.o *crtend.o) .ctors)
 *(SORT(.ctors.*))
 *(.ctors)

.dtors
 *crtbegin.o(.dtors)
 *crtbegin?.o(.dtors)
 *(EXCLUDE_FILE(*crtend?.o *crtend.o) .dtors)
 *(SORT(.dtors.*))
 *(.dtors)

.jcr
 *(.jcr)

.data.rel.ro
 *(.data.rel.ro.local* .gnu.linkonce.d.rel.ro.local.*)
 *(.data.rel.ro* .gnu.linkonce.d.rel.ro.*)

.dynamic
 *(.dynamic)
                0x00400d08                . = (. DATA_SEGMENT_RELRO_END 0x0)

.got
 *(.got.plt)
 *(.got)

.data           0x00400d08       0x10
                0x00400d08                __data_start = .
 *(.data .data.* .gnu.linkonce.d.*)
 .data          0x00400d08        0x0 obj_redbee-dev/uart1-loopback.o
 .data          0x00400d08        0x0 ../lib/libmc1322x.a(uart1.o)
 .data          0x00400d08        0x0 ../src/src.a(default_lowlevel.o)
 .data          0x00400d08        0x0 ../src/src.a(start.o)
 .data          0x00400d08       0x10 ../src/src.a(isr.o)

.data1
 *(.data1)
                0x00400d18                _edata = .
                0x00400d18                PROVIDE (edata, .)

.stack          0x00400d18      0x720
                0x00400d18                __stack_start__ = .
                0x00400e18                . = (. + IRQ_STACK_SIZE)
 *fill*         0x00400d18      0x100 00
                0x00400e18                . = ALIGN (0x4)
                0x00400e18                __irq_stack_top__ = .
                0x00400f18                . = (. + FIQ_STACK_SIZE)
 *fill*         0x00400e18      0x100 00
                0x00400f18                . = ALIGN (0x4)
                0x00400f18                __fiq_stack_top__ = .
                0x00401018                . = (. + SVC_STACK_SIZE)
 *fill*         0x00400f18      0x100 00
                0x00401018                . = ALIGN (0x4)
                0x00401018                __svc_stack_top__ = .
                0x00401028                . = (. + ABT_STACK_SIZE)
 *fill*         0x00401018       0x10 00
                0x00401028                . = ALIGN (0x4)
                0x00401028                __abt_stack_top__ = .
                0x00401038                . = (. + UND_STACK_SIZE)
 *fill*         0x00401028       0x10 00
                0x00401038                . = ALIGN (0x4)
                0x00401038                __und_stack_top__ = .
                0x00401438                . = (. + SYS_STACK_SIZE)
 *fill*         0x00401038      0x400 00
                0x00401438                . = ALIGN (0x4)
                0x00401438                __sys_stack_top__ = .
                0x00401438                __stack_end__ = .
                0x00401438                __bss_start = .
                0x00401438                __bss_start__ = .

.bss            0x00401438       0x90
 *(.dynbss)
 *(.bss .bss.* .gnu.linkonce.b.*)
 .bss           0x00401438        0x0 obj_redbee-dev/uart1-loopback.o
 .bss           0x00401438       0x90 ../lib/libmc1322x.a(uart1.o)
                0x00401488                u2_tx_buf
                0x00401440                u1_tx_buf
                0x00401480                u2_head
                0x0040143c                u1_tail
                0x00401484                u2_tail
                0x00401438                u1_head
 .bss           0x004014c8        0x0 ../src/src.a(default_lowlevel.o)
 .bss           0x004014c8        0x0 ../src/src.a(start.o)
 .bss           0x004014c8        0x0 ../src/src.a(isr.o)
 *(COMMON)
                0x004014c8                . = ALIGN ((. != 0x0)?0x4:0x1)
                0x004014c8                _bss_end__ = .
                0x004014c8                __bss_end__ = .
                0x004014c8                . = ALIGN (0x4)

.heap           0x004014c8      0x400
                0x004014c8                __heap_start__ = .
 *(.heap)
                0x004018c8                . = (. + HEAP_SIZE)
 *fill*         0x004014c8      0x400 00
                0x004018c8                . = ALIGN (0x4)
                0x004018c8                __heap_end__ = .
                0x004018c8                . = ALIGN (0x4)
                0x004018c8                __end__ = .
                0x004018c8                _end = .
                0x004018c8                PROVIDE (end, .)
                0x004018c8                . = DATA_SEGMENT_END (.)

.stab           0x00000000      0x18c
 *(.stab)
 .stab          0x00000000      0x18c ../src/src.a(start.o)

.stabstr        0x00000000       0x21
 *(.stabstr)
 .stabstr       0x00000000       0x21 ../src/src.a(start.o)

.stab.excl
 *(.stab.excl)

.stab.exclstr
 *(.stab.exclstr)

.stab.index
 *(.stab.index)

.stab.indexstr
 *(.stab.indexstr)

.comment        0x00000000       0xa8
 *(.comment)
 .comment       0x00000000       0x2a obj_redbee-dev/uart1-loopback.o
 .comment       0x0000002a       0x2a ../lib/libmc1322x.a(uart1.o)
 .comment       0x00000054       0x2a ../src/src.a(default_lowlevel.o)
 .comment       0x0000007e       0x2a ../src/src.a(isr.o)

.debug
 *(.debug)

.line
 *(.line)

.debug_srcinfo
 *(.debug_srcinfo)

.debug_sfnames
 *(.debug_sfnames)

.debug_aranges  0x00000000       0xb8
 *(.debug_aranges)
 .debug_aranges
                0x00000000       0x20 obj_redbee-dev/uart1-loopback.o
 .debug_aranges
                0x00000020       0x48 ../lib/libmc1322x.a(uart1.o)
 .debug_aranges
                0x00000068       0x28 ../src/src.a(default_lowlevel.o)
 .debug_aranges
                0x00000090       0x28 ../src/src.a(isr.o)

.debug_pubnames
                0x00000000      0x141
 *(.debug_pubnames)
 .debug_pubnames
                0x00000000       0x1b obj_redbee-dev/uart1-loopback.o
 .debug_pubnames
                0x0000001b       0xb6 ../lib/libmc1322x.a(uart1.o)
 .debug_pubnames
                0x000000d1       0x37 ../src/src.a(default_lowlevel.o)
 .debug_pubnames
                0x00000108       0x39 ../src/src.a(isr.o)

.debug_info     0x00000000    0x21361
 *(.debug_info .gnu.linkonce.wi.*)
 .debug_info    0x00000000     0x8418 obj_redbee-dev/uart1-loopback.o
 .debug_info    0x00008418     0x8590 ../lib/libmc1322x.a(uart1.o)
 .debug_info    0x000109a8     0x84e5 ../src/src.a(default_lowlevel.o)
 .debug_info    0x00018e8d     0x84d4 ../src/src.a(isr.o)

.debug_abbrev   0x00000000      0x633
 *(.debug_abbrev)
 .debug_abbrev  0x00000000      0x144 obj_redbee-dev/uart1-loopback.o
 .debug_abbrev  0x00000144      0x1aa ../lib/libmc1322x.a(uart1.o)
 .debug_abbrev  0x000002ee      0x19c ../src/src.a(default_lowlevel.o)
 .debug_abbrev  0x0000048a      0x1a9 ../src/src.a(isr.o)

.debug_line     0x00000000      0x4a2
 *(.debug_line)
 .debug_line    0x00000000       0xf1 obj_redbee-dev/uart1-loopback.o
 .debug_line    0x000000f1      0x16f ../lib/libmc1322x.a(uart1.o)
 .debug_line    0x00000260      0x12b ../src/src.a(default_lowlevel.o)
 .debug_line    0x0000038b      0x117 ../src/src.a(isr.o)

.debug_frame    0x00000000      0x14c
 *(.debug_frame)
 .debug_frame   0x00000000       0x28 obj_redbee-dev/uart1-loopback.o
 .debug_frame   0x00000028       0xa0 ../lib/libmc1322x.a(uart1.o)
 .debug_frame   0x000000c8       0x40 ../src/src.a(default_lowlevel.o)
 .debug_frame   0x00000108       0x44 ../src/src.a(isr.o)

.debug_str      0x00000000     0x3559
 *(.debug_str)
 .debug_str     0x00000000     0x33b5 obj_redbee-dev/uart1-loopback.o
                               0x35b4 (size before relaxing)
 .debug_str     0x000033b5      0x124 ../lib/libmc1322x.a(uart1.o)
                               0x36c7 (size before relaxing)
 .debug_str     0x000034d9       0x3c ../src/src.a(default_lowlevel.o)
                               0x368b (size before relaxing)
 .debug_str     0x00003515       0x44 ../src/src.a(isr.o)
                               0x367b (size before relaxing)

.debug_loc      0x00000000      0x1b1
 *(.debug_loc)
 .debug_loc     0x00000000       0x1f obj_redbee-dev/uart1-loopback.o
 .debug_loc     0x0000001f       0xba ../lib/libmc1322x.a(uart1.o)
 .debug_loc     0x000000d9       0xb9 ../src/src.a(default_lowlevel.o)
 .debug_loc     0x00000192       0x1f ../src/src.a(isr.o)

.debug_macinfo
 *(.debug_macinfo)

.debug_weaknames
 *(.debug_weaknames)

.debug_funcnames
 *(.debug_funcnames)

.debug_typenames
 *(.debug_typenames)

.debug_varnames
 *(.debug_varnames)

.debug_pubtypes
 *(.debug_pubtypes)

.debug_ranges   0x00000000       0x98
 *(.debug_ranges)
 .debug_ranges  0x00000000       0x18 obj_redbee-dev/uart1-loopback.o
 .debug_ranges  0x00000018       0x40 ../lib/libmc1322x.a(uart1.o)
 .debug_ranges  0x00000058       0x20 ../src/src.a(default_lowlevel.o)
 .debug_ranges  0x00000078       0x20 ../src/src.a(isr.o)

.gnu.attributes
 *(.gnu.attributes)

.note.gnu.arm.ident
 *(.note.gnu.arm.ident)

/DISCARD/
 *(.note.GNU-stack)
 *(.gnu_debuglink)
OUTPUT(uart1-loopback_redbee-dev.elf elf32-littlearm)

.ARM.attributes
                0x00000000       0x2a
 .ARM.attributes
                0x00000000       0x2a obj_redbee-dev/uart1-loopback.o
 .ARM.attributes
                0x0000002a       0x2a ../lib/libmc1322x.a(uart1.o)
 .ARM.attributes
                0x00000054       0x2a ../src/src.a(default_lowlevel.o)
 .ARM.attributes
                0x0000007e       0x18 ../src/src.a(start.o)
 .ARM.attributes
                0x00000096       0x28 ../src/src.a(isr.o)
